Component: ARM Compiler 5.06 update 6 (build 750) Tool: armlink [4d35ed]

==============================================================================

Section Cross References

    main.o(i.main) refers to system_stm32f10x.o(i.SystemInit) for SystemInit
    main.o(i.main) refers to delay.o(i.delay_init) for delay_init
    main.o(i.main) refers to usart.o(i.uart_init) for uart_init
    main.o(i.main) refers to misc.o(i.NVIC_PriorityGroupConfig) for NVIC_PriorityGroupConfig
    main.o(i.main) refers to led.o(i.LED_Init) for LED_Init
    main.o(i.main) refers to sram.o(i.FSMC_SRAM_Init) for FSMC_SRAM_Init
    main.o(i.main) refers to r61509v.o(i.TFT_Init) for TFT_Init
    main.o(i.main) refers to 24l01.o(i.NRF24L01_Init) for NRF24L01_Init
    main.o(i.main) refers to 24l01.o(i.NRF24L01_Check) for NRF24L01_Check
    main.o(i.main) refers to noretval__2printf.o(.text) for __2printf
    main.o(i.main) refers to mem_malloc.o(i.mem_init) for mem_init
    main.o(i.main) refers to mem_malloc.o(i.mem_malloc) for mem_malloc
    main.o(i.main) refers to 24l01.o(i.NRF24L01_TX_Mode) for NRF24L01_TX_Mode
    main.o(i.main) refers to 24l01.o(i.NRF24L01_TxPacket) for NRF24L01_TxPacket
    main.o(i.main) refers to delay.o(i.delay_ms) for delay_ms
    main.o(i.main) refers to 24l01.o(i.NRF24L01_RX_Mode) for NRF24L01_RX_Mode
    main.o(i.main) refers to 24l01.o(i.NRF24L01_RxPacket) for NRF24L01_RxPacket
    main.o(i.main) refers to r61509v.o(i.TFT_SetCursor) for TFT_SetCursor
    main.o(i.main) refers to r61509v.o(i.TFT_WriteRAM_Prepare) for TFT_WriteRAM_Prepare
    stm32f10x_it.o(i.EXTI15_10_IRQHandler) refers to stm32f10x_exti.o(i.EXTI_GetITStatus) for EXTI_GetITStatus
    stm32f10x_it.o(i.EXTI15_10_IRQHandler) refers to stm32f10x_exti.o(i.EXTI_ClearITPendingBit) for EXTI_ClearITPendingBit
    stm32f10x_it.o(i.EXTI15_10_IRQHandler) refers to ov7670.o(.data) for Vsync
    startup_stm32f10x_hd.o(STACK) refers (Special) to heapauxi.o(.text) for __use_two_region_memory
    startup_stm32f10x_hd.o(HEAP) refers (Special) to heapauxi.o(.text) for __use_two_region_memory
    startup_stm32f10x_hd.o(RESET) refers (Special) to heapauxi.o(.text) for __use_two_region_memory
    startup_stm32f10x_hd.o(RESET) refers to startup_stm32f10x_hd.o(STACK) for __initial_sp
    startup_stm32f10x_hd.o(RESET) refers to startup_stm32f10x_hd.o(.text) for Reset_Handler
    startup_stm32f10x_hd.o(RESET) refers to stm32f10x_it.o(i.NMI_Handler) for NMI_Handler
    startup_stm32f10x_hd.o(RESET) refers to stm32f10x_it.o(i.HardFault_Handler) for HardFault_Handler
    startup_stm32f10x_hd.o(RESET) refers to stm32f10x_it.o(i.MemManage_Handler) for MemManage_Handler
    startup_stm32f10x_hd.o(RESET) refers to stm32f10x_it.o(i.BusFault_Handler) for BusFault_Handler
    startup_stm32f10x_hd.o(RESET) refers to stm32f10x_it.o(i.UsageFault_Handler) for UsageFault_Handler
    startup_stm32f10x_hd.o(RESET) refers to stm32f10x_it.o(i.SVC_Handler) for SVC_Handler
    startup_stm32f10x_hd.o(RESET) refers to stm32f10x_it.o(i.DebugMon_Handler) for DebugMon_Handler
    startup_stm32f10x_hd.o(RESET) refers to stm32f10x_it.o(i.SysTick_Handler) for SysTick_Handler
    startup_stm32f10x_hd.o(RESET) refers to rtc.o(i.RTC_IRQHandler) for RTC_IRQHandler
    startup_stm32f10x_hd.o(RESET) refers to stm32f10x_it.o(i.EXTI15_10_IRQHandler) for EXTI15_10_IRQHandler
    startup_stm32f10x_hd.o(RESET) refers to sdio_sd.o(i.SDIO_IRQHandler) for SDIO_IRQHandler
    startup_stm32f10x_hd.o(RESET) refers to timer.o(i.TIM6_IRQHandler) for TIM6_IRQHandler
    startup_stm32f10x_hd.o(.text) refers (Special) to heapauxi.o(.text) for __use_two_region_memory
    startup_stm32f10x_hd.o(.text) refers to system_stm32f10x.o(i.SystemInit) for SystemInit
    startup_stm32f10x_hd.o(.text) refers to __main.o(!!!main) for __main
    startup_stm32f10x_hd.o(.text) refers to startup_stm32f10x_hd.o(HEAP) for Heap_Mem
    startup_stm32f10x_hd.o(.text) refers to startup_stm32f10x_hd.o(STACK) for Stack_Mem
    delay.o(i.delay_init) refers to misc.o(i.SysTick_CLKSourceConfig) for SysTick_CLKSourceConfig
    delay.o(i.delay_init) refers to delay.o(.data) for fac_us
    delay.o(i.delay_ms) refers to delay.o(.data) for fac_ms
    delay.o(i.delay_us) refers to delay.o(.data) for fac_us
    usart.o(i.USART1_printf) refers (Special) to use_no_semi_2.o(.text) for __use_no_semihosting
    usart.o(i.USART1_printf) refers to stm32f10x_usart.o(i.USART_SendData) for USART_SendData
    usart.o(i.USART1_printf) refers to stm32f10x_usart.o(i.USART_GetFlagStatus) for USART_GetFlagStatus
    usart.o(i.USART1_printf) refers to usart.o(i.itoa) for itoa
    usart.o(i._sys_exit) refers (Special) to use_no_semi_2.o(.text) for __use_no_semihosting
    usart.o(i.fputc) refers (Special) to use_no_semi_2.o(.text) for __use_no_semihosting
    usart.o(i.itoa) refers (Special) to use_no_semi_2.o(.text) for __use_no_semihosting
    usart.o(i.uart_init) refers (Special) to use_no_semi_2.o(.text) for __use_no_semihosting
[...]
    Removing ff.o(i.chk_mounted), (920 bytes).
    Removing ff.o(i.clust2sect), (26 bytes).
    Removing ff.o(i.cmp_lfn), (144 bytes).
    Removing ff.o(i.create_chain), (202 bytes).
    Removing ff.o(i.create_name), (624 bytes).
    Removing ff.o(i.dir_find), (222 bytes).
    Removing ff.o(i.dir_next), (280 bytes).
    Removing ff.o(i.dir_read), (190 bytes).
    Removing ff.o(i.dir_register), (396 bytes).
    Removing ff.o(i.dir_remove), (96 bytes).
    Removing ff.o(i.dir_sdi), (156 bytes).
    Removing ff.o(i.f_chmod), (92 bytes).
    Removing ff.o(i.f_close), (22 bytes).
    Removing ff.o(i.f_getfree), (260 bytes).
    Removing ff.o(i.f_lseek), (430 bytes).
    Removing ff.o(i.f_mkdir), (362 bytes).
    Removing ff.o(i.f_mkfs), (1588 bytes).
    Removing ff.o(i.f_mount), (44 bytes).
    Removing ff.o(i.f_open), (358 bytes).
    Removing ff.o(i.f_opendir), (120 bytes).
    Removing ff.o(i.f_read), (458 bytes).
    Removing ff.o(i.f_readdir), (98 bytes).
    Removing ff.o(i.f_rename), (284 bytes).
    Removing ff.o(i.f_stat), (66 bytes).
    Removing ff.o(i.f_sync), (176 bytes).
    Removing ff.o(i.f_truncate), (160 bytes).
    Removing ff.o(i.f_unlink), (176 bytes).
    Removing ff.o(i.f_utime), (94 bytes).
    Removing ff.o(i.f_write), (524 bytes).
    Removing ff.o(i.fit_lfn), (128 bytes).
    Removing ff.o(i.follow_path), (146 bytes).
    Removing ff.o(i.gen_numname), (190 bytes).
    Removing ff.o(i.get_fat), (228 bytes).
    Removing ff.o(i.get_fileinfo), (316 bytes).
    Removing ff.o(i.ld_clust), (32 bytes).
    Removing ff.o(i.mem_cmp), (38 bytes).
    Removing ff.o(i.mem_cpy), (26 bytes).
    Removing ff.o(i.mem_set), (20 bytes).
    Removing ff.o(i.move_window), (114 bytes).
    Removing ff.o(i.pick_lfn), (116 bytes).
    Removing ff.o(i.put_fat), (310 bytes).
    Removing ff.o(i.remove_chain), (104 bytes).
    Removing ff.o(i.st_clust), (16 bytes).
    Removing ff.o(i.sum_sfn), (32 bytes).
    Removing ff.o(i.sync), (202 bytes).
    Removing ff.o(i.validate), (52 bytes).
    Removing ff.o(.constdata), (58 bytes).
    Removing ff.o(.data), (6 bytes).
    Removing mycc936.o(i.ff_convert), (208 bytes).
    Removing mycc936.o(i.ff_wtoupper), (56 bytes).
    Removing mycc936.o(.constdata), (960 bytes).
    Removing mp3player.o(i.MP3_Msg_Show), (436 bytes).
    Removing mp3player.o(i.Play_Music), (144 bytes).
    Removing mp3player.o(i.Play_Song), (424 bytes).
    Removing mp3player.o(.bss), (768 bytes).
    Removing mp3player.o(.data), (14 bytes).
    Removing display_hazi.o(i.Get_HzMat), (156 bytes).
    Removing display_hazi.o(i.Show_Font), (228 bytes).
    Removing display_hazi.o(i.Show_Str), (182 bytes).
    Removing display_hazi.o(i.Show_Str_Mid), (98 bytes).
    Removing display_hazi.o(i.my_stradd), (30 bytes).
    Removing display_hazi.o(i.my_strlen), (20 bytes).
    Removing fontupd.o(i.Font_Init), (136 bytes).
    Removing fontupd.o(i.Updata_Font), (1268 bytes).
    Removing fontupd.o(.bss), (512 bytes).
    Removing fontupd.o(.conststring), (109 bytes).
    Removing fontupd.o(.data), (40 bytes).
    Removing bmp.o(i.AI_Drow_Init), (272 bytes).
    Removing bmp.o(i.BmpDecode), (660 bytes).
    Removing bmp.o(i.Load_BMP_File), (176 bytes).
    Removing bmp.o(.bss), (36 bytes).
    Removing show_picture.o(i.Load_JPG_File), (128 bytes).
    Removing show_picture.o(i.tjd_input), (48 bytes).
    Removing show_picture.o(i.tjd_output), (64 bytes).
    Removing tjpgd.o(i.alloc_pool), (30 bytes).
    Removing tjpgd.o(i.bitext), (144 bytes).
    Removing tjpgd.o(i.block_idct), (680 bytes).
    Removing tjpgd.o(i.create_huffman_tbl), (308 bytes).
    Removing tjpgd.o(i.create_qt_tbl), (116 bytes).
    Removing tjpgd.o(i.huffext), (192 bytes).
    Removing tjpgd.o(i.jd_decomp), (162 bytes).
    Removing tjpgd.o(i.jd_prepare), (924 bytes).
    Removing tjpgd.o(i.mcu_load), (480 bytes).
    Removing tjpgd.o(i.mcu_output), (920 bytes).
    Removing tjpgd.o(i.restart), (112 bytes).
    Removing tjpgd.o(.constdata), (1216 bytes).
    Removing CH375MAI.O(.text), (7788 bytes).
    Removing CH375MAI.O(.data), (97 bytes).
    Removing CH375SEC.O(.text), (1964 bytes).
    Removing CH375DSZ.O(.text), (352 bytes).
    Removing bmp.o(i.IsElementOk), (40 bytes).

745 unused section(s) (total 92628 bytes) removed from the image.

==============================================================================

Image Symbol Table

    Local Symbols

    Symbol Name                              Value     Ov Type        Size  Object(Section)

    ../clib/angel/boardlib.s                 0x00000000   Number         0  boardinit2.o ABSOLUTE
    ../clib/angel/boardlib.s                 0x00000000   Number         0  boardinit3.o ABSOLUTE
    ../clib/angel/boardlib.s                 0x00000000   Number         0  boardshut.o ABSOLUTE
    ../clib/angel/boardlib.s                 0x00000000   Number         0  boardinit1.o ABSOLUTE
    ../clib/angel/handlers.s                 0x00000000   Number         0  __scatter_zi.o ABSOLUTE
    ../clib/angel/handlers.s                 0x00000000   Number         0  __scatter_copy.o ABSOLUTE
    ../clib/angel/kernel.s                   0x00000000   Number         0  __rtentry4.o ABSOLUTE
    ../clib/angel/kernel.s                   0x00000000   Number         0  __rtentry2.o ABSOLUTE
    ../clib/angel/kernel.s                   0x00000000   Number         0  __rtentry.o ABSOLUTE
    ../clib/angel/kernel.s                   0x00000000   Number         0  rtexit2.o ABSOLUTE
    ../clib/angel/kernel.s                   0x00000000   Number         0  rtexit.o ABSOLUTE
    ../clib/angel/rt.s                       0x00000000   Number         0  rt_raise.o ABSOLUTE
    ../clib/angel/rt.s                       0x00000000   Number         0  rt_locale.o ABSOLUTE
    ../clib/angel/rt.s                       0x00000000   Number         0  rt_locale_intlibspace.o ABSOLUTE
    ../clib/angel/scatter.s                  0x00000000   Number         0  __scatter.o ABSOLUTE
    ../clib/angel/startup.s                  0x00000000   Number         0  __main.o ABSOLUTE
    ../clib/angel/sys.s                      0x00000000   Number         0  indicate_semi.o ABSOLUTE
    ../clib/angel/sys.s                      0x00000000   Number         0  libspace.o ABSOLUTE
    ../clib/angel/sys.s                      0x00000000   Number         0  sys_stackheap_outer.o ABSOLUTE
    ../clib/angel/sys.s                      0x00000000   Number         0  use_no_semi_2.o ABSOLUTE
    ../clib/angel/sys.s                      0x00000000   Number         0  use_no_semi.o ABSOLUTE
    ../clib/angel/sysapp.c                   0x00000000   Number         0  sys_command.o ABSOLUTE
    ../clib/angel/sysapp.c                   0x00000000   Number         0  sys_wrch.o ABSOLUTE
    ../clib/armsys.c                         0x00000000   Number         0  argv_veneer.o ABSOLUTE
    ../clib/armsys.c                         0x00000000   Number         0  argv_veneer.o ABSOLUTE
    ../clib/armsys.c                         0x00000000   Number         0  no_argv.o ABSOLUTE
    ../clib/armsys.c                         0x00000000   Number         0  _get_argv_nomalloc.o ABSOLUTE
    ../clib/bigflt.c                         0x00000000   Number         0  bigflt0.o ABSOLUTE
    ../clib/btod.s                           0x00000000   Number         0  btod.o ABSOLUTE
    ../clib/heapalloc.c                      0x00000000   Number         0  hrguard.o ABSOLUTE
    ../clib/heapaux.c                        0x00000000   Number         0  heapauxi.o ABSOLUTE
    ../clib/libinit.s                        0x00000000   Number         0  libinit2.o ABSOLUTE
    ../clib/libinit.s                        0x00000000   Number         0  libshutdown.o ABSOLUTE
    ../clib/libinit.s                        0x00000000   Number         0  libinit.o ABSOLUTE
    ../clib/libinit.s                        0x00000000   Number         0  libshutdown2.o ABSOLUTE
    ../clib/locale.s                         0x00000000   Number         0  lc_numeric_c.o ABSOLUTE
    ../clib/longlong.s                       0x00000000   Number         0  lludiv10.o ABSOLUTE
    ../clib/memcpset.s                       0x00000000   Number         0  strcmpv7m.o ABSOLUTE
    ../clib/printf.c                         0x00000000   Number         0  __printf_flags_ss.o ABSOLUTE
    ../clib/printf.c                         0x00000000   Number         0  noretval__2sprintf.o ABSOLUTE
    ../clib/printf.c                         0x00000000   Number         0  noretval__2printf.o ABSOLUTE
    ../clib/printf.c                         0x00000000   Number         0  __2sprintf.o ABSOLUTE
    ../clib/printf.c                         0x00000000   Number         0  _sputc.o ABSOLUTE
    ../clib/printf.c                         0x00000000   Number         0  __printf_nopercent.o ABSOLUTE
    ../clib/printf.c                         0x00000000   Number         0  _printf_fp_infnan.o ABSOLUTE
    ../clib/printf.c                         0x00000000   Number         0  _printf_char_file.o ABSOLUTE
    ../clib/printf.c                         0x00000000   Number         0  _printf_char.o ABSOLUTE
    ../clib/printf.c                         0x00000000   Number         0  _printf_char_common.o ABSOLUTE
    ../clib/printf.c                         0x00000000   Number         0  __printf_flags_ss_wp.o ABSOLUTE
    ../clib/printf.c                         0x00000000   Number         0  __printf_ss_wp.o ABSOLUTE
    ../clib/printf.c                         0x00000000   Number         0  __printf_flags_wp.o ABSOLUTE
    ../clib/printf.c                         0x00000000   Number         0  __printf_wp.o ABSOLUTE
    ../clib/printf.c                         0x00000000   Number         0  __printf.o ABSOLUTE
    ../clib/printf.c                         0x00000000   Number         0  __printf_ss.o ABSOLUTE
    ../clib/printf.c                         0x00000000   Number         0  __printf_flags.o ABSOLUTE
    ../clib/printf.c                         0x00000000   Number         0  _printf_hex_int_ll_ptr.o ABSOLUTE
    ../clib/printf.c                         0x00000000   Number         0  _printf_hex_ll_ptr.o ABSOLUTE
    ../clib/printf.c                         0x00000000   Number         0  _printf_hex_int_ptr.o ABSOLUTE
    ../clib/printf.c                         0x00000000   Number         0  _printf_fp_dec.o ABSOLUTE
    ../clib/printf.c                         0x00000000   Number         0  _printf_intcommon.o ABSOLUTE
    ../clib/printf.c                         0x00000000   Number         0  __2printf.o ABSOLUTE
    ../clib/printf.c                         0x00000000   Number         0  _printf_hex_ptr.o ABSOLUTE
    ../clib/printf.c                         0x00000000   Number         0  _printf_hex_int_ll.o ABSOLUTE
    ../clib/printf.c                         0x00000000   Number         0  _printf_hex_int.o ABSOLUTE
    ../clib/printf.c                         0x00000000   Number         0  _printf_hex_ll.o ABSOLUTE
    ../clib/printf.c                         0x00000000   Number         0  _printf_dec.o ABSOLUTE
    ../clib/printf.c                         0x00000000   Number         0  _printf_str.o ABSOLUTE
    ../clib/printf_percent.s                 0x00000000   Number         0  _printf_percent.o ABSOLUTE
    ../clib/printf_percent.s                 0x00000000   Number         0  _printf_f.o ABSOLUTE
    ../clib/printf_percent.s                 0x00000000   Number         0  _printf_u.o ABSOLUTE
    ../clib/printf_percent.s                 0x00000000   Number         0  _printf_d.o ABSOLUTE
    ../clib/printf_percent.s                 0x00000000   Number         0  _printf_x.o ABSOLUTE
    ../clib/printf_percent.s                 0x00000000   Number         0  _printf_s.o ABSOLUTE
    ../clib/printf_percent.s                 0x00000000   Number         0  _printf_percent_end.o ABSOLUTE
    ../clib/signal.c                         0x00000000   Number         0  defsig_rtmem_formal.o ABSOLUTE
    ../clib/signal.c                         0x00000000   Number         0  defsig_segv_inner.o ABSOLUTE
    ../clib/signal.c                         0x00000000   Number         0  defsig_rtmem_outer.o ABSOLUTE
    ../clib/signal.c                         0x00000000   Number         0  defsig_cppl_inner.o ABSOLUTE
    ../clib/signal.c                         0x00000000   Number         0  __raise.o ABSOLUTE
    ../clib/signal.c                         0x00000000   Number         0  defsig_abrt_inner.o ABSOLUTE
    ../clib/signal.c                         0x00000000   Number         0  defsig_pvfn_inner.o ABSOLUTE
    ../clib/signal.c                         0x00000000   Number         0  defsig_fpe_inner.o ABSOLUTE
    ../clib/signal.c                         0x00000000   Number         0  defsig_general.o ABSOLUTE
    ../clib/signal.c                         0x00000000   Number         0  defsig_exit.o ABSOLUTE
    ../clib/signal.c                         0x00000000   Number         0  defsig_rtred_inner.o ABSOLUTE
    ../clib/signal.c                         0x00000000   Number         0  defsig_stak_inner.o ABSOLUTE
    ../clib/signal.c                         0x00000000   Number         0  defsig_rtmem_inner.o ABSOLUTE
    ../clib/signal.c                         0x00000000   Number         0  defsig_other.o ABSOLUTE
    ../clib/signal.s                         0x00000000   Number         0  defsig.o ABSOLUTE
    ../clib/stdio.c                          0x00000000   Number         0  ferror_locked.o ABSOLUTE
    ../clib/stdio.c                          0x00000000   Number         0  ferror.o ABSOLUTE
    ../clib/stdlib.c                         0x00000000   Number         0  exit.o ABSOLUTE
    ../clib/string.c                         0x00000000   Number         0  strcat.o ABSOLUTE
    ../clib/string.c                         0x00000000   Number         0  strlen.o ABSOLUTE
    ../clib/string.c                         0x00000000   Number         0  strcpy.o ABSOLUTE
    ../fplib/dretinf.s                       0x00000000   Number         0  dretinf.o ABSOLUTE
    ../fplib/f2d.s                           0x00000000   Number         0  f2d.o ABSOLUTE
    ../fplib/faddsub.s                       0x00000000   Number         0  faddsub_clz.o ABSOLUTE
    ../fplib/fcmpi.s                         0x00000000   Number         0  fcmpi.o ABSOLUTE
    ../fplib/fdiv.s                          0x00000000   Number         0  fdiv.o ABSOLUTE
    ../fplib/feqf.s                          0x00000000   Number         0  feqf.o ABSOLUTE
    ../fplib/ffix.s                          0x00000000   Number         0  ffix.o ABSOLUTE
    ../fplib/ffixu.s                         0x00000000   Number         0  ffixu.o ABSOLUTE
    ../fplib/fflt.s                          0x00000000   Number         0  fflt_clz.o ABSOLUTE
    ../fplib/fleqf.s                         0x00000000   Number         0  fleqf.o ABSOLUTE
    ../fplib/fmul.s                          0x00000000   Number         0  fmul.o ABSOLUTE
    ../fplib/fnaninf.s                       0x00000000   Number         0  fnaninf.o ABSOLUTE
    ../fplib/fpinit.s                        0x00000000   Number         0  fpinit.o ABSOLUTE
    ../fplib/fretinf.s                       0x00000000   Number         0  fretinf.o ABSOLUTE
    ../fplib/frleqf.s                        0x00000000   Number         0  frleqf.o ABSOLUTE
    ../fplib/istatus.s                       0x00000000   Number         0  istatus.o ABSOLUTE
    ../fplib/printf1.s                       0x00000000   Number         0  printf1.o ABSOLUTE
    ../fplib/usenofp.s                       0x00000000   Number         0  usenofp.o ABSOLUTE
    ../mathlib/fpclassify.c                  0x00000000   Number         0  fpclassify.o ABSOLUTE
    ..\APPLICATION\MP3\mp3player.c           0x00000000   Number         0  mp3player.o ABSOLUTE
    ..\FATFS\src\diskio.c                    0x00000000   Number         0  diskio.o ABSOLUTE
    ..\FATFS\src\explorer.c                  0x00000000   Number         0  explorer.o ABSOLUTE
    ..\FATFS\src\ff.c                        0x00000000   Number         0  ff.o ABSOLUTE
    ..\FATFS\src\mycc936.c                   0x00000000   Number         0  mycc936.o ABSOLUTE
    ..\FWLIB\src\core_cm3.c                  0x00000000   Number         0  core_cm3.o ABSOLUTE
    ..\FWLIB\src\misc.c                      0x00000000   Number         0  misc.o ABSOLUTE
    ..\FWLIB\src\stm32f10x_adc.c             0x00000000   Number         0  stm32f10x_adc.o ABSOLUTE
    ..\FWLIB\src\stm32f10x_bkp.c             0x00000000   Number         0  stm32f10x_bkp.o ABSOLUTE
    ..\FWLIB\src\stm32f10x_can.c             0x00000000   Number         0  stm32f10x_can.o ABSOLUTE
    ..\FWLIB\src\stm32f10x_cec.c             0x00000000   Number         0  stm32f10x_cec.o ABSOLUTE
    ..\FWLIB\src\stm32f10x_crc.c             0x00000000   Number         0  stm32f10x_crc.o ABSOLUTE
    ..\FWLIB\src\stm32f10x_dac.c             0x00000000   Number         0  stm32f10x_dac.o ABSOLUTE
    ..\FWLIB\src\stm32f10x_dbgmcu.c          0x00000000   Number         0  stm32f10x_dbgmcu.o ABSOLUTE
    ..\FWLIB\src\stm32f10x_dma.c             0x00000000   Number         0  stm32f10x_dma.o ABSOLUTE
    ..\FWLIB\src\stm32f10x_exti.c            0x00000000   Number         0  stm32f10x_exti.o ABSOLUTE
    ..\FWLIB\src\stm32f10x_flash.c           0x00000000   Number         0  stm32f10x_flash.o ABSOLUTE
    ..\FWLIB\src\stm32f10x_fsmc.c            0x00000000   Number         0  stm32f10x_fsmc.o ABSOLUTE
    ..\FWLIB\src\stm32f10x_gpio.c            0x00000000   Number         0  stm32f10x_gpio.o ABSOLUTE
    ..\FWLIB\src\stm32f10x_i2c.c             0x00000000   Number         0  stm32f10x_i2c.o ABSOLUTE
    ..\FWLIB\src\stm32f10x_iwdg.c            0x00000000   Number         0  stm32f10x_iwdg.o ABSOLUTE
    ..\FWLIB\src\stm32f10x_pwr.c             0x00000000   Number         0  stm32f10x_pwr.o ABSOLUTE
    ..\FWLIB\src\stm32f10x_rcc.c             0x00000000   Number         0  stm32f10x_rcc.o ABSOLUTE
    ..\FWLIB\src\stm32f10x_rtc.c             0x00000000   Number         0  stm32f10x_rtc.o ABSOLUTE
    ..\FWLIB\src\stm32f10x_sdio.c            0x00000000   Number         0  stm32f10x_sdio.o ABSOLUTE
    ..\FWLIB\src\stm32f10x_spi.c             0x00000000   Number         0  stm32f10x_spi.o ABSOLUTE
    ..\FWLIB\src\stm32f10x_tim.c             0x00000000   Number         0  stm32f10x_tim.o ABSOLUTE
    ..\FWLIB\src\stm32f10x_usart.c           0x00000000   Number         0  stm32f10x_usart.o ABSOLUTE
    ..\FWLIB\src\stm32f10x_wwdg.c            0x00000000   Number         0  stm32f10x_wwdg.o ABSOLUTE
    ..\FWLIB\src\system_stm32f10x.c          0x00000000   Number         0  system_stm32f10x.o ABSOLUTE
    ..\HARDWARE\24CXX\24cxx.c                0x00000000   Number         0  24cxx.o ABSOLUTE
    ..\HARDWARE\24CXX\myiic.c                0x00000000   Number         0  myiic.o ABSOLUTE
    ..\HARDWARE\BUZZER\buzzer.c              0x00000000   Number         0  buzzer.o ABSOLUTE
    ..\HARDWARE\FLASH\flash.c                0x00000000   Number         0  flash.o ABSOLUTE
    ..\HARDWARE\KEY\key.c                    0x00000000   Number         0  key.o ABSOLUTE
    ..\HARDWARE\LCD\R61509V.c                0x00000000   Number         0  r61509v.o ABSOLUTE
    ..\HARDWARE\LED\led.c                    0x00000000   Number         0  led.o ABSOLUTE
    ..\HARDWARE\NRF24L01\24l01.c             0x00000000   Number         0  24l01.o ABSOLUTE
    ..\HARDWARE\OV7670\OV7670.c              0x00000000   Number         0  ov7670.o ABSOLUTE
    ..\HARDWARE\RTC\rtc.c                    0x00000000   Number         0  rtc.o ABSOLUTE
    ..\HARDWARE\SCCB\SCCB.c                  0x00000000   Number         0  sccb.o ABSOLUTE
    ..\HARDWARE\SD\sdio_sd.c                 0x00000000   Number         0  sdio_sd.o ABSOLUTE
    ..\HARDWARE\SPI\spi.c                    0x00000000   Number         0  spi.o ABSOLUTE
    ..\HARDWARE\SRAM\sram.c                  0x00000000   Number         0  sram.o ABSOLUTE
    ..\HARDWARE\TIMER\timer.c                0x00000000   Number         0  timer.o ABSOLUTE
    ..\HARDWARE\TOUCH\touch.c                0x00000000   Number         0  touch.o ABSOLUTE
    ..\HARDWARE\U_HOST\ch375.c               0x00000000   Number         0  ch375.o ABSOLUTE
    ..\HARDWARE\VS10XX\VS10XX.c              0x00000000   Number         0  vs10xx.o ABSOLUTE
    ..\PIC\bmp.c                             0x00000000   Number         0  bmp.o ABSOLUTE
    ..\PIC\show_picture.c                    0x00000000   Number         0  show_picture.o ABSOLUTE
    ..\PIC\tjpgd.c                           0x00000000   Number         0  tjpgd.o ABSOLUTE
    ..\STARTUP\startup_stm32f10x_hd.s        0x00000000   Number         0  startup_stm32f10x_hd.o ABSOLUTE
    ..\SYSTEM\delay\delay.c                  0x00000000   Number         0  delay.o ABSOLUTE
    ..\SYSTEM\malloc\mem_malloc.c            0x00000000   Number         0  mem_malloc.o ABSOLUTE
    ..\SYSTEM\usart\usart.c                  0x00000000   Number         0  usart.o ABSOLUTE
    ..\SYSTEM\util\util.c                    0x00000000   Number         0  util.o ABSOLUTE
    ..\TEXT\display_hazi.c                   0x00000000   Number         0  display_hazi.o ABSOLUTE
    ..\TEXT\fontupd.c                        0x00000000   Number         0  fontupd.o ABSOLUTE
    ..\USER\main.c                           0x00000000   Number         0  main.o ABSOLUTE
    ..\USER\stm32f10x_it.c                   0x00000000   Number         0  stm32f10x_it.o ABSOLUTE
    ..\\FWLIB\\src\\core_cm3.c               0x00000000   Number         0  core_cm3.o ABSOLUTE
    CH375DSZ.C                               0x00000000   Number         0  CH375DSZ.O ABSOLUTE
    CH375MAI.C                               0x00000000   Number         0  CH375MAI.O ABSOLUTE
    CH375SEC.C                               0x00000000   Number         0  CH375SEC.O ABSOLUTE
    dc.s                                     0x00000000   Number         0  dc.o ABSOLUTE
    RESET                                    0x08000000   Section      304  startup_stm32f10x_hd.o(RESET)
    !!!main                                  0x08000130   Section        8  __main.o(!!!main)
    !!!scatter                               0x08000138   Section       52  __scatter.o(!!!scatter)
    !!handler_copy                           0x0800016c   Section       26  __scatter_copy.o(!!handler_copy)
    !!handler_zi                             0x08000188   Section       28  __scatter_zi.o(!!handler_zi)
    .ARM.Collect$$_printf_percent$$00000000  0x080001a4   Section        0  _printf_percent.o(.ARM.Collect$$_printf_percent$$00000000)
    .ARM.Collect$$_printf_percent$$00000009  0x080001a4   Section        6  _printf_d.o(.ARM.Collect$$_printf_percent$$00000009)
    .ARM.Collect$$_printf_percent$$0000000C  0x080001aa   Section        6  _printf_x.o(.ARM.Collect$$_printf_percent$$0000000C)
    .ARM.Collect$$_printf_percent$$00000017  0x080001b0   Section        4  _printf_percent_end.o(.ARM.Collect$$_printf_percent$$00000017)
    .ARM.Collect$$libinit$$00000000          0x080001b4   Section        2  libinit.o(.ARM.Collect$$libinit$$00000000)
    .ARM.Collect$$libinit$$00000002          0x080001b6   Section        0  libinit2.o(.ARM.Collect$$libinit$$00000002)
    .ARM.Collect$$libinit$$00000004          0x080001b6   Section        0  libinit2.o(.ARM.Collect$$libinit$$00000004)
    .ARM.Collect$$libinit$$0000000A          0x080001b6   Section        0  libinit2.o(.ARM.Collect$$libinit$$0000000A)
    .ARM.Collect$$libinit$$0000000C          0x080001b6   Section        0  libinit2.o(.ARM.Collect$$libinit$$0000000C)
    .ARM.Collect$$libinit$$0000000E          0x080001b6   Section        0  libinit2.o(.ARM.Collect$$libinit$$0000000E)
    .ARM.Collect$$libinit$$00000011          0x080001b6   Section        0  libinit2.o(.ARM.Collect$$libinit$$00000011)
    .ARM.Collect$$libinit$$00000013          0x080001b6   Section        0  libinit2.o(.ARM.Collect$$libinit$$00000013)
    .ARM.Collect$$libinit$$00000015          0x080001b6   Section        0  libinit2.o(.ARM.Collect$$libinit$$00000015)
    .ARM.Collect$$libinit$$00000017          0x080001b6   Section        0  libinit2.o(.ARM.Collect$$libinit$$00000017)
    .ARM.Collect$$libinit$$00000019          0x080001b6   Section        0  libinit2.o(.ARM.Collect$$libinit$$00000019)
    .ARM.Collect$$libinit$$0000001B          0x080001b6   Section        0  libinit2.o(.ARM.Collect$$libinit$$0000001B)
    .ARM.Collect$$libinit$$0000001D          0x080001b6   Section        0  libinit2.o(.ARM.Collect$$libinit$$0000001D)
    .ARM.Collect$$libinit$$0000001F          0x080001b6   Section        0  libinit2.o(.ARM.Collect$$libinit$$0000001F)
    .ARM.Collect$$libinit$$00000021          0x080001b6   Section        0  libinit2.o(.ARM.Collect$$libinit$$00000021)
    .ARM.Collect$$libinit$$00000023          0x080001b6   Section        0  libinit2.o(.ARM.Collect$$libinit$$00000023)
    .ARM.Collect$$libinit$$00000025          0x080001b6   Section        0  libinit2.o(.ARM.Collect$$libinit$$00000025)
    .ARM.Collect$$libinit$$0000002C          0x080001b6   Section        0  libinit2.o(.ARM.Collect$$libinit$$0000002C)
    .ARM.Collect$$libinit$$0000002E          0x080001b6   Section        0  libinit2.o(.ARM.Collect$$libinit$$0000002E)
    .ARM.Collect$$libinit$$00000030          0x080001b6   Section        0  libinit2.o(.ARM.Collect$$libinit$$00000030)
    .ARM.Collect$$libinit$$00000032          0x080001b6   Section        0  libinit2.o(.ARM.Collect$$libinit$$00000032)
    .ARM.Collect$$libinit$$00000033          0x080001b6   Section        2  libinit2.o(.ARM.Collect$$libinit$$00000033)
    .ARM.Collect$$libshutdown$$00000000      0x080001b8   Section        2  libshutdown.o(.ARM.Collect$$libshutdown$$00000000)
    .ARM.Collect$$libshutdown$$00000002      0x080001ba   Section        0  libshutdown2.o(.ARM.Collect$$libshutdown$$00000002)
    .ARM.Collect$$libshutdown$$00000004      0x080001ba   Section        0  libshutdown2.o(.ARM.Collect$$libshutdown$$00000004)
    .ARM.Collect$$libshutdown$$00000007      0x080001ba   Section        0  libshutdown2.o(.ARM.Collect$$libshutdown$$00000007)
    .ARM.Collect$$libshutdown$$0000000A      0x080001ba   Section        0  libshutdown2.o(.ARM.Collect$$libshutdown$$0000000A)
    .ARM.Collect$$libshutdown$$0000000C      0x080001ba   Section        0  libshutdown2.o(.ARM.Collect$$libshutdown$$0000000C)
    .ARM.Collect$$libshutdown$$0000000F      0x080001ba   Section        0  libshutdown2.o(.ARM.Collect$$libshutdown$$0000000F)
    .ARM.Collect$$libshutdown$$00000010      0x080001ba   Section        2  libshutdown2.o(.ARM.Collect$$libshutdown$$00000010)
    .ARM.Collect$$rtentry$$00000000          0x080001bc   Section        0  __rtentry.o(.ARM.Collect$$rtentry$$00000000)
    .ARM.Collect$$rtentry$$00000002          0x080001bc   Section        0  __rtentry2.o(.ARM.Collect$$rtentry$$00000002)
    .ARM.Collect$$rtentry$$00000004          0x080001bc   Section        6  __rtentry4.o(.ARM.Collect$$rtentry$$00000004)
    .ARM.Collect$$rtentry$$00000009          0x080001c2   Section        0  __rtentry2.o(.ARM.Collect$$rtentry$$00000009)
    .ARM.Collect$$rtentry$$0000000A          0x080001c2   Section        4  __rtentry2.o(.ARM.Collect$$rtentry$$0000000A)
    .ARM.Collect$$rtentry$$0000000C          0x080001c6   Section        0  __rtentry2.o(.ARM.Collect$$rtentry$$0000000C)
    .ARM.Collect$$rtentry$$0000000D          0x080001c6   Section        8  __rtentry2.o(.ARM.Collect$$rtentry$$0000000D)
    .ARM.Collect$$rtexit$$00000000           0x080001ce   Section        2  rtexit.o(.ARM.Collect$$rtexit$$00000000)
    .ARM.Collect$$rtexit$$00000002           0x080001d0   Section        0  rtexit2.o(.ARM.Collect$$rtexit$$00000002)
    .ARM.Collect$$rtexit$$00000003           0x080001d0   Section        4  rtexit2.o(.ARM.Collect$$rtexit$$00000003)
    .ARM.Collect$$rtexit$$00000004           0x080001d4   Section        6  rtexit2.o(.ARM.Collect$$rtexit$$00000004)
    .text                                    0x080001dc   Section       64  startup_stm32f10x_hd.o(.text)
    .text                                    0x0800021c   Section        2  use_no_semi_2.o(.text)
    .text                                    0x08000220   Section        0  noretval__2printf.o(.text)
    .text                                    0x08000238   Section        0  __printf.o(.text)
    .text                                    0x080002a0   Section        0  _printf_dec.o(.text)
    .text                                    0x08000318   Section        0  _printf_hex_int.o(.text)
    .text                                    0x08000370   Section        0  heapauxi.o(.text)
    .text                                    0x08000376   Section        2  use_no_semi.o(.text)
    .text                                    0x08000378   Section        0  _printf_intcommon.o(.text)
    .text                                    0x0800042c   Section        0  _printf_char_common.o(.text)
    _printf_input_char                       0x0800042d   Thumb Code    10  _printf_char_common.o(.text)
    .text                                    0x0800045c   Section        0  _printf_char_file.o(.text)
    .text                                    0x08000480   Section        0  ferror.o(.text)
    .text                                    0x08000488   Section        8  libspace.o(.text)
    .text                                    0x08000490   Section       74  sys_stackheap_outer.o(.text)
    .text                                    0x080004da   Section        0  exit.o(.text)
    i.ASSERT                                 0x080004ec   Section        0  util.o(i.ASSERT)
    i.BusFault_Handler                       0x08000534   Section        0  stm32f10x_it.o(i.BusFault_Handler)
    i.CmdResp1Error                          0x08000538   Section        0  sdio_sd.o(i.CmdResp1Error)
    CmdResp1Error                            0x08000539   Thumb Code    36  sdio_sd.o(i.CmdResp1Error)
    i.DebugMon_Handler                       0x08000560   Section        0  stm32f10x_it.o(i.DebugMon_Handler)
    i.EXTI15_10_IRQHandler                   0x08000564   Section        0  stm32f10x_it.o(i.EXTI15_10_IRQHandler)
    i.EXTI_ClearITPendingBit                 0x080005b0   Section        0  stm32f10x_exti.o(i.EXTI_ClearITPendingBit)
    i.EXTI_GetITStatus                       0x080005bc   Section        0  stm32f10x_exti.o(i.EXTI_GetITStatus)
    i.FSMC_NORSRAMCmd                        0x080005e4   Section        0  stm32f10x_fsmc.o(i.FSMC_NORSRAMCmd)
    i.FSMC_NORSRAMInit                       0x08000618   Section        0  stm32f10x_fsmc.o(i.FSMC_NORSRAMInit)
    i.FSMC_SRAM_Init                         0x08000700   Section        0  sram.o(i.FSMC_SRAM_Init)
    i.GPIO_Init                              0x08000800   Section        0  stm32f10x_gpio.o(i.GPIO_Init)
    i.GPIO_ResetBits                         0x08000916   Section        0  stm32f10x_gpio.o(i.GPIO_ResetBits)
    i.GPIO_SetBits                           0x0800091a   Section        0  stm32f10x_gpio.o(i.GPIO_SetBits)
    i.HardFault_Handler                      0x0800091e   Section        0  stm32f10x_it.o(i.HardFault_Handler)
    i.Is_Leap_Year                           0x08000922   Section        0  rtc.o(i.Is_Leap_Year)
    i.LED_Init                               0x0800095c   Section        0  led.o(i.LED_Init)
    i.MemManage_Handler                      0x08000994   Section        0  stm32f10x_it.o(i.MemManage_Handler)
    i.MemSet                                 0x08000998   Section        0  mem_malloc.o(i.MemSet)
    MemSet                                   0x08000999   Thumb Code    24  mem_malloc.o(i.MemSet)
    i.NMI_Handler                            0x080009b0   Section        0  stm32f10x_it.o(i.NMI_Handler)
    i.NRF24L01_Check                         0x080009b4   Section        0  24l01.o(i.NRF24L01_Check)
    i.NRF24L01_Init                          0x08000a04   Section        0  24l01.o(i.NRF24L01_Init)
    i.NRF24L01_RX_Mode                       0x08000ae0   Section        0  24l01.o(i.NRF24L01_RX_Mode)
    i.NRF24L01_Read_Buf                      0x08000b38   Section        0  24l01.o(i.NRF24L01_Read_Buf)
    i.NRF24L01_Read_Reg                      0x08000b74   Section        0  24l01.o(i.NRF24L01_Read_Reg)
    i.NRF24L01_RxPacket                      0x08000ba0   Section        0  24l01.o(i.NRF24L01_RxPacket)
    i.NRF24L01_TX_Mode                       0x08000bdc   Section        0  24l01.o(i.NRF24L01_TX_Mode)
    i.NRF24L01_TxPacket                      0x08000c44   Section        0  24l01.o(i.NRF24L01_TxPacket)
    i.NRF24L01_Write_Buf                     0x08000cac   Section        0  24l01.o(i.NRF24L01_Write_Buf)
    i.NRF24L01_Write_Reg                     0x08000ce8   Section        0  24l01.o(i.NRF24L01_Write_Reg)
    i.NVIC_Init                              0x08000d18   Section        0  misc.o(i.NVIC_Init)
    i.NVIC_PriorityGroupConfig               0x08000d88   Section        0  misc.o(i.NVIC_PriorityGroupConfig)
    i.RCC_AHBPeriphClockCmd                  0x08000d9c   Section        0  stm32f10x_rcc.o(i.RCC_AHBPeriphClockCmd)
    i.RCC_APB1PeriphClockCmd                 0x08000dbc   Section        0  stm32f10x_rcc.o(i.RCC_APB1PeriphClockCmd)
    i.RCC_APB2PeriphClockCmd                 0x08000ddc   Section        0  stm32f10x_rcc.o(i.RCC_APB2PeriphClockCmd)
    i.RCC_GetClocksFreq                      0x08000dfc   Section        0  stm32f10x_rcc.o(i.RCC_GetClocksFreq)
    i.RTC_Get                                0x08000ed0   Section        0  rtc.o(i.RTC_Get)
    i.RTC_Get_Week                           0x08000fd8   Section        0  rtc.o(i.RTC_Get_Week)
    i.RTC_IRQHandler                         0x08001050   Section        0  rtc.o(i.RTC_IRQHandler)
    i.SDIO_ClearITPendingBit                 0x08001098   Section        0  stm32f10x_sdio.o(i.SDIO_ClearITPendingBit)
    i.SDIO_IRQHandler                        0x080010a4   Section        0  sdio_sd.o(i.SDIO_IRQHandler)
    i.SDIO_ITConfig                          0x080010ac   Section        0  stm32f10x_sdio.o(i.SDIO_ITConfig)
    i.SD_ProcessIRQSrc                       0x080010cc   Section        0  sdio_sd.o(i.SD_ProcessIRQSrc)
    i.SPI2_Init                              0x08001124   Section        0  spi.o(i.SPI2_Init)
    i.SPI2_ReadWriteByte                     0x080011a8   Section        0  spi.o(i.SPI2_ReadWriteByte)
    i.SPI2_SetSpeed                          0x080011dc   Section        0  spi.o(i.SPI2_SetSpeed)
    i.SPI_Cmd                                0x08001200   Section        0  stm32f10x_spi.o(i.SPI_Cmd)
    i.SPI_Init                               0x08001218   Section        0  stm32f10x_spi.o(i.SPI_Init)
    i.SVC_Handler                            0x08001254   Section        0  stm32f10x_it.o(i.SVC_Handler)
    i.SetSysClock                            0x08001256   Section        0  system_stm32f10x.o(i.SetSysClock)
    SetSysClock                              0x08001257   Thumb Code     8  system_stm32f10x.o(i.SetSysClock)
    i.SetSysClockTo72                        0x08001260   Section        0  system_stm32f10x.o(i.SetSysClockTo72)
    SetSysClockTo72                          0x08001261   Thumb Code   214  system_stm32f10x.o(i.SetSysClockTo72)
    i.SysTick_CLKSourceConfig                0x08001340   Section        0  misc.o(i.SysTick_CLKSourceConfig)
    i.SysTick_Handler                        0x08001368   Section        0  stm32f10x_it.o(i.SysTick_Handler)
    i.SystemInit                             0x0800136c   Section        0  system_stm32f10x.o(i.SystemInit)
    i.TFT_Clear                              0x080013cc   Section        0  r61509v.o(i.TFT_Clear)
    i.TFT_CtrlLinesConfig                    0x080013f8   Section        0  r61509v.o(i.TFT_CtrlLinesConfig)
    i.TFT_FSMCConfig                         0x08001468   Section        0  r61509v.o(i.TFT_FSMCConfig)
    i.TFT_Init                               0x080014dc   Section        0  r61509v.o(i.TFT_Init)
    i.TFT_ReadReg                            0x08001744   Section        0  r61509v.o(i.TFT_ReadReg)
    i.TFT_SetCursor                          0x08001750   Section        0  r61509v.o(i.TFT_SetCursor)
    i.TFT_WR_DATA                            0x08001772   Section        0  r61509v.o(i.TFT_WR_DATA)
    i.TFT_WriteRAM_Prepare                   0x0800177a   Section        0  r61509v.o(i.TFT_WriteRAM_Prepare)
    i.TFT_WriteReg                           0x08001786   Section        0  r61509v.o(i.TFT_WriteReg)
    i.TIM6_IRQHandler                        0x08001790   Section        0  timer.o(i.TIM6_IRQHandler)
    i.TIM_ClearITPendingBit                  0x080017d0   Section        0  stm32f10x_tim.o(i.TIM_ClearITPendingBit)
    i.TIM_GetITStatus                        0x080017d6   Section        0  stm32f10x_tim.o(i.TIM_GetITStatus)
    i.USART_Cmd                              0x080017f8   Section        0  stm32f10x_usart.o(i.USART_Cmd)
    i.USART_ITConfig                         0x08001810   Section        0  stm32f10x_usart.o(i.USART_ITConfig)
    i.USART_Init                             0x0800185c   Section        0  stm32f10x_usart.o(i.USART_Init)
    i.UsageFault_Handler                     0x08001934   Section        0  stm32f10x_it.o(i.UsageFault_Handler)
    i._sys_exit                              0x08001938   Section        0  usart.o(i._sys_exit)
    i.delay_init                             0x08001940   Section        0  delay.o(i.delay_init)
    i.delay_ms                               0x0800197c   Section        0  delay.o(i.delay_ms)
    i.fputc                                  0x080019b8   Section        0  usart.o(i.fputc)
    i.main                                   0x080019d4   Section        0  main.o(i.main)
    i.mem_init                               0x08001b28   Section        0  mem_malloc.o(i.mem_init)
    i.mem_malloc                             0x08001b78   Section        0  mem_malloc.o(i.mem_malloc)
    i.uart_init                              0x08001d34   Section        0  usart.o(i.uart_init)
    .constdata                               0x08001dd4   Section       60  rtc.o(.constdata)
    .constdata                               0x08001e10   Section       10  24l01.o(.constdata)
    .constdata                               0x08001e1a   Section       40  _printf_hex_int.o(.constdata)
    uc_hextab                                0x08001e1a   Data          20  _printf_hex_int.o(.constdata)
    lc_hextab                                0x08001e2e   Data          20  _printf_hex_int.o(.constdata)
    .conststring                             0x08001e44   Section       24  rtc.o(.conststring)
    .data                                    0x20000000   Section        4  delay.o(.data)
    fac_us                                   0x20000000   Data           1  delay.o(.data)
    fac_ms                                   0x20000002   Data           2  delay.o(.data)
    .data                                    0x20000004   Section        4  usart.o(.data)
    .data                                    0x20000008   Section        8  mem_malloc.o(.data)
    ram_end                                  0x20000008   Data           4  mem_malloc.o(.data)
    lfree                                    0x2000000c   Data           4  mem_malloc.o(.data)
    .data                                    0x20000010   Section       20  stm32f10x_rcc.o(.data)
    APBAHBPrescTable                         0x20000010   Data          16  stm32f10x_rcc.o(.data)
    ADCPrescTable                            0x20000020   Data           4  stm32f10x_rcc.o(.data)
    .data                                    0x20000024   Section        6  r61509v.o(.data)
    .data                                    0x2000002c   Section       20  sdio_sd.o(.data)
    CardType                                 0x2000002c   Data           4  sdio_sd.o(.data)
    RCA                                      0x20000030   Data           4  sdio_sd.o(.data)
    .data                                    0x20000040   Section       10  rtc.o(.data)
    daycnt                                   0x20000048   Data           2  rtc.o(.data)
    .data                                    0x2000004a   Section        1  ov7670.o(.data)
    .data                                    0x2000004b   Section        1  timer.o(.data)
    .bss                                     0x2000004c   Section       18  spi.o(.bss)
    .bss                                     0x2000005e   Section       10  rtc.o(.bss)
    .bss                                     0x20000068   Section       96  libspace.o(.bss)
    HEAP                                     0x200000c8   Section      512  startup_stm32f10x_hd.o(HEAP)
    Heap_Mem                                 0x200000c8   Data         512  startup_stm32f10x_hd.o(HEAP)
    STACK                                    0x200002c8   Section     1024  startup_stm32f10x_hd.o(STACK)
    Stack_Mem                                0x200002c8   Data        1024  startup_stm32f10x_hd.o(STACK)
    __initial_sp                             0x200006c8   Data           0  startup_stm32f10x_hd.o(STACK)
    .ARM.__AT_0x68000000                     0x68000000   Section    204816  mem_malloc.o(.ARM.__AT_0x68000000)

    Global Symbols

    Symbol Name                              Value     Ov Type        Size  Object(Section)

    BuildAttributes$$THM_ISAv4$P$D$K$B$S$PE$A:L22UL41UL21$X:L11$S22US41US21$IEEE1$IW$USESV6$~STKCKD$USESV7$~SHL$OTIME$ROPI$IEEEJ$EBA8$UX$STANDARDLIB$REQ8$PRES8$EABIv2 0x00000000   Number         0  anon$$obj.o ABSOLUTE
    __ARM_use_no_argv                        0x00000000   Number         0  main.o ABSOLUTE
    __ARM_exceptions_init                     - Undefined Weak Reference
    __alloca_initialize                       - Undefined Weak Reference
    __arm_preinit_                            - Undefined Weak Reference
    __cpp_initialize__aeabi_                  - Undefined Weak Reference
    __cxa_finalize                            - Undefined Weak Reference
    __sigvec_lookup                           - Undefined Weak Reference
    _atexit_init                              - Undefined Weak Reference
    _call_atexit_fns                          - Undefined Weak Reference
    _clock_init                               - Undefined Weak Reference
    _fp_trap_init                             - Undefined Weak Reference
    _fp_trap_shutdown                         - Undefined Weak Reference
    _get_lc_collate                           - Undefined Weak Reference
    _get_lc_ctype                             - Undefined Weak Reference
    _get_lc_monetary                          - Undefined Weak Reference
    _get_lc_time                              - Undefined Weak Reference
    _getenv_init                              - Undefined Weak Reference
    _handle_redirection                       - Undefined Weak Reference
    _init_alloc                               - Undefined Weak Reference
    _init_user_alloc                          - Undefined Weak Reference
    _initio                                   - Undefined Weak Reference
    _mutex_acquire                            - Undefined Weak Reference
    _mutex_release                            - Undefined Weak Reference
    _printf_mbtowc                            - Undefined Weak Reference
    _printf_post_padding                      - Undefined Weak Reference
    _printf_pre_padding                       - Undefined Weak Reference
    _printf_truncate_signed                   - Undefined Weak Reference
    _printf_truncate_unsigned                 - Undefined Weak Reference
    _rand_init                                - Undefined Weak Reference
    _signal_finish                            - Undefined Weak Reference
    _signal_init                              - Undefined Weak Reference
    _terminate_alloc                          - Undefined Weak Reference
    _terminate_user_alloc                     - Undefined Weak Reference
    _terminateio                              - Undefined Weak Reference
    __Vectors_Size                           0x00000130   Number         0  startup_stm32f10x_hd.o ABSOLUTE
    __Vectors                                0x08000000   Data           4  startup_stm32f10x_hd.o(RESET)
    __Vectors_End                            0x08000130   Data           0  startup_stm32f10x_hd.o(RESET)
    __main                                   0x08000131   Thumb Code     8  __main.o(!!!main)
    __scatterload                            0x08000139   Thumb Code     0  __scatter.o(!!!scatter)
    __scatterload_rt2                        0x08000139   Thumb Code    44  __scatter.o(!!!scatter)
    __scatterload_rt2_thumb_only             0x08000139   Thumb Code     0  __scatter.o(!!!scatter)
    __scatterload_null                       0x08000147   Thumb Code     0  __scatter.o(!!!scatter)
    __scatterload_copy                       0x0800016d   Thumb Code    26  __scatter_copy.o(!!handler_copy)
    __scatterload_zeroinit                   0x08000189   Thumb Code    28  __scatter_zi.o(!!handler_zi)
    _printf_d                                0x080001a5   Thumb Code     0  _printf_d.o(.ARM.Collect$$_printf_percent$$00000009)
    _printf_percent                          0x080001a5   Thumb Code     0  _printf_percent.o(.ARM.Collect$$_printf_percent$$00000000)
    _printf_x                                0x080001ab   Thumb Code     0  _printf_x.o(.ARM.Collect$$_printf_percent$$0000000C)
    _printf_percent_end                      0x080001b1   Thumb Code     0  _printf_percent_end.o(.ARM.Collect$$_printf_percent$$00000017)
    __rt_lib_init                            0x080001b5   Thumb Code     0  libinit.o(.ARM.Collect$$libinit$$00000000)
    __rt_lib_init_alloca_1                   0x080001b7   Thumb Code     0  libinit2.o(.ARM.Collect$$libinit$$0000002E)
    __rt_lib_init_argv_1                     0x080001b7   Thumb Code     0  libinit2.o(.ARM.Collect$$libinit$$0000002C)
    __rt_lib_init_atexit_1                   0x080001b7   Thumb Code     0  libinit2.o(.ARM.Collect$$libinit$$0000001B)
    __rt_lib_init_clock_1                    0x080001b7   Thumb Code     0  libinit2.o(.ARM.Collect$$libinit$$00000021)
    __rt_lib_init_cpp_1                      0x080001b7   Thumb Code     0  libinit2.o(.ARM.Collect$$libinit$$00000032)
    __rt_lib_init_exceptions_1               0x080001b7   Thumb Code     0  libinit2.o(.ARM.Collect$$libinit$$00000030)
    __rt_lib_init_fp_1                       0x080001b7   Thumb Code     0  libinit2.o(.ARM.Collect$$libinit$$00000002)
    __rt_lib_init_fp_trap_1                  0x080001b7   Thumb Code     0  libinit2.o(.ARM.Collect$$libinit$$0000001F)
    __rt_lib_init_getenv_1                   0x080001b7   Thumb Code     0  libinit2.o(.ARM.Collect$$libinit$$00000023)
    __rt_lib_init_heap_1                     0x080001b7   Thumb Code     0  libinit2.o(.ARM.Collect$$libinit$$0000000A)
    __rt_lib_init_lc_collate_1               0x080001b7   Thumb Code     0  libinit2.o(.ARM.Collect$$libinit$$00000011)
    __rt_lib_init_lc_ctype_1                 0x080001b7   Thumb Code     0  libinit2.o(.ARM.Collect$$libinit$$00000013)
    __rt_lib_init_lc_monetary_1              0x080001b7   Thumb Code     0  libinit2.o(.ARM.Collect$$libinit$$00000015)
    __rt_lib_init_lc_numeric_1               0x080001b7   Thumb Code     0  libinit2.o(.ARM.Collect$$libinit$$00000017)
    __rt_lib_init_lc_time_1                  0x080001b7   Thumb Code     0  libinit2.o(.ARM.Collect$$libinit$$00000019)
    __rt_lib_init_preinit_1                  0x080001b7   Thumb Code     0  libinit2.o(.ARM.Collect$$libinit$$00000004)
    __rt_lib_init_rand_1                     0x080001b7   Thumb Code     0  libinit2.o(.ARM.Collect$$libinit$$0000000E)
    __rt_lib_init_return                     0x080001b7   Thumb Code     0  libinit2.o(.ARM.Collect$$libinit$$00000033)
    __rt_lib_init_signal_1                   0x080001b7   Thumb Code     0  libinit2.o(.ARM.Collect$$libinit$$0000001D)
    __rt_lib_init_stdio_1                    0x080001b7   Thumb Code     0  libinit2.o(.ARM.Collect$$libinit$$00000025)
    __rt_lib_init_user_alloc_1               0x080001b7   Thumb Code     0  libinit2.o(.ARM.Collect$$libinit$$0000000C)
    __rt_lib_shutdown                        0x080001b9   Thumb Code     0  libshutdown.o(.ARM.Collect$$libshutdown$$00000000)
    __rt_lib_shutdown_cpp_1                  0x080001bb   Thumb Code     0  libshutdown2.o(.ARM.Collect$$libshutdown$$00000002)
    __rt_lib_shutdown_fp_trap_1              0x080001bb   Thumb Code     0  libshutdown2.o(.ARM.Collect$$libshutdown$$00000007)
    __rt_lib_shutdown_heap_1                 0x080001bb   Thumb Code     0  libshutdown2.o(.ARM.Collect$$libshutdown$$0000000F)
    __rt_lib_shutdown_return                 0x080001bb   Thumb Code     0  libshutdown2.o(.ARM.Collect$$libshutdown$$00000010)
    __rt_lib_shutdown_signal_1               0x080001bb   Thumb Code     0  libshutdown2.o(.ARM.Collect$$libshutdown$$0000000A)
    __rt_lib_shutdown_stdio_1                0x080001bb   Thumb Code     0  libshutdown2.o(.ARM.Collect$$libshutdown$$00000004)
    __rt_lib_shutdown_user_alloc_1           0x080001bb   Thumb Code     0  libshutdown2.o(.ARM.Collect$$libshutdown$$0000000C)
    __rt_entry                               0x080001bd   Thumb Code     0  __rtentry.o(.ARM.Collect$$rtentry$$00000000)
    __rt_entry_presh_1                       0x080001bd   Thumb Code     0  __rtentry2.o(.ARM.Collect$$rtentry$$00000002)
    __rt_entry_sh                            0x080001bd   Thumb Code     0  __rtentry4.o(.ARM.Collect$$rtentry$$00000004)
    __rt_entry_li                            0x080001c3   Thumb Code     0  __rtentry2.o(.ARM.Collect$$rtentry$$0000000A)
    __rt_entry_postsh_1                      0x080001c3   Thumb Code     0  __rtentry2.o(.ARM.Collect$$rtentry$$00000009)
    __rt_entry_main                          0x080001c7   Thumb Code     0  __rtentry2.o(.ARM.Collect$$rtentry$$0000000D)
    __rt_entry_postli_1                      0x080001c7   Thumb Code     0  __rtentry2.o(.ARM.Collect$$rtentry$$0000000C)
    __rt_exit                                0x080001cf   Thumb Code     0  rtexit.o(.ARM.Collect$$rtexit$$00000000)
    __rt_exit_ls                             0x080001d1   Thumb Code     0  rtexit2.o(.ARM.Collect$$rtexit$$00000003)
    __rt_exit_prels_1                        0x080001d1   Thumb Code     0  rtexit2.o(.ARM.Collect$$rtexit$$00000002)
    __rt_exit_exit                           0x080001d5   Thumb Code     0  rtexit2.o(.ARM.Collect$$rtexit$$00000004)
    Reset_Handler                            0x080001dd   Thumb Code     8  startup_stm32f10x_hd.o(.text)
    PendSV_Handler                           0x080001f3   Thumb Code     2  startup_stm32f10x_hd.o(.text)
    ADC1_2_IRQHandler                        0x080001f7   Thumb Code     0  startup_stm32f10x_hd.o(.text)
    ADC3_IRQHandler                          0x080001f7   Thumb Code     0  startup_stm32f10x_hd.o(.text)
    CAN1_RX1_IRQHandler                      0x080001f7   Thumb Code     0  startup_stm32f10x_hd.o(.text)
    CAN1_SCE_IRQHandler                      0x080001f7   Thumb Code     0  startup_stm32f10x_hd.o(.text)
    DMA1_Channel1_IRQHandler                 0x080001f7   Thumb Code     0  startup_stm32f10x_hd.o(.text)
    DMA1_Channel2_IRQHandler                 0x080001f7   Thumb Code     0  startup_stm32f10x_hd.o(.text)
    DMA1_Channel3_IRQHandler                 0x080001f7   Thumb Code     0  startup_stm32f10x_hd.o(.text)
    DMA1_Channel4_IRQHandler                 0x080001f7   Thumb Code     0  startup_stm32f10x_hd.o(.text)
    DMA1_Channel5_IRQHandler                 0x080001f7   Thumb Code     0  startup_stm32f10x_hd.o(.text)
    DMA1_Channel6_IRQHandler                 0x080001f7   Thumb Code     0  startup_stm32f10x_hd.o(.text)
    DMA1_Channel7_IRQHandler                 0x080001f7   Thumb Code     0  startup_stm32f10x_hd.o(.text)
    DMA2_Channel1_IRQHandler                 0x080001f7   Thumb Code     0  startup_stm32f10x_hd.o(.text)
    DMA2_Channel2_IRQHandler                 0x080001f7   Thumb Code     0  startup_stm32f10x_hd.o(.text)
    DMA2_Channel3_IRQHandler                 0x080001f7   Thumb Code     0  startup_stm32f10x_hd.o(.text)
    DMA2_Channel4_5_IRQHandler               0x080001f7   Thumb Code     0  startup_stm32f10x_hd.o(.text)
    EXTI0_IRQHandler                         0x080001f7   Thumb Code     0  startup_stm32f10x_hd.o(.text)
    EXTI1_IRQHandler                         0x080001f7   Thumb Code     0  startup_stm32f10x_hd.o(.text)
    EXTI2_IRQHandler                         0x080001f7   Thumb Code     0  startup_stm32f10x_hd.o(.text)
    EXTI3_IRQHandler                         0x080001f7   Thumb Code     0  startup_stm32f10x_hd.o(.text)
    EXTI4_IRQHandler                         0x080001f7   Thumb Code     0  startup_stm32f10x_hd.o(.text)
    EXTI9_5_IRQHandler                       0x080001f7   Thumb Code     0  startup_stm32f10x_hd.o(.text)
    FLASH_IRQHandler                         0x080001f7   Thumb Code     0  startup_stm32f10x_hd.o(.text)
    FSMC_IRQHandler                          0x080001f7   Thumb Code     0  startup_stm32f10x_hd.o(.text)
    I2C1_ER_IRQHandler                       0x080001f7   Thumb Code     0  startup_stm32f10x_hd.o(.text)
    I2C1_EV_IRQHandler                       0x080001f7   Thumb Code     0  startup_stm32f10x_hd.o(.text)
    I2C2_ER_IRQHandler                       0x080001f7   Thumb Code     0  startup_stm32f10x_hd.o(.text)
    I2C2_EV_IRQHandler                       0x080001f7   Thumb Code     0  startup_stm32f10x_hd.o(.text)
    PVD_IRQHandler                           0x080001f7   Thumb Code     0  startup_stm32f10x_hd.o(.text)
    RCC_IRQHandler                           0x080001f7   Thumb Code     0  startup_stm32f10x_hd.o(.text)
    RTCAlarm_IRQHandler                      0x080001f7   Thumb Code     0  startup_stm32f10x_hd.o(.text)
    SPI1_IRQHandler                          0x080001f7   Thumb Code     0  startup_stm32f10x_hd.o(.text)
    SPI2_IRQHandler                          0x080001f7   Thumb Code     0  startup_stm32f10x_hd.o(.text)
    SPI3_IRQHandler                          0x080001f7   Thumb Code     0  startup_stm32f10x_hd.o(.text)
    TAMPER_IRQHandler                        0x080001f7   Thumb Code     0  startup_stm32f10x_hd.o(.text)
    TIM1_BRK_IRQHandler                      0x080001f7   Thumb Code     0  startup_stm32f10x_hd.o(.text)
    TIM1_CC_IRQHandler                       0x080001f7   Thumb Code     0  startup_stm32f10x_hd.o(.text)
    TIM1_TRG_COM_IRQHandler                  0x080001f7   Thumb Code     0  startup_stm32f10x_hd.o(.text)
    TIM1_UP_IRQHandler                       0x080001f7   Thumb Code     0  startup_stm32f10x_hd.o(.text)
    TIM2_IRQHandler                          0x080001f7   Thumb Code     0  startup_stm32f10x_hd.o(.text)
    TIM3_IRQHandler                          0x080001f7   Thumb Code     0  startup_stm32f10x_hd.o(.text)
    TIM4_IRQHandler                          0x080001f7   Thumb Code     0  startup_stm32f10x_hd.o(.text)
    TIM5_IRQHandler                          0x080001f7   Thumb Code     0  startup_stm32f10x_hd.o(.text)
    TIM7_IRQHandler                          0x080001f7   Thumb Code     0  startup_stm32f10x_hd.o(.text)
    TIM8_BRK_IRQHandler                      0x080001f7   Thumb Code     0  startup_stm32f10x_hd.o(.text)
    TIM8_CC_IRQHandler                       0x080001f7   Thumb Code     0  startup_stm32f10x_hd.o(.text)
    TIM8_TRG_COM_IRQHandler                  0x080001f7   Thumb Code     0  startup_stm32f10x_hd.o(.text)
    TIM8_UP_IRQHandler                       0x080001f7   Thumb Code     0  startup_stm32f10x_hd.o(.text)
    UART4_IRQHandler                         0x080001f7   Thumb Code     0  startup_stm32f10x_hd.o(.text)
    UART5_IRQHandler                         0x080001f7   Thumb Code     0  startup_stm32f10x_hd.o(.text)
    USART1_IRQHandler                        0x080001f7   Thumb Code     0  startup_stm32f10x_hd.o(.text)
    USART2_IRQHandler                        0x080001f7   Thumb Code     0  startup_stm32f10x_hd.o(.text)
    USART3_IRQHandler                        0x080001f7   Thumb Code     0  startup_stm32f10x_hd.o(.text)
    USBWakeUp_IRQHandler                     0x080001f7   Thumb Code     0  startup_stm32f10x_hd.o(.text)
    USB_HP_CAN1_TX_IRQHandler                0x080001f7   Thumb Code     0  startup_stm32f10x_hd.o(.text)
    USB_LP_CAN1_RX0_IRQHandler               0x080001f7   Thumb Code     0  startup_stm32f10x_hd.o(.text)
    WWDG_IRQHandler                          0x080001f7   Thumb Code     0  startup_stm32f10x_hd.o(.text)
    __user_initial_stackheap                 0x080001f9   Thumb Code     0  startup_stm32f10x_hd.o(.text)
    __use_no_semihosting                     0x0800021d   Thumb Code     2  use_no_semi_2.o(.text)
    __2printf                                0x08000221   Thumb Code    20  noretval__2printf.o(.text)
    __printf                                 0x08000239   Thumb Code   104  __printf.o(.text)
    _printf_int_dec                          0x080002a1   Thumb Code   104  _printf_dec.o(.text)
    _printf_int_hex                          0x08000319   Thumb Code    84  _printf_hex_int.o(.text)
    _printf_longlong_hex                     0x08000319   Thumb Code     0  _printf_hex_int.o(.text)
    __use_two_region_memory                  0x08000371   Thumb Code     2  heapauxi.o(.text)
    __rt_heap_escrow$2region                 0x08000373   Thumb Code     2  heapauxi.o(.text)
    __rt_heap_expand$2region                 0x08000375   Thumb Code     2  heapauxi.o(.text)
    __I$use$semihosting                      0x08000377   Thumb Code     0  use_no_semi.o(.text)
    __use_no_semihosting_swi                 0x08000377   Thumb Code     2  use_no_semi.o(.text)
    _printf_int_common                       0x08000379   Thumb Code   178  _printf_intcommon.o(.text)
    _printf_char_common                      0x08000437   Thumb Code    32  _printf_char_common.o(.text)
    _printf_char_file                        0x0800045d   Thumb Code    32  _printf_char_file.o(.text)
    ferror                                   0x08000481   Thumb Code     8  ferror.o(.text)
    __user_libspace                          0x08000489   Thumb Code     8  libspace.o(.text)
    __user_perproc_libspace                  0x08000489   Thumb Code     0  libspace.o(.text)
    __user_perthread_libspace                0x08000489   Thumb Code     0  libspace.o(.text)
    __user_setup_stackheap                   0x08000491   Thumb Code    74  sys_stackheap_outer.o(.text)
    exit                                     0x080004db   Thumb Code    18  exit.o(.text)
    ASSERT                                   0x080004ed   Thumb Code    38  util.o(i.ASSERT)
    BusFault_Handler                         0x08000535   Thumb Code     4  stm32f10x_it.o(i.BusFault_Handler)
    DebugMon_Handler                         0x08000561   Thumb Code     2  stm32f10x_it.o(i.DebugMon_Handler)
    EXTI15_10_IRQHandler                     0x08000565   Thumb Code    66  stm32f10x_it.o(i.EXTI15_10_IRQHandler)
    EXTI_ClearITPendingBit                   0x080005b1   Thumb Code     6  stm32f10x_exti.o(i.EXTI_ClearITPendingBit)
    EXTI_GetITStatus                         0x080005bd   Thumb Code    34  stm32f10x_exti.o(i.EXTI_GetITStatus)
    FSMC_NORSRAMCmd                          0x080005e5   Thumb Code    46  stm32f10x_fsmc.o(i.FSMC_NORSRAMCmd)
    FSMC_NORSRAMInit                         0x08000619   Thumb Code   230  stm32f10x_fsmc.o(i.FSMC_NORSRAMInit)
    FSMC_SRAM_Init                           0x08000701   Thumb Code   238  sram.o(i.FSMC_SRAM_Init)
    GPIO_Init                                0x08000801   Thumb Code   278  stm32f10x_gpio.o(i.GPIO_Init)
    GPIO_ResetBits                           0x08000917   Thumb Code     4  stm32f10x_gpio.o(i.GPIO_ResetBits)
    GPIO_SetBits                             0x0800091b   Thumb Code     4  stm32f10x_gpio.o(i.GPIO_SetBits)
    HardFault_Handler                        0x0800091f   Thumb Code     4  stm32f10x_it.o(i.HardFault_Handler)
    Is_Leap_Year                             0x08000923   Thumb Code    58  rtc.o(i.Is_Leap_Year)
    LED_Init                                 0x0800095d   Thumb Code    50  led.o(i.LED_Init)
    MemManage_Handler                        0x08000995   Thumb Code     4  stm32f10x_it.o(i.MemManage_Handler)
    NMI_Handler                              0x080009b1   Thumb Code     2  stm32f10x_it.o(i.NMI_Handler)
    NRF24L01_Check                           0x080009b5   Thumb Code    72  24l01.o(i.NRF24L01_Check)
    NRF24L01_Init                            0x08000a05   Thumb Code   198  24l01.o(i.NRF24L01_Init)
    NRF24L01_RX_Mode                         0x08000ae1   Thumb Code    76  24l01.o(i.NRF24L01_RX_Mode)
    NRF24L01_Read_Buf                        0x08000b39   Thumb Code    56  24l01.o(i.NRF24L01_Read_Buf)
    NRF24L01_Read_Reg                        0x08000b75   Thumb Code    36  24l01.o(i.NRF24L01_Read_Reg)
    NRF24L01_RxPacket                        0x08000ba1   Thumb Code    58  24l01.o(i.NRF24L01_RxPacket)
    NRF24L01_TX_Mode                         0x08000bdd   Thumb Code    86  24l01.o(i.NRF24L01_TX_Mode)
    NRF24L01_TxPacket                        0x08000c45   Thumb Code    94  24l01.o(i.NRF24L01_TxPacket)
    NRF24L01_Write_Buf                       0x08000cad   Thumb Code    56  24l01.o(i.NRF24L01_Write_Buf)
    NRF24L01_Write_Reg                       0x08000ce9   Thumb Code    38  24l01.o(i.NRF24L01_Write_Reg)
    NVIC_Init                                0x08000d19   Thumb Code   100  misc.o(i.NVIC_Init)
    NVIC_PriorityGroupConfig                 0x08000d89   Thumb Code    10  misc.o(i.NVIC_PriorityGroupConfig)
    RCC_AHBPeriphClockCmd                    0x08000d9d   Thumb Code    26  stm32f10x_rcc.o(i.RCC_AHBPeriphClockCmd)
    RCC_APB1PeriphClockCmd                   0x08000dbd   Thumb Code    26  stm32f10x_rcc.o(i.RCC_APB1PeriphClockCmd)
    RCC_APB2PeriphClockCmd                   0x08000ddd   Thumb Code    26  stm32f10x_rcc.o(i.RCC_APB2PeriphClockCmd)
    RCC_GetClocksFreq                        0x08000dfd   Thumb Code   192  stm32f10x_rcc.o(i.RCC_GetClocksFreq)
    RTC_Get                                  0x08000ed1   Thumb Code   242  rtc.o(i.RTC_Get)
    RTC_Get_Week                             0x08000fd9   Thumb Code   116  rtc.o(i.RTC_Get_Week)
    RTC_IRQHandler                           0x08001051   Thumb Code    68  rtc.o(i.RTC_IRQHandler)
    SDIO_ClearITPendingBit                   0x08001099   Thumb Code     6  stm32f10x_sdio.o(i.SDIO_ClearITPendingBit)
    SDIO_IRQHandler                          0x080010a5   Thumb Code     8  sdio_sd.o(i.SDIO_IRQHandler)
    SDIO_ITConfig                            0x080010ad   Thumb Code    26  stm32f10x_sdio.o(i.SDIO_ITConfig)
    SD_ProcessIRQSrc                         0x080010cd   Thumb Code    70  sdio_sd.o(i.SD_ProcessIRQSrc)
    SPI2_Init                                0x08001125   Thumb Code   118  spi.o(i.SPI2_Init)
    SPI2_ReadWriteByte                       0x080011a9   Thumb Code    46  spi.o(i.SPI2_ReadWriteByte)
    SPI2_SetSpeed                            0x080011dd   Thumb Code    26  spi.o(i.SPI2_SetSpeed)
    SPI_Cmd                                  0x08001201   Thumb Code    24  stm32f10x_spi.o(i.SPI_Cmd)
    SPI_Init                                 0x08001219   Thumb Code    60  stm32f10x_spi.o(i.SPI_Init)
    SVC_Handler                              0x08001255   Thumb Code     2  stm32f10x_it.o(i.SVC_Handler)
    SysTick_CLKSourceConfig                  0x08001341   Thumb Code    40  misc.o(i.SysTick_CLKSourceConfig)
    SysTick_Handler                          0x08001369   Thumb Code     2  stm32f10x_it.o(i.SysTick_Handler)
    SystemInit                               0x0800136d   Thumb Code    78  system_stm32f10x.o(i.SystemInit)
    TFT_Clear                                0x080013cd   Thumb Code    38  r61509v.o(i.TFT_Clear)
    TFT_CtrlLinesConfig                      0x080013f9   Thumb Code    96  r61509v.o(i.TFT_CtrlLinesConfig)
    TFT_FSMCConfig                           0x08001469   Thumb Code   116  r61509v.o(i.TFT_FSMCConfig)
    TFT_Init                                 0x080014dd   Thumb Code   596  r61509v.o(i.TFT_Init)
    TFT_ReadReg                              0x08001745   Thumb Code    12  r61509v.o(i.TFT_ReadReg)
    TFT_SetCursor                            0x08001751   Thumb Code    34  r61509v.o(i.TFT_SetCursor)
    TFT_WR_DATA                              0x08001773   Thumb Code     8  r61509v.o(i.TFT_WR_DATA)
    TFT_WriteRAM_Prepare                     0x0800177b   Thumb Code    12  r61509v.o(i.TFT_WriteRAM_Prepare)
    TFT_WriteReg                             0x08001787   Thumb Code    10  r61509v.o(i.TFT_WriteReg)
    TIM6_IRQHandler                          0x08001791   Thumb Code    38  timer.o(i.TIM6_IRQHandler)
    TIM_ClearITPendingBit                    0x080017d1   Thumb Code     6  stm32f10x_tim.o(i.TIM_ClearITPendingBit)
    TIM_GetITStatus                          0x080017d7   Thumb Code    34  stm32f10x_tim.o(i.TIM_GetITStatus)
    USART_Cmd                                0x080017f9   Thumb Code    24  stm32f10x_usart.o(i.USART_Cmd)
    USART_ITConfig                           0x08001811   Thumb Code    74  stm32f10x_usart.o(i.USART_ITConfig)
    USART_Init                               0x0800185d   Thumb Code   210  stm32f10x_usart.o(i.USART_Init)
    UsageFault_Handler                       0x08001935   Thumb Code     4  stm32f10x_it.o(i.UsageFault_Handler)
    _sys_exit                                0x08001939   Thumb Code     6  usart.o(i._sys_exit)
    delay_init                               0x08001941   Thumb Code    52  delay.o(i.delay_init)
    delay_ms                                 0x0800197d   Thumb Code    56  delay.o(i.delay_ms)
    fputc                                    0x080019b9   Thumb Code    24  usart.o(i.fputc)
    main                                     0x080019d5   Thumb Code   256  main.o(i.main)
    mem_init                                 0x08001b29   Thumb Code    66  mem_malloc.o(i.mem_init)
    mem_malloc                               0x08001b79   Thumb Code   356  mem_malloc.o(i.mem_malloc)
    uart_init                                0x08001d35   Thumb Code   152  usart.o(i.uart_init)
    table_week                               0x08001dd4   Data          12  rtc.o(.constdata)
    mon_table                                0x08001de0   Data          12  rtc.o(.constdata)
    Month_Tab                                0x08001dec   Data          36  rtc.o(.constdata)
    TX_ADDRESS                               0x08001e10   Data           5  24l01.o(.constdata)
    RX_ADDRESS                               0x08001e15   Data           5  24l01.o(.constdata)
    Region$$Table$$Base                      0x08001e5c   Number         0  anon$$obj.o(Region$$Table)
    Region$$Table$$Limit                     0x08001e7c   Number         0  anon$$obj.o(Region$$Table)
    __stdout                                 0x20000004   Data           4  usart.o(.data)
    POINT_COLOR                              0x20000024   Data           2  r61509v.o(.data)
    BACK_COLOR                               0x20000026   Data           2  r61509v.o(.data)
    DeviceCode                               0x20000028   Data           2  r61509v.o(.data)
    StopCondition                            0x20000034   Data           4  sdio_sd.o(.data)
    TransferError                            0x20000038   Data           1  sdio_sd.o(.data)
    TransferEnd                              0x2000003c   Data           4  sdio_sd.o(.data)
    COMPILED_DATE                            0x20000040   Data           4  rtc.o(.data)
    COMPILED_TIME                            0x20000044   Data           4  rtc.o(.data)
    Vsync                                    0x2000004a   Data           1  ov7670.o(.data)
    ov_frame                                 0x2000004b   Data           1  timer.o(.data)
    SPI_InitStructure                        0x2000004c   Data          18  spi.o(.bss)
    timer                                    0x2000005e   Data          10  rtc.o(.bss)
    __libspace_start                         0x20000068   Data          96  libspace.o(.bss)
    __temporary_stack_top$libspace           0x200000c8   Data           0  libspace.o(.bss)
    ram                                      0x68000000   Data       204816  mem_malloc.o(.ARM.__AT_0x68000000)



==============================================================================

Memory Map of the image

  Image Entry point : 0x08000131

  Load Region LR_IROM1 (Base: 0x08000000, Size: 0x00001ec8, Max: 0x00080000, ABSOLUTE)

    Execution Region ER_IROM1 (Exec base: 0x08000000, Load base: 0x08000000, Size: 0x00001e7c, Max: 0x00080000, ABSOLUTE)

    Exec Addr    Load Addr    Size         Type   Attr      Idx    E Section Name        Object

    0x08000000   0x08000000   0x00000130   Data   RO          254    RESET               startup_stm32f10x_hd.o
    0x08000130   0x08000130   0x00000008   Code   RO         5471  * !!!main             c_w.l(__main.o)
    0x08000138   0x08000138   0x00000034   Code   RO         5731    !!!scatter          c_w.l(__scatter.o)
    0x0800016c   0x0800016c   0x0000001a   Code   RO         5733    !!handler_copy      c_w.l(__scatter_copy.o)
    0x08000186   0x08000186   0x00000002   PAD
    0x08000188   0x08000188   0x0000001c   Code   RO         5735    !!handler_zi        c_w.l(__scatter_zi.o)
    0x080001a4   0x080001a4   0x00000000   Code   RO         5460    .ARM.Collect$$_printf_percent$$00000000  c_w.l(_printf_percent.o)
    0x080001a4   0x080001a4   0x00000006   Code   RO         5457    .ARM.Collect$$_printf_percent$$00000009  c_w.l(_printf_d.o)
    0x080001aa   0x080001aa   0x00000006   Code   RO         5456    .ARM.Collect$$_printf_percent$$0000000C  c_w.l(_printf_x.o)
    0x080001b0   0x080001b0   0x00000004   Code   RO         5524    .ARM.Collect$$_printf_percent$$00000017  c_w.l(_printf_percent_end.o)
    0x080001b4   0x080001b4   0x00000002   Code   RO         5608    .ARM.Collect$$libinit$$00000000  c_w.l(libinit.o)
    0x080001b6   0x080001b6   0x00000000   Code   RO         5610    .ARM.Collect$$libinit$$00000002  c_w.l(libinit2.o)
    0x080001b6   0x080001b6   0x00000000   Code   RO         5612    .ARM.Collect$$libinit$$00000004  c_w.l(libinit2.o)
    0x080001b6   0x080001b6   0x00000000   Code   RO         5615    .ARM.Collect$$libinit$$0000000A  c_w.l(libinit2.o)
    0x080001b6   0x080001b6   0x00000000   Code   RO         5617    .ARM.Collect$$libinit$$0000000C  c_w.l(libinit2.o)
    0x080001b6   0x080001b6   0x00000000   Code   RO         5619    .ARM.Collect$$libinit$$0000000E  c_w.l(libinit2.o)
    0x080001b6   0x080001b6   0x00000000   Code   RO         5622    .ARM.Collect$$libinit$$00000011  c_w.l(libinit2.o)
    0x080001b6   0x080001b6   0x00000000   Code   RO         5624    .ARM.Collect$$libinit$$00000013  c_w.l(libinit2.o)
    0x080001b6   0x080001b6   0x00000000   Code   RO         5626    .ARM.Collect$$libinit$$00000015  c_w.l(libinit2.o)
    0x080001b6   0x080001b6   0x00000000   Code   RO         5628    .ARM.Collect$$libinit$$00000017  c_w.l(libinit2.o)
    0x080001b6   0x080001b6   0x00000000   Code   RO         5630    .ARM.Collect$$libinit$$00000019  c_w.l(libinit2.o)
    0x080001b6   0x080001b6   0x00000000   Code   RO         5632    .ARM.Collect$$libinit$$0000001B  c_w.l(libinit2.o)
    0x080001b6   0x080001b6   0x00000000   Code   RO         5634    .ARM.Collect$$libinit$$0000001D  c_w.l(libinit2.o)
    0x080001b6   0x080001b6   0x00000000   Code   RO         5636    .ARM.Collect$$libinit$$0000001F  c_w.l(libinit2.o)
    0x080001b6   0x080001b6   0x00000000   Code   RO         5638    .ARM.Collect$$libinit$$00000021  c_w.l(libinit2.o)
    0x080001b6   0x080001b6   0x00000000   Code   RO         5640    .ARM.Collect$$libinit$$00000023  c_w.l(libinit2.o)
    0x080001b6   0x080001b6   0x00000000   Code   RO         5642    .ARM.Collect$$libinit$$00000025  c_w.l(libinit2.o)
    0x080001b6   0x080001b6   0x00000000   Code   RO         5646    .ARM.Collect$$libinit$$0000002C  c_w.l(libinit2.o)
    0x080001b6   0x080001b6   0x00000000   Code   RO         5648    .ARM.Collect$$libinit$$0000002E  c_w.l(libinit2.o)
    0x080001b6   0x080001b6   0x00000000   Code   RO         5650    .ARM.Collect$$libinit$$00000030  c_w.l(libinit2.o)
    0x080001b6   0x080001b6   0x00000000   Code   RO         5652    .ARM.Collect$$libinit$$00000032  c_w.l(libinit2.o)
    0x080001b6   0x080001b6   0x00000002   Code   RO         5653    .ARM.Collect$$libinit$$00000033  c_w.l(libinit2.o)
    0x080001b8   0x080001b8   0x00000002   Code   RO         5681    .ARM.Collect$$libshutdown$$00000000  c_w.l(libshutdown.o)
    0x080001ba   0x080001ba   0x00000000   Code   RO         5690    .ARM.Collect$$libshutdown$$00000002  c_w.l(libshutdown2.o)
    0x080001ba   0x080001ba   0x00000000   Code   RO         5692    .ARM.Collect$$libshutdown$$00000004  c_w.l(libshutdown2.o)
    0x080001ba   0x080001ba   0x00000000   Code   RO         5695    .ARM.Collect$$libshutdown$$00000007  c_w.l(libshutdown2.o)
    0x080001ba   0x080001ba   0x00000000   Code   RO         5698    .ARM.Collect$$libshutdown$$0000000A  c_w.l(libshutdown2.o)
    0x080001ba   0x080001ba   0x00000000   Code   RO         5700    .ARM.Collect$$libshutdown$$0000000C  c_w.l(libshutdown2.o)
    0x080001ba   0x080001ba   0x00000000   Code   RO         5703    .ARM.Collect$$libshutdown$$0000000F  c_w.l(libshutdown2.o)
    0x080001ba   0x080001ba   0x00000002   Code   RO         5704    .ARM.Collect$$libshutdown$$00000010  c_w.l(libshutdown2.o)
    0x080001bc   0x080001bc   0x00000000   Code   RO         5511    .ARM.Collect$$rtentry$$00000000  c_w.l(__rtentry.o)
    0x080001bc   0x080001bc   0x00000000   Code   RO         5535    .ARM.Collect$$rtentry$$00000002  c_w.l(__rtentry2.o)
    0x080001bc   0x080001bc   0x00000006   Code   RO         5547    .ARM.Collect$$rtentry$$00000004  c_w.l(__rtentry4.o)
    0x080001c2   0x080001c2   0x00000000   Code   RO         5537    .ARM.Collect$$rtentry$$00000009  c_w.l(__rtentry2.o)
    0x080001c2   0x080001c2   0x00000004   Code   RO         5538    .ARM.Collect$$rtentry$$0000000A  c_w.l(__rtentry2.o)
    0x080001c6   0x080001c6   0x00000000   Code   RO         5540    .ARM.Collect$$rtentry$$0000000C  c_w.l(__rtentry2.o)
    0x080001c6   0x080001c6   0x00000008   Code   RO         5541    .ARM.Collect$$rtentry$$0000000D  c_w.l(__rtentry2.o)
    0x080001ce   0x080001ce   0x00000002   Code   RO         5654    .ARM.Collect$$rtexit$$00000000  c_w.l(rtexit.o)
    0x080001d0   0x080001d0   0x00000000   Code   RO         5661    .ARM.Collect$$rtexit$$00000002  c_w.l(rtexit2.o)
    0x080001d0   0x080001d0   0x00000004   Code   RO         5662    .ARM.Collect$$rtexit$$00000003  c_w.l(rtexit2.o)
    0x080001d4   0x080001d4   0x00000006   Code   RO         5663    .ARM.Collect$$rtexit$$00000004  c_w.l(rtexit2.o)
    0x080001da   0x080001da   0x00000002   PAD
    0x080001dc   0x080001dc   0x00000040   Code   RO          255    .text               startup_stm32f10x_hd.o
    0x0800021c   0x0800021c   0x00000002   Code   RO         5398    .text               c_w.l(use_no_semi_2.o)
    0x0800021e   0x0800021e   0x00000002   PAD
    0x08000220   0x08000220   0x00000018   Code   RO         5404    .text               c_w.l(noretval__2printf.o)
    0x08000238   0x08000238   0x00000068   Code   RO         5408    .text               c_w.l(__printf.o)
    0x080002a0   0x080002a0   0x00000078   Code   RO         5412    .text               c_w.l(_printf_dec.o)
    0x08000318   0x08000318   0x00000058   Code   RO         5417    .text               c_w.l(_printf_hex_int.o)
    0x08000370   0x08000370   0x00000006   Code   RO         5469    .text               c_w.l(heapauxi.o)
    0x08000376   0x08000376   0x00000002   Code   RO         5509    .text               c_w.l(use_no_semi.o)
    0x08000378   0x08000378   0x000000b2   Code   RO         5512    .text               c_w.l(_printf_intcommon.o)
    0x0800042a   0x0800042a   0x00000002   PAD
    0x0800042c   0x0800042c   0x00000030   Code   RO         5516    .text               c_w.l(_printf_char_common.o)
    0x0800045c   0x0800045c   0x00000024   Code   RO         5522    .text               c_w.l(_printf_char_file.o)
    0x08000480   0x08000480   0x00000008   Code   RO         5585    .text               c_w.l(ferror.o)
    0x08000488   0x08000488   0x00000008   Code   RO         5596    .text               c_w.l(libspace.o)
    0x08000490   0x08000490   0x0000004a   Code   RO         5599    .text               c_w.l(sys_stackheap_outer.o)
    0x080004da   0x080004da   0x00000012   Code   RO         5601    .text               c_w.l(exit.o)
    0x080004ec   0x080004ec   0x00000048   Code   RO          390    i.ASSERT            util.o
    0x08000534   0x08000534   0x00000004   Code   RO          192    i.BusFault_Handler  stm32f10x_it.o
    0x08000538   0x08000538   0x00000028   Code   RO         4068    i.CmdResp1Error     sdio_sd.o
    0x08000560   0x08000560   0x00000002   Code   RO          193    i.DebugMon_Handler  stm32f10x_it.o
    0x08000562   0x08000562   0x00000002   PAD
    0x08000564   0x08000564   0x0000004c   Code   RO          194    i.EXTI15_10_IRQHandler  stm32f10x_it.o
    0x080005b0   0x080005b0   0x0000000c   Code   RO         1225    i.EXTI_ClearITPendingBit  stm32f10x_exti.o
    0x080005bc   0x080005bc   0x00000028   Code   RO         1229    i.EXTI_GetITStatus  stm32f10x_exti.o
    0x080005e4   0x080005e4   0x00000034   Code   RO         1466    i.FSMC_NORSRAMCmd   stm32f10x_fsmc.o
    0x08000618   0x08000618   0x000000e6   Code   RO         1468    i.FSMC_NORSRAMInit  stm32f10x_fsmc.o
    0x080006fe   0x080006fe   0x00000002   PAD
    0x08000700   0x08000700   0x00000100   Code   RO         3738    i.FSMC_SRAM_Init    sram.o
    0x08000800   0x08000800   0x00000116   Code   RO         1581    i.GPIO_Init         stm32f10x_gpio.o
    0x08000916   0x08000916   0x00000004   Code   RO         1588    i.GPIO_ResetBits    stm32f10x_gpio.o
    0x0800091a   0x0800091a   0x00000004   Code   RO         1589    i.GPIO_SetBits      stm32f10x_gpio.o
    0x0800091e   0x0800091e   0x00000004   Code   RO          195    i.HardFault_Handler  stm32f10x_it.o
    0x08000922   0x08000922   0x0000003a   Code   RO         4546    i.Is_Leap_Year      rtc.o
    0x0800095c   0x0800095c   0x00000038   Code   RO         3440    i.LED_Init          led.o
    0x08000994   0x08000994   0x00000004   Code   RO          196    i.MemManage_Handler  stm32f10x_it.o
    0x08000998   0x08000998   0x00000018   Code   RO          332    i.MemSet            mem_malloc.o
    0x080009b0   0x080009b0   0x00000002   Code   RO          197    i.NMI_Handler       stm32f10x_it.o
    0x080009b2   0x080009b2   0x00000002   PAD
    0x080009b4   0x080009b4   0x00000050   Code   RO         4731    i.NRF24L01_Check    24l01.o
    0x08000a04   0x08000a04   0x000000dc   Code   RO         4732    i.NRF24L01_Init     24l01.o
    0x08000ae0   0x08000ae0   0x00000058   Code   RO         4733    i.NRF24L01_RX_Mode  24l01.o
    0x08000b38   0x08000b38   0x0000003c   Code   RO         4734    i.NRF24L01_Read_Buf  24l01.o
    0x08000b74   0x08000b74   0x0000002c   Code   RO         4735    i.NRF24L01_Read_Reg  24l01.o
    0x08000ba0   0x08000ba0   0x0000003a   Code   RO         4736    i.NRF24L01_RxPacket  24l01.o
    0x08000bda   0x08000bda   0x00000002   PAD
    0x08000bdc   0x08000bdc   0x00000068   Code   RO         4737    i.NRF24L01_TX_Mode  24l01.o
    0x08000c44   0x08000c44   0x00000068   Code   RO         4738    i.NRF24L01_TxPacket  24l01.o
    0x08000cac   0x08000cac   0x0000003c   Code   RO         4739    i.NRF24L01_Write_Buf  24l01.o
    0x08000ce8   0x08000ce8   0x00000030   Code   RO         4740    i.NRF24L01_Write_Reg  24l01.o
    0x08000d18   0x08000d18   0x00000070   Code   RO          412    i.NVIC_Init         misc.o
    0x08000d88   0x08000d88   0x00000014   Code   RO          413    i.NVIC_PriorityGroupConfig  misc.o
    0x08000d9c   0x08000d9c   0x00000020   Code   RO         2002    i.RCC_AHBPeriphClockCmd  stm32f10x_rcc.o
    0x08000dbc   0x08000dbc   0x00000020   Code   RO         2003    i.RCC_APB1PeriphClockCmd  stm32f10x_rcc.o
    0x08000ddc   0x08000ddc   0x00000020   Code   RO         2005    i.RCC_APB2PeriphClockCmd  stm32f10x_rcc.o
    0x08000dfc   0x08000dfc   0x000000d4   Code   RO         2013    i.RCC_GetClocksFreq  stm32f10x_rcc.o
    0x08000ed0   0x08000ed0   0x00000108   Code   RO         4547    i.RTC_Get           rtc.o
    0x08000fd8   0x08000fd8   0x00000078   Code   RO         4548    i.RTC_Get_Week      rtc.o
    0x08001050   0x08001050   0x00000048   Code   RO         4549    i.RTC_IRQHandler    rtc.o
    0x08001098   0x08001098   0x0000000c   Code   RO         2293    i.SDIO_ClearITPendingBit  stm32f10x_sdio.o
    0x080010a4   0x080010a4   0x00000008   Code   RO         4077    i.SDIO_IRQHandler   sdio_sd.o
    0x080010ac   0x080010ac   0x00000020   Code   RO         2308    i.SDIO_ITConfig     stm32f10x_sdio.o
    0x080010cc   0x080010cc   0x00000058   Code   RO         4093    i.SD_ProcessIRQSrc  sdio_sd.o
    0x08001124   0x08001124   0x00000084   Code   RO         3594    i.SPI2_Init         spi.o
    0x080011a8   0x080011a8   0x00000034   Code   RO         3595    i.SPI2_ReadWriteByte  spi.o
    0x080011dc   0x080011dc   0x00000024   Code   RO         3596    i.SPI2_SetSpeed     spi.o
    0x08001200   0x08001200   0x00000018   Code   RO         2482    i.SPI_Cmd           stm32f10x_spi.o
    0x08001218   0x08001218   0x0000003c   Code   RO         2495    i.SPI_Init          stm32f10x_spi.o
    0x08001254   0x08001254   0x00000002   Code   RO          198    i.SVC_Handler       stm32f10x_it.o
    0x08001256   0x08001256   0x00000008   Code   RO         3406    i.SetSysClock       system_stm32f10x.o
    0x0800125e   0x0800125e   0x00000002   PAD
    0x08001260   0x08001260   0x000000e0   Code   RO         3407    i.SetSysClockTo72   system_stm32f10x.o
    0x08001340   0x08001340   0x00000028   Code   RO          416    i.SysTick_CLKSourceConfig  misc.o
    0x08001368   0x08001368   0x00000002   Code   RO          199    i.SysTick_Handler   stm32f10x_it.o
    0x0800136a   0x0800136a   0x00000002   PAD
    0x0800136c   0x0800136c   0x00000060   Code   RO         3409    i.SystemInit        system_stm32f10x.o
    0x080013cc   0x080013cc   0x0000002c   Code   RO         3764    i.TFT_Clear         r61509v.o
    0x080013f8   0x080013f8   0x00000070   Code   RO         3765    i.TFT_CtrlLinesConfig  r61509v.o
    0x08001468   0x08001468   0x00000074   Code   RO         3770    i.TFT_FSMCConfig    r61509v.o
    0x080014dc   0x080014dc   0x00000268   Code   RO         3773    i.TFT_Init          r61509v.o
    0x08001744   0x08001744   0x0000000c   Code   RO         3775    i.TFT_ReadReg       r61509v.o
    0x08001750   0x08001750   0x00000022   Code   RO         3925    i.TFT_SetCursor     r61509v.o
    0x08001772   0x08001772   0x00000008   Code   RO         3782    i.TFT_WR_DATA       r61509v.o
    0x0800177a   0x0800177a   0x0000000c   Code   RO         3785    i.TFT_WriteRAM_Prepare  r61509v.o
    0x08001786   0x08001786   0x0000000a   Code   RO         3786    i.TFT_WriteReg      r61509v.o
    0x08001790   0x08001790   0x00000040   Code   RO         4710    i.TIM6_IRQHandler   timer.o
    0x080017d0   0x080017d0   0x00000006   Code   RO         2632    i.TIM_ClearITPendingBit  stm32f10x_tim.o
    0x080017d6   0x080017d6   0x00000022   Code   RO         2658    i.TIM_GetITStatus   stm32f10x_tim.o
    0x080017f8   0x080017f8   0x00000018   Code   RO         3173    i.USART_Cmd         stm32f10x_usart.o
    0x08001810   0x08001810   0x0000004a   Code   RO         3179    i.USART_ITConfig    stm32f10x_usart.o
    0x0800185a   0x0800185a   0x00000002   PAD
    0x0800185c   0x0800185c   0x000000d8   Code   RO         3180    i.USART_Init        stm32f10x_usart.o
    0x08001934   0x08001934   0x00000004   Code   RO          200    i.UsageFault_Handler  stm32f10x_it.o
    0x08001938   0x08001938   0x00000006   Code   RO          287    i._sys_exit         usart.o
    0x0800193e   0x0800193e   0x00000002   PAD
    0x08001940   0x08001940   0x0000003c   Code   RO          260    i.delay_init        delay.o
    0x0800197c   0x0800197c   0x0000003c   Code   RO          261    i.delay_ms          delay.o
    0x080019b8   0x080019b8   0x0000001c   Code   RO          288    i.fputc             usart.o
    0x080019d4   0x080019d4   0x00000154   Code   RO            1    i.main              main.o
    0x08001b28   0x08001b28   0x00000050   Code   RO          334    i.mem_init          mem_malloc.o
    0x08001b78   0x08001b78   0x000001bc   Code   RO          335    i.mem_malloc        mem_malloc.o
    0x08001d34   0x08001d34   0x000000a0   Code   RO          290    i.uart_init         usart.o
    0x08001dd4   0x08001dd4   0x0000003c   Data   RO         4554    .constdata          rtc.o
    0x08001e10   0x08001e10   0x0000000a   Data   RO         4741    .constdata          24l01.o
    0x08001e1a   0x08001e1a   0x00000028   Data   RO         5418    .constdata          c_w.l(_printf_hex_int.o)
    0x08001e42   0x08001e42   0x00000002   PAD
    0x08001e44   0x08001e44   0x00000018   Data   RO         4555    .conststring        rtc.o
    0x08001e5c   0x08001e5c   0x00000020   Data   RO         5729    Region$$Table       anon$$obj.o


    Execution Region RW_IRAM1 (Exec base: 0x20000000, Load base: 0x08001e7c, Size: 0x000006c8, Max: 0x00010000, ABSOLUTE)

    Exec Addr    Load Addr    Size         Type   Attr      Idx    E Section Name        Object

    0x20000000   0x08001e7c   0x00000004   Data   RW          263    .data               delay.o
    0x20000004   0x08001e80   0x00000004   Data   RW          291    .data               usart.o
    0x20000008   0x08001e84   0x00000008   Data   RW          340    .data               mem_malloc.o
    0x20000010   0x08001e8c   0x00000014   Data   RW         2033    .data               stm32f10x_rcc.o
    0x20000024   0x08001ea0   0x00000006   Data   RW         3789    .data               r61509v.o
    0x2000002a   0x08001ea6   0x00000002   PAD
    0x2000002c   0x08001ea8   0x00000014   Data   RW         4106    .data               sdio_sd.o
    0x20000040   0x08001ebc   0x0000000a   Data   RW         4556    .data               rtc.o
    0x2000004a   0x08001ec6   0x00000001   Data   RW         4614    .data               ov7670.o
    0x2000004b   0x08001ec7   0x00000001   Data   RW         4712    .data               timer.o
    0x2000004c        -       0x00000012   Zero   RW         3597    .bss                spi.o
    0x2000005e        -       0x0000000a   Zero   RW         4553    .bss                rtc.o
    0x20000068        -       0x00000060   Zero   RW         5597    .bss                c_w.l(libspace.o)
    0x200000c8        -       0x00000200   Zero   RW          253    HEAP                startup_stm32f10x_hd.o
    0x200002c8        -       0x00000400   Zero   RW          252    STACK               startup_stm32f10x_hd.o



  Load Region LR$$.ARM.__AT_0x68000000 (Base: 0x68000000, Size: 0x00000000, Max: 0x00032010, ABSOLUTE)

    Execution Region ER$$.ARM.__AT_0x68000000 (Exec base: 0x68000000, Load base: 0x68000000, Size: 0x00032010, Max: 0x00032010, ABSOLUTE, UNINIT)

    Exec Addr    Load Addr    Size         Type   Attr      Idx    E Section Name        Object

    0x68000000        -       0x00032010   Zero   RW          339    .ARM.__AT_0x68000000  mem_malloc.o


==============================================================================

Image component sizes


      Code (inc. data)   RO Data    RW Data    ZI Data      Debug   Object Name

       866         96         10          0          0       6837   24l01.o
       120         12          0          4          0       1212   delay.o
        56          6          0          0          0        479   led.o
       340         84          0          0          0     284050   main.o
       548        102          0          8     204816       2750   mem_malloc.o
       172         22          0          0          0       1929   misc.o
         0          0          0          1          0        675   ov7670.o
       964         42          0          6          0       5872   r61509v.o
       514         30         84         10         10       3632   rtc.o
       136         22          0         20          0       4502   sdio_sd.o
       220         30          0          0         18       1809   spi.o
       256         18          0          0          0        701   sram.o
        64         26        304          0       1536        824   startup_stm32f10x_hd.o
        52         12          0          0          0       1072   stm32f10x_exti.o
       282          6          0          0          0       1717   stm32f10x_fsmc.o
       286          0          0          0          0       2900   stm32f10x_gpio.o
       100         10          0          0          0       3852   stm32f10x_it.o
       308         38          0         20          0       4826   stm32f10x_rcc.o
        44         12          0          0          0       1009   stm32f10x_sdio.o
        84          0          0          0          0       2033   stm32f10x_spi.o
        40          0          0          0          0       1650   stm32f10x_tim.o
       314          6          0          0          0       3554   stm32f10x_usart.o
       328         28          0          0          0       1865   system_stm32f10x.o
        64         26          0          1          0        689   timer.o
       194         12          0          4          0       4046   usart.o
        72         34          0          0          0        829   util.o

    ----------------------------------------------------------------------
      6440        674        430         76     206380     345314   Object Totals
         0          0         32          0          0          0   (incl. Generated)
        16          0          0          2          0          0   (incl. Padding)

    ----------------------------------------------------------------------

      Code (inc. data)   RO Data    RW Data    ZI Data      Debug   Library Member Name

         8          0          0          0          0         68   __main.o
       104          0          0          0          0         84   __printf.o
         0          0          0          0          0          0   __rtentry.o
        12          0          0          0          0          0   __rtentry2.o
         6          0          0          0          0          0   __rtentry4.o
        52          8          0          0          0          0   __scatter.o
        26          0          0          0          0          0   __scatter_copy.o
        28          0          0          0          0          0   __scatter_zi.o
        48          6          0          0          0         96   _printf_char_common.o
        36          4          0          0          0         80   _printf_char_file.o
         6          0          0          0          0          0   _printf_d.o
       120         16          0          0          0         92   _printf_dec.o
        88          4         40          0          0         88   _printf_hex_int.o
       178          0          0          0          0         88   _printf_intcommon.o
         0          0          0          0          0          0   _printf_percent.o
         4          0          0          0          0          0   _printf_percent_end.o
         6          0          0          0          0          0   _printf_x.o
        18          0          0          0          0         80   exit.o
         8          0          0          0          0         68   ferror.o
         6          0          0          0          0        152   heapauxi.o
         2          0          0          0          0          0   libinit.o
         2          0          0          0          0          0   libinit2.o
         2          0          0          0          0          0   libshutdown.o
         2          0          0          0          0          0   libshutdown2.o
         8          4          0          0         96         68   libspace.o
        24          4          0          0          0         84   noretval__2printf.o
         2          0          0          0          0          0   rtexit.o
        10          0          0          0          0          0   rtexit2.o
        74          0          0          0          0         80   sys_stackheap_outer.o
         2          0          0          0          0         68   use_no_semi.o
         2          0          0          0          0         68   use_no_semi_2.o

    ----------------------------------------------------------------------
       892         46         42          0         96       1264   Library Totals
         8          0          2          0          0          0   (incl. Padding)

    ----------------------------------------------------------------------

      Code (inc. data)   RO Data    RW Data    ZI Data      Debug   Library Name

       884         46         40          0         96       1264   c_w.l

    ----------------------------------------------------------------------
       892         46         42          0         96       1264   Library Totals

    ----------------------------------------------------------------------

==============================================================================


      Code (inc. data)   RO Data    RW Data    ZI Data      Debug   

      7332        720        472         76     206476     342206   Grand Totals
      7332        720        472         76     206476     342206   ELF Image Totals
      7332        720        472         76          0          0   ROM Totals

==============================================================================

    Total RO  Size (Code + RO Data)                 7804 (   7.62kB)
    Total RW  Size (RW Data + ZI Data)            206552 ( 201.71kB)
    Total ROM Size (Code + RO Data + RW Data)       7880 (   7.70kB)

==============================================================================

