<html>
<body>
<pre>
<h1>礦ision Build Log</h1>
<h2>Tool Versions:</h2>
IDE-Version: μVision V5.21.1.0
Copyright (C) 2016 ARM Ltd and ARM Germany GmbH. All rights reserved.
License Information: td Microso, Microsof, LIC=NQQCX-H3IZM-PZJWB-29M33-SK4DB-IPBEJ
 
Tool Versions:
Toolchain:       MDK-ARM Plus  Version: 5.21a
Toolchain Path:  D:\ZZZruanjian\ARM\ARMCC\Bin
C Compiler:      Armcc.exe V5.06 update 3 (build 300)
Assembler:       Armasm.exe V5.06 update 3 (build 300)
Linker/Locator:  ArmLink.exe V5.06 update 3 (build 300)
Library Manager: ArmAr.exe V5.06 update 3 (build 300)
Hex Converter:   FromElf.exe V5.06 update 3 (build 300)
CPU DLL:         SARMCM3.DLL V5.21a
Dialog DLL:      DARMSTM.DLL V1.66.0.1
Target DLL:      Segger\JL2CM3.dll V2.99.23.0
Dialog DLL:      TARMSTM.DLL V1.65.0.0
 
<h2>Project:</h2>
D:\360极速浏览器下载\NRF24L01视频传输\发送\PROJECT\test.uvproj
Project File Date:  02/26/2014

<h2>Output:</h2>
*** Using Compiler 'V5.06 update 3 (build 300)', folder: 'D:\ZZZruanjian\ARM\ARMCC\Bin'
Build target 'Target 1'
assembling startup_stm32f10x_hd.s...
compiling stm32f10x_it.c...
compiling main.c...
compiling delay.c...
compiling usart.c...
compiling mem_malloc.c...
compiling core_cm3.c...
compiling util.c...
compiling misc.c...
compiling stm32f10x_bkp.c...
compiling stm32f10x_adc.c...
compiling stm32f10x_cec.c...
compiling stm32f10x_crc.c...
compiling stm32f10x_can.c...
compiling stm32f10x_dac.c...
compiling stm32f10x_dbgmcu.c...
compiling stm32f10x_exti.c...
compiling stm32f10x_dma.c...
compiling stm32f10x_flash.c...
compiling stm32f10x_fsmc.c...
compiling stm32f10x_gpio.c...
compiling stm32f10x_i2c.c...
compiling stm32f10x_iwdg.c...
compiling stm32f10x_pwr.c...
compiling stm32f10x_rcc.c...
compiling stm32f10x_rtc.c...
compiling stm32f10x_sdio.c...
compiling stm32f10x_spi.c...
compiling stm32f10x_tim.c...
compiling stm32f10x_usart.c...
compiling stm32f10x_wwdg.c...
compiling system_stm32f10x.c...
compiling key.c...
compiling led.c...
compiling 24cxx.c...
compiling buzzer.c...
compiling myiic.c...
compiling spi.c...
compiling flash.c...
compiling sram.c...
compiling R61509V.c...
compiling touch.c...
compiling sdio_sd.c...
compiling ch375.c...
compiling rtc.c...
compiling VS10XX.c...
compiling SCCB.c...
compiling OV7670.c...
compiling timer.c...
compiling 24l01.c...
compiling diskio.c...
compiling explorer.c...
compiling ff.c...
compiling mycc936.c...
compiling mp3player.c...
compiling display_hazi.c...
compiling fontupd.c...
compiling bmp.c...
compiling show_picture.c...
compiling tjpgd.c...
linking...
Program Size: Code=7956 RO-data=700 RW-data=68 ZI-data=206476  
FromELF: creating hex file...
".\obj\test.axf" - 0 Error(s), 0 Warning(s).
Build Time Elapsed:  00:00:29
</pre>
</body>
</html>
