Component: ARM Compiler 5.06 update 6 (build 750) Tool: armlink [4d35ed]

==============================================================================

Section Cross References

    main.o(i.OV7670_camera_refresh) refers to lcd.o(i.LCD_Scan_Dir) for LCD_Scan_Dir
    main.o(i.OV7670_camera_refresh) refers to lcd.o(i.LCD_Set_Window) for LCD_Set_Window
    main.o(i.OV7670_camera_refresh) refers to lcd.o(i.LCD_WriteRAM_Prepare) for LCD_WriteRAM_Prepare
    main.o(i.OV7670_camera_refresh) refers to exti.o(.data) for ov_sta
    main.o(i.OV7670_camera_refresh) refers to lcd.o(.bss) for lcddev
    main.o(i.OV7670_camera_refresh) refers to main.o(.bss) for .bss
    main.o(i.OV7670_camera_refresh) refers to main.o(.data) for .data
    main.o(i.OV7670_camera_refresh) refers to timer.o(.data) for ov_frame
    main.o(i.OV7725_camera_refresh) refers to lcd.o(i.LCD_Scan_Dir) for LCD_Scan_Dir
    main.o(i.OV7725_camera_refresh) refers to lcd.o(i.LCD_Set_Window) for LCD_Set_Window
    main.o(i.OV7725_camera_refresh) refers to lcd.o(i.LCD_WriteRAM_Prepare) for LCD_WriteRAM_Prepare
    main.o(i.OV7725_camera_refresh) refers to 24l01.o(i.NRF24L01_TX_Mode) for NRF24L01_TX_Mode
    main.o(i.OV7725_camera_refresh) refers to 24l01.o(i.NRF24L01_TxPacket) for NRF24L01_TxPacket
    main.o(i.OV7725_camera_refresh) refers to 24l01.o(i.NRF24L01_RX_Mode) for NRF24L01_RX_Mode
    main.o(i.OV7725_camera_refresh) refers to 24l01.o(i.NRF24L01_RxPacket) for NRF24L01_RxPacket
    main.o(i.OV7725_camera_refresh) refers to noretval__2printf.o(.text) for __2printf
    main.o(i.OV7725_camera_refresh) refers to exti.o(.data) for ov_sta
    main.o(i.OV7725_camera_refresh) refers to lcd.o(.bss) for lcddev
    main.o(i.OV7725_camera_refresh) refers to main.o(.data) for .data
    main.o(i.OV7725_camera_refresh) refers to main.o(.bss) for .bss
    main.o(i.OV7725_camera_refresh) refers to timer.o(.data) for ov_frame
    main.o(i.main) refers to _printf_percent.o(.ARM.Collect$$_printf_percent$$00000000) for _printf_percent
    main.o(i.main) refers to _printf_s.o(.ARM.Collect$$_printf_percent$$00000014) for _printf_s
    main.o(i.main) refers to _printf_str.o(.text) for _printf_str
    main.o(i.main) refers to _printf_d.o(.ARM.Collect$$_printf_percent$$00000009) for _printf_d
    main.o(i.main) refers to _printf_dec.o(.text) for _printf_int_dec
    main.o(i.main) refers to delay.o(i.delay_init) for delay_init
    main.o(i.main) refers to misc.o(i.NVIC_PriorityGroupConfig) for NVIC_PriorityGroupConfig
    main.o(i.main) refers to usart.o(i.uart_init) for uart_init
    main.o(i.main) refers to led.o(i.LED_Init) for LED_Init
    main.o(i.main) refers to key.o(i.KEY_Init) for KEY_Init
    main.o(i.main) refers to lcd.o(i.LCD_Init) for LCD_Init
    main.o(i.main) refers to tpad.o(i.TPAD_Init) for TPAD_Init
    main.o(i.main) refers to lcd.o(i.LCD_ShowString) for LCD_ShowString
    main.o(i.main) refers to 24l01.o(i.NRF24L01_Init) for NRF24L01_Init
    main.o(i.main) refers to 24l01.o(i.NRF24L01_Check) for NRF24L01_Check
    main.o(i.main) refers to noretval__2printf.o(.text) for __2printf
    main.o(i.main) refers to 24l01.o(i.NRF24L01_TX_Mode) for NRF24L01_TX_Mode
    main.o(i.main) refers to ov7725.o(i.OV7725_Init) for OV7725_Init
    main.o(i.main) refers to ov7670.o(i.OV7670_Init) for OV7670_Init
    main.o(i.main) refers to delay.o(i.delay_ms) for delay_ms
    main.o(i.main) refers to lcd.o(i.LCD_Fill) for LCD_Fill
    main.o(i.main) refers to key.o(i.KEY_Scan) for KEY_Scan
    main.o(i.main) refers to ov7725.o(i.OV7725_Window_Set) for OV7725_Window_Set
    main.o(i.main) refers to ov7725.o(i.OV7725_Light_Mode) for OV7725_Light_Mode
    main.o(i.main) refers to ov7725.o(i.OV7725_Color_Saturation) for OV7725_Color_Saturation
    main.o(i.main) refers to ov7725.o(i.OV7725_Brightness) for OV7725_Brightness
    main.o(i.main) refers to ov7725.o(i.OV7725_Contrast) for OV7725_Contrast
    main.o(i.main) refers to ov7725.o(i.OV7725_Special_Effects) for OV7725_Special_Effects
    main.o(i.main) refers to ov7670.o(i.OV7670_Light_Mode) for OV7670_Light_Mode
    main.o(i.main) refers to ov7670.o(i.OV7670_Color_Saturation) for OV7670_Color_Saturation
    main.o(i.main) refers to ov7670.o(i.OV7670_Brightness) for OV7670_Brightness
    main.o(i.main) refers to ov7670.o(i.OV7670_Contrast) for OV7670_Contrast
    main.o(i.main) refers to ov7670.o(i.OV7670_Special_Effects) for OV7670_Special_Effects
    main.o(i.main) refers to ov7670.o(i.OV7670_Window_Set) for OV7670_Window_Set
    main.o(i.main) refers to timer.o(i.TIM6_Int_Init) for TIM6_Int_Init
    main.o(i.main) refers to exti.o(i.EXTI8_Init) for EXTI8_Init
    main.o(i.main) refers to lcd.o(i.LCD_Clear) for LCD_Clear
    main.o(i.main) refers to noretval__2sprintf.o(.text) for __2sprintf
    main.o(i.main) refers to tpad.o(i.TPAD_Scan) for TPAD_Scan
    main.o(i.main) refers to main.o(i.OV7725_camera_refresh) for OV7725_camera_refresh
[...]
    i.NRF24L01_RX_Mode                       0x080032d0   Section        0  24l01.o(i.NRF24L01_RX_Mode)
    i.NRF24L01_Read_Buf                      0x08003328   Section        0  24l01.o(i.NRF24L01_Read_Buf)
    i.NRF24L01_Read_Reg                      0x08003364   Section        0  24l01.o(i.NRF24L01_Read_Reg)
    i.NRF24L01_RxPacket                      0x08003388   Section        0  24l01.o(i.NRF24L01_RxPacket)
    i.NRF24L01_TX_Mode                       0x080033c0   Section        0  24l01.o(i.NRF24L01_TX_Mode)
    i.NRF24L01_TxPacket                      0x08003424   Section        0  24l01.o(i.NRF24L01_TxPacket)
    i.NRF24L01_Write_Buf                     0x08003480   Section        0  24l01.o(i.NRF24L01_Write_Buf)
    i.NRF24L01_Write_Reg                     0x080034bc   Section        0  24l01.o(i.NRF24L01_Write_Reg)
    i.NVIC_Init                              0x080034e8   Section        0  misc.o(i.NVIC_Init)
    i.NVIC_PriorityGroupConfig               0x0800354c   Section        0  misc.o(i.NVIC_PriorityGroupConfig)
    i.OV7670_Brightness                      0x08003560   Section        0  ov7670.o(i.OV7670_Brightness)
    i.OV7670_Color_Saturation                0x08003586   Section        0  ov7670.o(i.OV7670_Color_Saturation)
    i.OV7670_Contrast                        0x080035f8   Section        0  ov7670.o(i.OV7670_Contrast)
    i.OV7670_Init                            0x08003620   Section        0  ov7670.o(i.OV7670_Init)
    i.OV7670_Light_Mode                      0x08003730   Section        0  ov7670.o(i.OV7670_Light_Mode)
    i.OV7670_Special_Effects                 0x080037ae   Section        0  ov7670.o(i.OV7670_Special_Effects)
    i.OV7670_Window_Set                      0x0800382e   Section        0  ov7670.o(i.OV7670_Window_Set)
    i.OV7670_camera_refresh                  0x0800389c   Section        0  main.o(i.OV7670_camera_refresh)
    i.OV7725_Brightness                      0x080039b8   Section        0  ov7725.o(i.OV7725_Brightness)
    i.OV7725_Color_Saturation                0x08003a06   Section        0  ov7725.o(i.OV7725_Color_Saturation)
    i.OV7725_Contrast                        0x08003a28   Section        0  ov7725.o(i.OV7725_Contrast)
    i.OV7725_Init                            0x08003a40   Section        0  ov7725.o(i.OV7725_Init)
    i.OV7725_Light_Mode                      0x08003b9c   Section        0  ov7725.o(i.OV7725_Light_Mode)
    i.OV7725_Special_Effects                 0x08003c34   Section        0  ov7725.o(i.OV7725_Special_Effects)
    i.OV7725_Window_Set                      0x08003cbe   Section        0  ov7725.o(i.OV7725_Window_Set)
    i.OV7725_camera_refresh                  0x08003e04   Section        0  main.o(i.OV7725_camera_refresh)
    i.PendSV_Handler                         0x08003f68   Section        0  stm32f10x_it.o(i.PendSV_Handler)
    i.RCC_AHBPeriphClockCmd                  0x08003f6c   Section        0  stm32f10x_rcc.o(i.RCC_AHBPeriphClockCmd)
    i.RCC_APB1PeriphClockCmd                 0x08003f84   Section        0  stm32f10x_rcc.o(i.RCC_APB1PeriphClockCmd)
    i.RCC_APB2PeriphClockCmd                 0x08003f9c   Section        0  stm32f10x_rcc.o(i.RCC_APB2PeriphClockCmd)
    i.RCC_GetClocksFreq                      0x08003fb4   Section        0  stm32f10x_rcc.o(i.RCC_GetClocksFreq)
    i.SCCB_Init                              0x08004048   Section        0  sccb.o(i.SCCB_Init)
    i.SCCB_No_Ack                            0x080040b4   Section        0  sccb.o(i.SCCB_No_Ack)
    i.SCCB_RD_Byte                           0x080040f8   Section        0  sccb.o(i.SCCB_RD_Byte)
    i.SCCB_RD_Reg                            0x0800416c   Section        0  sccb.o(i.SCCB_RD_Reg)
    i.SCCB_Start                             0x080041b8   Section        0  sccb.o(i.SCCB_Start)
    i.SCCB_Stop                              0x080041ec   Section        0  sccb.o(i.SCCB_Stop)
    i.SCCB_WR_Byte                           0x08004224   Section        0  sccb.o(i.SCCB_WR_Byte)
    i.SCCB_WR_Reg                            0x080042b4   Section        0  sccb.o(i.SCCB_WR_Reg)
    i.SPI2_Init                              0x080042f4   Section        0  spi.o(i.SPI2_Init)
    i.SPI2_ReadWriteByte                     0x08004388   Section        0  spi.o(i.SPI2_ReadWriteByte)
    i.SPI2_SetSpeed                          0x080043d8   Section        0  spi.o(i.SPI2_SetSpeed)
    i.SPI_Cmd                                0x080043f4   Section        0  stm32f10x_spi.o(i.SPI_Cmd)
    i.SPI_I2S_GetFlagStatus                  0x08004408   Section        0  stm32f10x_spi.o(i.SPI_I2S_GetFlagStatus)
    i.SPI_I2S_ReceiveData                    0x08004416   Section        0  stm32f10x_spi.o(i.SPI_I2S_ReceiveData)
    i.SPI_I2S_SendData                       0x0800441a   Section        0  stm32f10x_spi.o(i.SPI_I2S_SendData)
    i.SPI_Init                               0x0800441e   Section        0  stm32f10x_spi.o(i.SPI_Init)
    i.SVC_Handler                            0x08004456   Section        0  stm32f10x_it.o(i.SVC_Handler)
    i.SetSysClockTo72                        0x08004458   Section        0  system_stm32f10x.o(i.SetSysClockTo72)
    SetSysClockTo72                          0x08004459   Thumb Code   160  system_stm32f10x.o(i.SetSysClockTo72)
    i.SysTick_CLKSourceConfig                0x08004500   Section        0  misc.o(i.SysTick_CLKSourceConfig)
    i.SysTick_Handler                        0x08004518   Section        0  stm32f10x_it.o(i.SysTick_Handler)
    i.SystemInit                             0x0800451c   Section        0  system_stm32f10x.o(i.SystemInit)
    i.TI1_Config                             0x0800456c   Section        0  stm32f10x_tim.o(i.TI1_Config)
    TI1_Config                               0x0800456d   Thumb Code    88  stm32f10x_tim.o(i.TI1_Config)
    i.TI2_Config                             0x080045d8   Section        0  stm32f10x_tim.o(i.TI2_Config)
    TI2_Config                               0x080045d9   Thumb Code   102  stm32f10x_tim.o(i.TI2_Config)
    i.TIM3_IRQHandler                        0x08004654   Section        0  timer.o(i.TIM3_IRQHandler)
    i.TIM4_IRQHandler                        0x08004688   Section        0  usmart.o(i.TIM4_IRQHandler)
    i.TIM5_CH2_Cap_Init                      0x080046c4   Section        0  tpad.o(i.TIM5_CH2_Cap_Init)
    i.TIM5_IRQHandler                        0x08004744   Section        0  timer.o(i.TIM5_IRQHandler)
    i.TIM6_IRQHandler                        0x080047cc   Section        0  timer.o(i.TIM6_IRQHandler)
    i.TIM6_Int_Init                          0x0800480c   Section        0  timer.o(i.TIM6_Int_Init)
    i.TIM_ClearFlag                          0x0800486c   Section        0  stm32f10x_tim.o(i.TIM_ClearFlag)
    i.TIM_ClearITPendingBit                  0x08004872   Section        0  stm32f10x_tim.o(i.TIM_ClearITPendingBit)
    i.TIM_Cmd                                0x08004878   Section        0  stm32f10x_tim.o(i.TIM_Cmd)
    i.TIM_GetCapture1                        0x0800488c   Section        0  stm32f10x_tim.o(i.TIM_GetCapture1)
    i.TIM_GetCapture2                        0x08004890   Section        0  stm32f10x_tim.o(i.TIM_GetCapture2)
    i.TIM_GetCounter                         0x08004894   Section        0  stm32f10x_tim.o(i.TIM_GetCounter)
    i.TIM_GetFlagStatus                      0x08004898   Section        0  stm32f10x_tim.o(i.TIM_GetFlagStatus)
    i.TIM_GetITStatus                        0x080048a6   Section        0  stm32f10x_tim.o(i.TIM_GetITStatus)
    i.TIM_ICInit                             0x080048c0   Section        0  stm32f10x_tim.o(i.TIM_ICInit)
    i.TIM_ITConfig                           0x080049ec   Section        0  stm32f10x_tim.o(i.TIM_ITConfig)
    i.TIM_OC1PolarityConfig                  0x080049fc   Section        0  stm32f10x_tim.o(i.TIM_OC1PolarityConfig)
    i.TIM_SetAutoreload                      0x08004a08   Section        0  stm32f10x_tim.o(i.TIM_SetAutoreload)
    i.TIM_SetCounter                         0x08004a0c   Section        0  stm32f10x_tim.o(i.TIM_SetCounter)
    i.TIM_SetIC1Prescaler                    0x08004a10   Section        0  stm32f10x_tim.o(i.TIM_SetIC1Prescaler)
    i.TIM_SetIC2Prescaler                    0x08004a20   Section        0  stm32f10x_tim.o(i.TIM_SetIC2Prescaler)
    i.TIM_SetIC3Prescaler                    0x08004a38   Section        0  stm32f10x_tim.o(i.TIM_SetIC3Prescaler)
    i.TIM_SetIC4Prescaler                    0x08004a48   Section        0  stm32f10x_tim.o(i.TIM_SetIC4Prescaler)
    i.TIM_TimeBaseInit                       0x08004a60   Section        0  stm32f10x_tim.o(i.TIM_TimeBaseInit)
    i.TPAD_Get_MaxVal                        0x08004afc   Section        0  tpad.o(i.TPAD_Get_MaxVal)
    i.TPAD_Get_Val                           0x08004b18   Section        0  tpad.o(i.TPAD_Get_Val)
    i.TPAD_Init                              0x08004b54   Section        0  tpad.o(i.TPAD_Init)
    i.TPAD_Reset                             0x08004bfc   Section        0  tpad.o(i.TPAD_Reset)
    i.TPAD_Scan                              0x08004c5c   Section        0  tpad.o(i.TPAD_Scan)
    i.Timer4_Init                            0x08004c9c   Section        0  usmart.o(i.Timer4_Init)
    i.USART1_IRQHandler                      0x08004cfc   Section        0  usart.o(i.USART1_IRQHandler)
    i.USART_Cmd                              0x08004d60   Section        0  stm32f10x_usart.o(i.USART_Cmd)
    i.USART_GetITStatus                      0x08004d74   Section        0  stm32f10x_usart.o(i.USART_GetITStatus)
    i.USART_ITConfig                         0x08004db2   Section        0  stm32f10x_usart.o(i.USART_ITConfig)
    i.USART_Init                             0x08004de4   Section        0  stm32f10x_usart.o(i.USART_Init)
    i.USART_ReceiveData                      0x08004e90   Section        0  stm32f10x_usart.o(i.USART_ReceiveData)
    i.UsageFault_Handler                     0x08004e98   Section        0  stm32f10x_it.o(i.UsageFault_Handler)
    i._is_digit                              0x08004e9a   Section        0  __printf_wp.o(i._is_digit)
    i._sys_exit                              0x08004ea8   Section        0  usart.o(i._sys_exit)
    i.delay_init                             0x08004eac   Section        0  delay.o(i.delay_init)
    i.delay_ms                               0x08004ee8   Section        0  delay.o(i.delay_ms)
    i.delay_us                               0x08004f1c   Section        0  delay.o(i.delay_us)
    i.fputc                                  0x08004f50   Section        0  usart.o(i.fputc)
    i.main                                   0x08004f68   Section        0  main.o(i.main)
    i.read_addr                              0x08005530   Section        0  usmart.o(i.read_addr)
    i.uart_init                              0x08005534   Section        0  usart.o(i.uart_init)
    i.usmart_cmd_rec                         0x080055d4   Section        0  usmart.o(i.usmart_cmd_rec)
    i.usmart_exe                             0x08005668   Section        0  usmart.o(i.usmart_exe)
    i.usmart_get_aparm                       0x080058c8   Section        0  usmart_str.o(i.usmart_get_aparm)
    i.usmart_get_cmdname                     0x08005964   Section        0  usmart_str.o(i.usmart_get_cmdname)
    i.usmart_get_fname                       0x08005994   Section        0  usmart_str.o(i.usmart_get_fname)
    i.usmart_get_fparam                      0x08005afc   Section        0  usmart_str.o(i.usmart_get_fparam)
    i.usmart_get_parmpos                     0x08005bcc   Section        0  usmart_str.o(i.usmart_get_parmpos)
    i.usmart_get_runtime                     0x08005bf0   Section        0  usmart.o(i.usmart_get_runtime)
    i.usmart_init                            0x08005c28   Section        0  usmart.o(i.usmart_init)
    i.usmart_pow                             0x08005c50   Section        0  usmart_str.o(i.usmart_pow)
    i.usmart_reset_runtime                   0x08005c60   Section        0  usmart.o(i.usmart_reset_runtime)
    i.usmart_scan                            0x08005c90   Section        0  usmart.o(i.usmart_scan)
    i.usmart_search_nextc                    0x08005d34   Section        0  usmart_str.o(i.usmart_search_nextc)
    i.usmart_str2num                         0x08005d44   Section        0  usmart_str.o(i.usmart_str2num)
    i.usmart_strcmp                          0x08005de4   Section        0  usmart_str.o(i.usmart_strcmp)
    i.usmart_strcopy                         0x08005dfc   Section        0  usmart_str.o(i.usmart_strcopy)
    i.usmart_strlen                          0x08005e0e   Section        0  usmart_str.o(i.usmart_strlen)
    i.usmart_sys_cmd_exe                     0x08005e20   Section        0  usmart.o(i.usmart_sys_cmd_exe)
    i.write_addr                             0x08006490   Section        0  usmart.o(i.write_addr)
    x$fpl$dfixu                              0x08006494   Section       90  dfixu.o(x$fpl$dfixu)
    x$fpl$dfltu                              0x080064ee   Section       38  dflt_clz.o(x$fpl$dfltu)
    x$fpl$dmul                               0x08006514   Section      340  dmul.o(x$fpl$dmul)
    x$fpl$dnaninf                            0x08006668   Section      156  dnaninf.o(x$fpl$dnaninf)
    x$fpl$dretinf                            0x08006704   Section       12  dretinf.o(x$fpl$dretinf)
    .constdata                               0x08006710   Section     6080  lcd.o(.constdata)
    x$fpl$usenofp                            0x08006710   Section        0  usenofp.o(x$fpl$usenofp)
    .constdata                               0x08007ed0   Section      336  ov7670.o(.constdata)
    .constdata                               0x08008020   Section      130  ov7725.o(.constdata)
    .constdata                               0x080080a2   Section       10  24l01.o(.constdata)
    .constdata                               0x080080ac   Section       40  _printf_hex_int.o(.constdata)
    uc_hextab                                0x080080ac   Data          20  _printf_hex_int.o(.constdata)
    lc_hextab                                0x080080c0   Data          20  _printf_hex_int.o(.constdata)
    .constdata                               0x080080d4   Section       17  __printf_flags_ss_wp.o(.constdata)
    maptable                                 0x080080d4   Data          17  __printf_flags_ss_wp.o(.constdata)
    .conststring                             0x080080e8   Section      106  main.o(.conststring)
    .conststring                             0x08008154   Section       40  usmart.o(.conststring)
    .conststring                             0x0800817c   Section      279  usmart_config.o(.conststring)
    .data                                    0x20000000   Section       56  main.o(.data)
    .data                                    0x20000038   Section       20  system_stm32f10x.o(.data)
    .data                                    0x2000004c   Section        1  key.o(.data)
    key_up                                   0x2000004c   Data           1  key.o(.data)
    .data                                    0x2000004e   Section        4  lcd.o(.data)
    .data                                    0x20000052   Section        4  tpad.o(.data)
    keyen                                    0x20000052   Data           1  tpad.o(.data)
    .data                                    0x20000056   Section        1  exti.o(.data)
    .data                                    0x20000058   Section        4  timer.o(.data)
    .data                                    0x2000005c   Section        4  delay.o(.data)
    fac_us                                   0x2000005c   Data           1  delay.o(.data)
    fac_ms                                   0x2000005e   Data           2  delay.o(.data)
    .data                                    0x20000060   Section        2  usart.o(.data)
    .data                                    0x20000064   Section        4  usart.o(.data)
    .data                                    0x20000068   Section       20  stm32f10x_rcc.o(.data)
    ADCPrescTable                            0x20000068   Data           4  stm32f10x_rcc.o(.data)
    APBAHBPrescTable                         0x2000006c   Data          16  stm32f10x_rcc.o(.data)
    .data                                    0x2000007c   Section       28  usmart.o(.data)
    .data                                    0x20000098   Section       64  usmart_config.o(.data)
    .data                                    0x200000d8   Section      244  usmart_config.o(.data)
    .bss                                     0x200001cc   Section       33  main.o(.bss)
    .bss                                     0x200001ee   Section       14  lcd.o(.bss)
    .bss                                     0x200001fc   Section      200  usart.o(.bss)
    .bss                                     0x200002c4   Section       96  libspace.o(.bss)
    HEAP                                     0x20000328   Section        0  startup_stm32f10x_hd.o(HEAP)
    STACK                                    0x20000328   Section     1024  startup_stm32f10x_hd.o(STACK)
    Heap_Mem                                 0x20000328   Data           0  startup_stm32f10x_hd.o(HEAP)
    Stack_Mem                                0x20000328   Data        1024  startup_stm32f10x_hd.o(STACK)
    __initial_sp                             0x20000728   Data           0  startup_stm32f10x_hd.o(STACK)

    Global Symbols

    Symbol Name                              Value     Ov Type        Size  Object(Section)

    BuildAttributes$$THM_ISAv4$P$D$K$B$S$PE$A:L22UL41UL21$X:L11$S22US41US21$IEEE1$IW$USESV6$~STKCKD$USESV7$~SHL$OSPACE$ROPI$EBA8$UX$STANDARDLIB$REQ8$PRES8$EABIv2 0x00000000   Number         0  anon$$obj.o ABSOLUTE
    __ARM_use_no_argv                        0x00000000   Number         0  main.o ABSOLUTE
    _printf_flags                            0x00000000   Number         0  printf_stubs.o ABSOLUTE
    _printf_return_value                     0x00000000   Number         0  printf_stubs.o ABSOLUTE
    _printf_sizespec                         0x00000000   Number         0  printf_stubs.o ABSOLUTE
    _printf_widthprec                        0x00000000   Number         0  printf_stubs.o ABSOLUTE
    __ARM_exceptions_init                     - Undefined Weak Reference
    __alloca_initialize                       - Undefined Weak Reference
    __arm_preinit_                            - Undefined Weak Reference
    __cpp_initialize__aeabi_                  - Undefined Weak Reference
    __cxa_finalize                            - Undefined Weak Reference
    __rt_locale                               - Undefined Weak Reference
    __sigvec_lookup                           - Undefined Weak Reference
    _atexit_init                              - Undefined Weak Reference
    _call_atexit_fns                          - Undefined Weak Reference
    _clock_init                               - Undefined Weak Reference
    _fp_trap_init                             - Undefined Weak Reference
    _fp_trap_shutdown                         - Undefined Weak Reference
    _get_lc_collate                           - Undefined Weak Reference
    _get_lc_ctype                             - Undefined Weak Reference
    _get_lc_monetary                          - Undefined Weak Reference
    _get_lc_numeric                           - Undefined Weak Reference
    _get_lc_time                              - Undefined Weak Reference
    _getenv_init                              - Undefined Weak Reference
    _handle_redirection                       - Undefined Weak Reference
    _init_alloc                               - Undefined Weak Reference
    _init_user_alloc                          - Undefined Weak Reference
    _initio                                   - Undefined Weak Reference
    _mutex_acquire                            - Undefined Weak Reference
    _mutex_release                            - Undefined Weak Reference
    _printf_mbtowc                            - Undefined Weak Reference
    _printf_truncate_signed                   - Undefined Weak Reference
    _printf_truncate_unsigned                 - Undefined Weak Reference
    _rand_init                                - Undefined Weak Reference
    _signal_finish                            - Undefined Weak Reference
    _signal_init                              - Undefined Weak Reference
    _terminate_alloc                          - Undefined Weak Reference
    _terminate_user_alloc                     - Undefined Weak Reference
    _terminateio                              - Undefined Weak Reference
    __Vectors_Size                           0x00000130   Number         0  startup_stm32f10x_hd.o ABSOLUTE
    __Vectors                                0x08000000   Data           4  startup_stm32f10x_hd.o(RESET)
    __Vectors_End                            0x08000130   Data           0  startup_stm32f10x_hd.o(RESET)
    __main                                   0x08000131   Thumb Code     8  __main.o(!!!main)
    __scatterload                            0x08000139   Thumb Code     0  __scatter.o(!!!scatter)
    __scatterload_rt2                        0x08000139   Thumb Code    44  __scatter.o(!!!scatter)
    __scatterload_rt2_thumb_only             0x08000139   Thumb Code     0  __scatter.o(!!!scatter)
    __scatterload_null                       0x08000147   Thumb Code     0  __scatter.o(!!!scatter)
    __decompress                             0x0800016d   Thumb Code    90  __dczerorl2.o(!!dczerorl2)
    __decompress1                            0x0800016d   Thumb Code     0  __dczerorl2.o(!!dczerorl2)
    __scatterload_zeroinit                   0x080001c9   Thumb Code    28  __scatter_zi.o(!!handler_zi)
    _printf_d                                0x080001e5   Thumb Code     0  _printf_d.o(.ARM.Collect$$_printf_percent$$00000009)
    _printf_percent                          0x080001e5   Thumb Code     0  _printf_percent.o(.ARM.Collect$$_printf_percent$$00000000)
    _printf_u                                0x080001eb   Thumb Code     0  _printf_u.o(.ARM.Collect$$_printf_percent$$0000000A)
    _printf_x                                0x080001f1   Thumb Code     0  _printf_x.o(.ARM.Collect$$_printf_percent$$0000000C)
    _printf_c                                0x080001f7   Thumb Code     0  _printf_c.o(.ARM.Collect$$_printf_percent$$00000013)
    _printf_s                                0x080001fd   Thumb Code     0  _printf_s.o(.ARM.Collect$$_printf_percent$$00000014)
    _printf_percent_end                      0x08000203   Thumb Code     0  _printf_percent_end.o(.ARM.Collect$$_printf_percent$$00000017)
    __rt_lib_init                            0x08000207   Thumb Code     0  libinit.o(.ARM.Collect$$libinit$$00000000)
    __rt_lib_init_alloca_1                   0x08000209   Thumb Code     0  libinit2.o(.ARM.Collect$$libinit$$0000002E)
    __rt_lib_init_argv_1                     0x08000209   Thumb Code     0  libinit2.o(.ARM.Collect$$libinit$$0000002C)
    __rt_lib_init_atexit_1                   0x08000209   Thumb Code     0  libinit2.o(.ARM.Collect$$libinit$$0000001B)
    __rt_lib_init_clock_1                    0x08000209   Thumb Code     0  libinit2.o(.ARM.Collect$$libinit$$00000021)
    __rt_lib_init_cpp_1                      0x08000209   Thumb Code     0  libinit2.o(.ARM.Collect$$libinit$$00000032)
    __rt_lib_init_exceptions_1               0x08000209   Thumb Code     0  libinit2.o(.ARM.Collect$$libinit$$00000030)
    __rt_lib_init_fp_1                       0x08000209   Thumb Code     0  libinit2.o(.ARM.Collect$$libinit$$00000002)
    __rt_lib_init_fp_trap_1                  0x08000209   Thumb Code     0  libinit2.o(.ARM.Collect$$libinit$$0000001F)
    __rt_lib_init_getenv_1                   0x08000209   Thumb Code     0  libinit2.o(.ARM.Collect$$libinit$$00000023)
    __rt_lib_init_heap_1                     0x08000209   Thumb Code     0  libinit2.o(.ARM.Collect$$libinit$$0000000A)
    __rt_lib_init_lc_collate_1               0x08000209   Thumb Code     0  libinit2.o(.ARM.Collect$$libinit$$00000011)
    __rt_lib_init_lc_ctype_1                 0x08000209   Thumb Code     0  libinit2.o(.ARM.Collect$$libinit$$00000013)
    __rt_lib_init_lc_monetary_1              0x08000209   Thumb Code     0  libinit2.o(.ARM.Collect$$libinit$$00000015)
    __rt_lib_init_lc_numeric_1               0x08000209   Thumb Code     0  libinit2.o(.ARM.Collect$$libinit$$00000017)
    __rt_lib_init_lc_time_1                  0x08000209   Thumb Code     0  libinit2.o(.ARM.Collect$$libinit$$00000019)
    __rt_lib_init_preinit_1                  0x08000209   Thumb Code     0  libinit2.o(.ARM.Collect$$libinit$$00000004)
    __rt_lib_init_rand_1                     0x08000209   Thumb Code     0  libinit2.o(.ARM.Collect$$libinit$$0000000E)
    __rt_lib_init_return                     0x08000209   Thumb Code     0  libinit2.o(.ARM.Collect$$libinit$$00000033)
    __rt_lib_init_signal_1                   0x08000209   Thumb Code     0  libinit2.o(.ARM.Collect$$libinit$$0000001D)
    __rt_lib_init_stdio_1                    0x08000209   Thumb Code     0  libinit2.o(.ARM.Collect$$libinit$$00000025)
    __rt_lib_init_user_alloc_1               0x08000209   Thumb Code     0  libinit2.o(.ARM.Collect$$libinit$$0000000C)
    __rt_lib_shutdown                        0x0800020b   Thumb Code     0  libshutdown.o(.ARM.Collect$$libshutdown$$00000000)
    __rt_lib_shutdown_cpp_1                  0x0800020d   Thumb Code     0  libshutdown2.o(.ARM.Collect$$libshutdown$$00000002)
    __rt_lib_shutdown_fp_trap_1              0x0800020d   Thumb Code     0  libshutdown2.o(.ARM.Collect$$libshutdown$$00000007)
    __rt_lib_shutdown_heap_1                 0x0800020d   Thumb Code     0  libshutdown2.o(.ARM.Collect$$libshutdown$$0000000F)
    __rt_lib_shutdown_return                 0x0800020d   Thumb Code     0  libshutdown2.o(.ARM.Collect$$libshutdown$$00000010)
    __rt_lib_shutdown_signal_1               0x0800020d   Thumb Code     0  libshutdown2.o(.ARM.Collect$$libshutdown$$0000000A)
    __rt_lib_shutdown_stdio_1                0x0800020d   Thumb Code     0  libshutdown2.o(.ARM.Collect$$libshutdown$$00000004)
    __rt_lib_shutdown_user_alloc_1           0x0800020d   Thumb Code     0  libshutdown2.o(.ARM.Collect$$libshutdown$$0000000C)
    __rt_entry                               0x0800020f   Thumb Code     0  __rtentry.o(.ARM.Collect$$rtentry$$00000000)
    __rt_entry_presh_1                       0x0800020f   Thumb Code     0  __rtentry2.o(.ARM.Collect$$rtentry$$00000002)
    __rt_entry_sh                            0x0800020f   Thumb Code     0  __rtentry4.o(.ARM.Collect$$rtentry$$00000004)
    __rt_entry_li                            0x08000215   Thumb Code     0  __rtentry2.o(.ARM.Collect$$rtentry$$0000000A)
    __rt_entry_postsh_1                      0x08000215   Thumb Code     0  __rtentry2.o(.ARM.Collect$$rtentry$$00000009)
    __rt_entry_main                          0x08000219   Thumb Code     0  __rtentry2.o(.ARM.Collect$$rtentry$$0000000D)
    __rt_entry_postli_1                      0x08000219   Thumb Code     0  __rtentry2.o(.ARM.Collect$$rtentry$$0000000C)
    __rt_exit                                0x08000221   Thumb Code     0  rtexit.o(.ARM.Collect$$rtexit$$00000000)
    __rt_exit_ls                             0x08000223   Thumb Code     0  rtexit2.o(.ARM.Collect$$rtexit$$00000003)
    __rt_exit_prels_1                        0x08000223   Thumb Code     0  rtexit2.o(.ARM.Collect$$rtexit$$00000002)
    __rt_exit_exit                           0x08000227   Thumb Code     0  rtexit2.o(.ARM.Collect$$rtexit$$00000004)
    Reset_Handler                            0x0800022d   Thumb Code     8  startup_stm32f10x_hd.o(.text)
    ADC1_2_IRQHandler                        0x08000247   Thumb Code     0  startup_stm32f10x_hd.o(.text)
    ADC3_IRQHandler                          0x08000247   Thumb Code     0  startup_stm32f10x_hd.o(.text)
    CAN1_RX1_IRQHandler                      0x08000247   Thumb Code     0  startup_stm32f10x_hd.o(.text)
    CAN1_SCE_IRQHandler                      0x08000247   Thumb Code     0  startup_stm32f10x_hd.o(.text)
    DMA1_Channel1_IRQHandler                 0x08000247   Thumb Code     0  startup_stm32f10x_hd.o(.text)
    DMA1_Channel2_IRQHandler                 0x08000247   Thumb Code     0  startup_stm32f10x_hd.o(.text)
    DMA1_Channel3_IRQHandler                 0x08000247   Thumb Code     0  startup_stm32f10x_hd.o(.text)
    DMA1_Channel4_IRQHandler                 0x08000247   Thumb Code     0  startup_stm32f10x_hd.o(.text)
    DMA1_Channel5_IRQHandler                 0x08000247   Thumb Code     0  startup_stm32f10x_hd.o(.text)
    DMA1_Channel6_IRQHandler                 0x08000247   Thumb Code     0  startup_stm32f10x_hd.o(.text)
    DMA1_Channel7_IRQHandler                 0x08000247   Thumb Code     0  startup_stm32f10x_hd.o(.text)
    DMA2_Channel1_IRQHandler                 0x08000247   Thumb Code     0  startup_stm32f10x_hd.o(.text)
    DMA2_Channel2_IRQHandler                 0x08000247   Thumb Code     0  startup_stm32f10x_hd.o(.text)
    DMA2_Channel3_IRQHandler                 0x08000247   Thumb Code     0  startup_stm32f10x_hd.o(.text)
    DMA2_Channel4_5_IRQHandler               0x08000247   Thumb Code     0  startup_stm32f10x_hd.o(.text)
    EXTI15_10_IRQHandler                     0x08000247   Thumb Code     0  startup_stm32f10x_hd.o(.text)
    EXTI1_IRQHandler                         0x08000247   Thumb Code     0  startup_stm32f10x_hd.o(.text)
    FLASH_IRQHandler                         0x08000247   Thumb Code     0  startup_stm32f10x_hd.o(.text)
    FSMC_IRQHandler                          0x08000247   Thumb Code     0  startup_stm32f10x_hd.o(.text)
    I2C1_ER_IRQHandler                       0x08000247   Thumb Code     0  startup_stm32f10x_hd.o(.text)
    I2C1_EV_IRQHandler                       0x08000247   Thumb Code     0  startup_stm32f10x_hd.o(.text)
    I2C2_ER_IRQHandler                       0x08000247   Thumb Code     0  startup_stm32f10x_hd.o(.text)
    I2C2_EV_IRQHandler                       0x08000247   Thumb Code     0  startup_stm32f10x_hd.o(.text)
    PVD_IRQHandler                           0x08000247   Thumb Code     0  startup_stm32f10x_hd.o(.text)
    RCC_IRQHandler                           0x08000247   Thumb Code     0  startup_stm32f10x_hd.o(.text)
    RTCAlarm_IRQHandler                      0x08000247   Thumb Code     0  startup_stm32f10x_hd.o(.text)
    RTC_IRQHandler                           0x08000247   Thumb Code     0  startup_stm32f10x_hd.o(.text)
    SDIO_IRQHandler                          0x08000247   Thumb Code     0  startup_stm32f10x_hd.o(.text)
    SPI1_IRQHandler                          0x08000247   Thumb Code     0  startup_stm32f10x_hd.o(.text)
    SPI2_IRQHandler                          0x08000247   Thumb Code     0  startup_stm32f10x_hd.o(.text)
    SPI3_IRQHandler                          0x08000247   Thumb Code     0  startup_stm32f10x_hd.o(.text)
    TAMPER_IRQHandler                        0x08000247   Thumb Code     0  startup_stm32f10x_hd.o(.text)
    TIM1_BRK_IRQHandler                      0x08000247   Thumb Code     0  startup_stm32f10x_hd.o(.text)
    TIM1_CC_IRQHandler                       0x08000247   Thumb Code     0  startup_stm32f10x_hd.o(.text)
    TIM1_TRG_COM_IRQHandler                  0x08000247   Thumb Code     0  startup_stm32f10x_hd.o(.text)
    TIM1_UP_IRQHandler                       0x08000247   Thumb Code     0  startup_stm32f10x_hd.o(.text)
    TIM2_IRQHandler                          0x08000247   Thumb Code     0  startup_stm32f10x_hd.o(.text)
    TIM7_IRQHandler                          0x08000247   Thumb Code     0  startup_stm32f10x_hd.o(.text)
    TIM8_BRK_IRQHandler                      0x08000247   Thumb Code     0  startup_stm32f10x_hd.o(.text)
    TIM8_CC_IRQHandler                       0x08000247   Thumb Code     0  startup_stm32f10x_hd.o(.text)
    TIM8_TRG_COM_IRQHandler                  0x08000247   Thumb Code     0  startup_stm32f10x_hd.o(.text)
    TIM8_UP_IRQHandler                       0x08000247   Thumb Code     0  startup_stm32f10x_hd.o(.text)
    UART4_IRQHandler                         0x08000247   Thumb Code     0  startup_stm32f10x_hd.o(.text)
    UART5_IRQHandler                         0x08000247   Thumb Code     0  startup_stm32f10x_hd.o(.text)
    USART2_IRQHandler                        0x08000247   Thumb Code     0  startup_stm32f10x_hd.o(.text)
    USART3_IRQHandler                        0x08000247   Thumb Code     0  startup_stm32f10x_hd.o(.text)
    USBWakeUp_IRQHandler                     0x08000247   Thumb Code     0  startup_stm32f10x_hd.o(.text)
    USB_HP_CAN1_TX_IRQHandler                0x08000247   Thumb Code     0  startup_stm32f10x_hd.o(.text)
    USB_LP_CAN1_RX0_IRQHandler               0x08000247   Thumb Code     0  startup_stm32f10x_hd.o(.text)
    WWDG_IRQHandler                          0x08000247   Thumb Code     0  startup_stm32f10x_hd.o(.text)
    __user_initial_stackheap                 0x08000249   Thumb Code     0  startup_stm32f10x_hd.o(.text)
    __use_no_semihosting                     0x08000269   Thumb Code     2  use_no_semi_2.o(.text)
    __2printf                                0x0800026d   Thumb Code    20  noretval__2printf.o(.text)
    __2sprintf                               0x08000285   Thumb Code    34  noretval__2sprintf.o(.text)
    _printf_pre_padding                      0x080002ad   Thumb Code    44  _printf_pad.o(.text)
    _printf_post_padding                     0x080002d9   Thumb Code    34  _printf_pad.o(.text)
    _printf_str                              0x080002fb   Thumb Code    82  _printf_str.o(.text)
    _printf_int_dec                          0x0800034d   Thumb Code   104  _printf_dec.o(.text)
    _printf_int_hex                          0x080003c5   Thumb Code    84  _printf_hex_int.o(.text)
    _printf_longlong_hex                     0x080003c5   Thumb Code     0  _printf_hex_int.o(.text)
    __printf                                 0x0800041d   Thumb Code   388  __printf_flags_ss_wp.o(.text)
    __use_two_region_memory                  0x080005a5   Thumb Code     2  heapauxi.o(.text)
    __rt_heap_escrow$2region                 0x080005a7   Thumb Code     2  heapauxi.o(.text)
    __rt_heap_expand$2region                 0x080005a9   Thumb Code     2  heapauxi.o(.text)
    __I$use$semihosting                      0x080005ab   Thumb Code     0  use_no_semi.o(.text)
    __use_no_semihosting_swi                 0x080005ab   Thumb Code     2  use_no_semi.o(.text)
    _printf_int_common                       0x080005ad   Thumb Code   178  _printf_intcommon.o(.text)
    _printf_char_common                      0x0800066b   Thumb Code    32  _printf_char_common.o(.text)
    _sputc                                   0x08000691   Thumb Code    10  _sputc.o(.text)
    _printf_cs_common                        0x0800069b   Thumb Code    20  _printf_char.o(.text)
    _printf_char                             0x080006af   Thumb Code    16  _printf_char.o(.text)
    _printf_string                           0x080006bf   Thumb Code     8  _printf_char.o(.text)
    _printf_char_file                        0x080006c9   Thumb Code    32  _printf_char_file.o(.text)
    ferror                                   0x080006ed   Thumb Code     8  ferror.o(.text)
    __user_setup_stackheap                   0x080006f5   Thumb Code    74  sys_stackheap_outer.o(.text)
    exit                                     0x0800073f   Thumb Code    18  exit.o(.text)
    __user_libspace                          0x08000751   Thumb Code     8  libspace.o(.text)
    __user_perproc_libspace                  0x08000751   Thumb Code     0  libspace.o(.text)
    __user_perthread_libspace                0x08000751   Thumb Code     0  libspace.o(.text)
    BusFault_Handler                         0x08000759   Thumb Code     2  stm32f10x_it.o(i.BusFault_Handler)
    DebugMon_Handler                         0x0800075b   Thumb Code     2  stm32f10x_it.o(i.DebugMon_Handler)
    EXTI0_IRQHandler                         0x0800075d   Thumb Code    48  exti.o(i.EXTI0_IRQHandler)
    EXTI2_IRQHandler                         0x08000795   Thumb Code    46  exti.o(i.EXTI2_IRQHandler)
    EXTI3_IRQHandler                         0x080007cd   Thumb Code    46  exti.o(i.EXTI3_IRQHandler)
    EXTI4_IRQHandler                         0x08000805   Thumb Code    46  exti.o(i.EXTI4_IRQHandler)
    EXTI8_Init                               0x0800083d   Thumb Code    66  exti.o(i.EXTI8_Init)
    EXTI9_5_IRQHandler                       0x08000881   Thumb Code    60  exti.o(i.EXTI9_5_IRQHandler)
    EXTI_ClearITPendingBit                   0x080008c9   Thumb Code     6  stm32f10x_exti.o(i.EXTI_ClearITPendingBit)
    EXTI_GetITStatus                         0x080008d5   Thumb Code    28  stm32f10x_exti.o(i.EXTI_GetITStatus)
    EXTI_Init                                0x080008f5   Thumb Code   108  stm32f10x_exti.o(i.EXTI_Init)
    FSMC_NORSRAMCmd                          0x08000965   Thumb Code    26  stm32f10x_fsmc.o(i.FSMC_NORSRAMCmd)
    FSMC_NORSRAMInit                         0x08000985   Thumb Code   200  stm32f10x_fsmc.o(i.FSMC_NORSRAMInit)
    GPIO_EXTILineConfig                      0x08000a4d   Thumb Code    34  stm32f10x_gpio.o(i.GPIO_EXTILineConfig)
    GPIO_Init                                0x08000a75   Thumb Code   156  stm32f10x_gpio.o(i.GPIO_Init)
    GPIO_PinRemapConfig                      0x08000b11   Thumb Code    82  stm32f10x_gpio.o(i.GPIO_PinRemapConfig)
    GPIO_ReadInputDataBit                    0x08000b69   Thumb Code    14  stm32f10x_gpio.o(i.GPIO_ReadInputDataBit)
    GPIO_ResetBits                           0x08000b77   Thumb Code     4  stm32f10x_gpio.o(i.GPIO_ResetBits)
    GPIO_SetBits                             0x08000b7b   Thumb Code     4  stm32f10x_gpio.o(i.GPIO_SetBits)
    HardFault_Handler                        0x08000b7f   Thumb Code     2  stm32f10x_it.o(i.HardFault_Handler)
    KEY_Init                                 0x08000b81   Thumb Code    52  key.o(i.KEY_Init)
    KEY_Scan                                 0x08000bbd   Thumb Code   190  key.o(i.KEY_Scan)
    LCD_Clear                                0x08000c89   Thumb Code    40  lcd.o(i.LCD_Clear)
    LCD_Display_Dir                          0x08000cb9   Thumb Code   180  lcd.o(i.LCD_Display_Dir)
    LCD_Fast_DrawPoint                       0x08000d71   Thumb Code   164  lcd.o(i.LCD_Fast_DrawPoint)
    LCD_Fill                                 0x08000e1d   Thumb Code    66  lcd.o(i.LCD_Fill)
    LCD_Init                                 0x08000e65   Thumb Code  7736  lcd.o(i.LCD_Init)
    LCD_RD_DATA                              0x08002ca1   Thumb Code    16  lcd.o(i.LCD_RD_DATA)
    LCD_SSD_BackLightSet                     0x08002cb5   Thumb Code    50  lcd.o(i.LCD_SSD_BackLightSet)
    LCD_Scan_Dir                             0x08002cf1   Thumb Code   314  lcd.o(i.LCD_Scan_Dir)
    LCD_SetCursor                            0x08002e35   Thumb Code   172  lcd.o(i.LCD_SetCursor)
    LCD_Set_Window                           0x08002ee9   Thumb Code   296  lcd.o(i.LCD_Set_Window)
    LCD_ShowChar                             0x08003019   Thumb Code   182  lcd.o(i.LCD_ShowChar)
    LCD_ShowString                           0x080030e5   Thumb Code    84  lcd.o(i.LCD_ShowString)
    LCD_WriteRAM_Prepare                     0x08003139   Thumb Code    10  lcd.o(i.LCD_WriteRAM_Prepare)
    LCD_WriteReg                             0x0800314d   Thumb Code    10  lcd.o(i.LCD_WriteReg)
    LED_Init                                 0x0800315d   Thumb Code    70  led.o(i.LED_Init)
    MemManage_Handler                        0x080031ad   Thumb Code     2  stm32f10x_it.o(i.MemManage_Handler)
    NMI_Handler                              0x080031af   Thumb Code     2  stm32f10x_it.o(i.NMI_Handler)
    NRF24L01_Check                           0x080031b1   Thumb Code    68  24l01.o(i.NRF24L01_Check)
    NRF24L01_Init                            0x080031fd   Thumb Code   194  24l01.o(i.NRF24L01_Init)
    NRF24L01_RX_Mode                         0x080032d1   Thumb Code    78  24l01.o(i.NRF24L01_RX_Mode)
    NRF24L01_Read_Buf                        0x08003329   Thumb Code    54  24l01.o(i.NRF24L01_Read_Buf)
    NRF24L01_Read_Reg                        0x08003365   Thumb Code    30  24l01.o(i.NRF24L01_Read_Reg)
    NRF24L01_RxPacket                        0x08003389   Thumb Code    56  24l01.o(i.NRF24L01_RxPacket)
    NRF24L01_TX_Mode                         0x080033c1   Thumb Code    90  24l01.o(i.NRF24L01_TX_Mode)
    NRF24L01_TxPacket                        0x08003425   Thumb Code    86  24l01.o(i.NRF24L01_TxPacket)
    NRF24L01_Write_Buf                       0x08003481   Thumb Code    54  24l01.o(i.NRF24L01_Write_Buf)
    NRF24L01_Write_Reg                       0x080034bd   Thumb Code    40  24l01.o(i.NRF24L01_Write_Reg)
    NVIC_Init                                0x080034e9   Thumb Code    94  misc.o(i.NVIC_Init)
    NVIC_PriorityGroupConfig                 0x0800354d   Thumb Code    10  misc.o(i.NVIC_PriorityGroupConfig)
    OV7670_Brightness                        0x08003561   Thumb Code    38  ov7670.o(i.OV7670_Brightness)
    OV7670_Color_Saturation                  0x08003587   Thumb Code   114  ov7670.o(i.OV7670_Color_Saturation)
    OV7670_Contrast                          0x080035f9   Thumb Code    38  ov7670.o(i.OV7670_Contrast)
    OV7670_Init                              0x08003621   Thumb Code   242  ov7670.o(i.OV7670_Init)
    OV7670_Light_Mode                        0x08003731   Thumb Code   126  ov7670.o(i.OV7670_Light_Mode)
    OV7670_Special_Effects                   0x080037af   Thumb Code   128  ov7670.o(i.OV7670_Special_Effects)
    OV7670_Window_Set                        0x0800382f   Thumb Code   110  ov7670.o(i.OV7670_Window_Set)
    OV7670_camera_refresh                    0x0800389d   Thumb Code   248  main.o(i.OV7670_camera_refresh)
    OV7725_Brightness                        0x080039b9   Thumb Code    78  ov7725.o(i.OV7725_Brightness)
    OV7725_Color_Saturation                  0x08003a07   Thumb Code    34  ov7725.o(i.OV7725_Color_Saturation)
    OV7725_Contrast                          0x08003a29   Thumb Code    22  ov7725.o(i.OV7725_Contrast)
    OV7725_Init                              0x08003a41   Thumb Code   296  ov7725.o(i.OV7725_Init)
    OV7725_Light_Mode                        0x08003b9d   Thumb Code   152  ov7725.o(i.OV7725_Light_Mode)
    OV7725_Special_Effects                   0x08003c35   Thumb Code   138  ov7725.o(i.OV7725_Special_Effects)
    OV7725_Window_Set                        0x08003cbf   Thumb Code   326  ov7725.o(i.OV7725_Window_Set)
    OV7725_camera_refresh                    0x08003e05   Thumb Code   300  main.o(i.OV7725_camera_refresh)
    PendSV_Handler                           0x08003f69   Thumb Code     2  stm32f10x_it.o(i.PendSV_Handler)
    RCC_AHBPeriphClockCmd                    0x08003f6d   Thumb Code    18  stm32f10x_rcc.o(i.RCC_AHBPeriphClockCmd)
    RCC_APB1PeriphClockCmd                   0x08003f85   Thumb Code    18  stm32f10x_rcc.o(i.RCC_APB1PeriphClockCmd)
    RCC_APB2PeriphClockCmd                   0x08003f9d   Thumb Code    18  stm32f10x_rcc.o(i.RCC_APB2PeriphClockCmd)
    RCC_GetClocksFreq                        0x08003fb5   Thumb Code   132  stm32f10x_rcc.o(i.RCC_GetClocksFreq)
    SCCB_Init                                0x08004049   Thumb Code    98  sccb.o(i.SCCB_Init)
    SCCB_No_Ack                              0x080040b5   Thumb Code    58  sccb.o(i.SCCB_No_Ack)
    SCCB_RD_Byte                             0x080040f9   Thumb Code   102  sccb.o(i.SCCB_RD_Byte)
    SCCB_RD_Reg                              0x0800416d   Thumb Code    76  sccb.o(i.SCCB_RD_Reg)
    SCCB_Start                               0x080041b9   Thumb Code    44  sccb.o(i.SCCB_Start)
    SCCB_Stop                                0x080041ed   Thumb Code    46  sccb.o(i.SCCB_Stop)
    SCCB_WR_Byte                             0x08004225   Thumb Code   130  sccb.o(i.SCCB_WR_Byte)
    SCCB_WR_Reg                              0x080042b5   Thumb Code    62  sccb.o(i.SCCB_WR_Reg)
    SPI2_Init                                0x080042f5   Thumb Code   138  spi.o(i.SPI2_Init)
    SPI2_ReadWriteByte                       0x08004389   Thumb Code    76  spi.o(i.SPI2_ReadWriteByte)
    SPI2_SetSpeed                            0x080043d9   Thumb Code    24  spi.o(i.SPI2_SetSpeed)
    SPI_Cmd                                  0x080043f5   Thumb Code    20  stm32f10x_spi.o(i.SPI_Cmd)
    SPI_I2S_GetFlagStatus                    0x08004409   Thumb Code    14  stm32f10x_spi.o(i.SPI_I2S_GetFlagStatus)
    SPI_I2S_ReceiveData                      0x08004417   Thumb Code     4  stm32f10x_spi.o(i.SPI_I2S_ReceiveData)
    SPI_I2S_SendData                         0x0800441b   Thumb Code     4  stm32f10x_spi.o(i.SPI_I2S_SendData)
    SPI_Init                                 0x0800441f   Thumb Code    56  stm32f10x_spi.o(i.SPI_Init)
    SVC_Handler                              0x08004457   Thumb Code     2  stm32f10x_it.o(i.SVC_Handler)
    SysTick_CLKSourceConfig                  0x08004501   Thumb Code    24  misc.o(i.SysTick_CLKSourceConfig)
    SysTick_Handler                          0x08004519   Thumb Code     2  stm32f10x_it.o(i.SysTick_Handler)
    SystemInit                               0x0800451d   Thumb Code    64  system_stm32f10x.o(i.SystemInit)
    TIM3_IRQHandler                          0x08004655   Thumb Code    44  timer.o(i.TIM3_IRQHandler)
    TIM4_IRQHandler                          0x08004689   Thumb Code    50  usmart.o(i.TIM4_IRQHandler)
    TIM5_CH2_Cap_Init                        0x080046c5   Thumb Code   120  tpad.o(i.TIM5_CH2_Cap_Init)
    TIM5_IRQHandler                          0x08004745   Thumb Code   128  timer.o(i.TIM5_IRQHandler)
    TIM6_IRQHandler                          0x080047cd   Thumb Code    40  timer.o(i.TIM6_IRQHandler)
    TIM6_Int_Init                            0x0800480d   Thumb Code    90  timer.o(i.TIM6_Int_Init)
    TIM_ClearFlag                            0x0800486d   Thumb Code     6  stm32f10x_tim.o(i.TIM_ClearFlag)
    TIM_ClearITPendingBit                    0x08004873   Thumb Code     6  stm32f10x_tim.o(i.TIM_ClearITPendingBit)
    TIM_Cmd                                  0x08004879   Thumb Code    20  stm32f10x_tim.o(i.TIM_Cmd)
    TIM_GetCapture1                          0x0800488d   Thumb Code     4  stm32f10x_tim.o(i.TIM_GetCapture1)
    TIM_GetCapture2                          0x08004891   Thumb Code     4  stm32f10x_tim.o(i.TIM_GetCapture2)
    TIM_GetCounter                           0x08004895   Thumb Code     4  stm32f10x_tim.o(i.TIM_GetCounter)
    TIM_GetFlagStatus                        0x08004899   Thumb Code    14  stm32f10x_tim.o(i.TIM_GetFlagStatus)
    TIM_GetITStatus                          0x080048a7   Thumb Code    24  stm32f10x_tim.o(i.TIM_GetITStatus)
    TIM_ICInit                               0x080048c1   Thumb Code   278  stm32f10x_tim.o(i.TIM_ICInit)
    TIM_ITConfig                             0x080049ed   Thumb Code    16  stm32f10x_tim.o(i.TIM_ITConfig)
    TIM_OC1PolarityConfig                    0x080049fd   Thumb Code    12  stm32f10x_tim.o(i.TIM_OC1PolarityConfig)
    TIM_SetAutoreload                        0x08004a09   Thumb Code     4  stm32f10x_tim.o(i.TIM_SetAutoreload)
    TIM_SetCounter                           0x08004a0d   Thumb Code     4  stm32f10x_tim.o(i.TIM_SetCounter)
    TIM_SetIC1Prescaler                      0x08004a11   Thumb Code    16  stm32f10x_tim.o(i.TIM_SetIC1Prescaler)
    TIM_SetIC2Prescaler                      0x08004a21   Thumb Code    24  stm32f10x_tim.o(i.TIM_SetIC2Prescaler)
    TIM_SetIC3Prescaler                      0x08004a39   Thumb Code    16  stm32f10x_tim.o(i.TIM_SetIC3Prescaler)
    TIM_SetIC4Prescaler                      0x08004a49   Thumb Code    24  stm32f10x_tim.o(i.TIM_SetIC4Prescaler)
    TIM_TimeBaseInit                         0x08004a61   Thumb Code   114  stm32f10x_tim.o(i.TIM_TimeBaseInit)
    TPAD_Get_MaxVal                          0x08004afd   Thumb Code    28  tpad.o(i.TPAD_Get_MaxVal)
    TPAD_Get_Val                             0x08004b19   Thumb Code    54  tpad.o(i.TPAD_Get_Val)
    TPAD_Init                                0x08004b55   Thumb Code   140  tpad.o(i.TPAD_Init)
    TPAD_Reset                               0x08004bfd   Thumb Code    86  tpad.o(i.TPAD_Reset)
    TPAD_Scan                                0x08004c5d   Thumb Code    58  tpad.o(i.TPAD_Scan)
    Timer4_Init                              0x08004c9d   Thumb Code    90  usmart.o(i.Timer4_Init)
    USART1_IRQHandler                        0x08004cfd   Thumb Code    88  usart.o(i.USART1_IRQHandler)
    USART_Cmd                                0x08004d61   Thumb Code    20  stm32f10x_usart.o(i.USART_Cmd)
    USART_GetITStatus                        0x08004d75   Thumb Code    62  stm32f10x_usart.o(i.USART_GetITStatus)
    USART_ITConfig                           0x08004db3   Thumb Code    48  stm32f10x_usart.o(i.USART_ITConfig)
    USART_Init                               0x08004de5   Thumb Code   166  stm32f10x_usart.o(i.USART_Init)
    USART_ReceiveData                        0x08004e91   Thumb Code     8  stm32f10x_usart.o(i.USART_ReceiveData)
    UsageFault_Handler                       0x08004e99   Thumb Code     2  stm32f10x_it.o(i.UsageFault_Handler)
    _is_digit                                0x08004e9b   Thumb Code    14  __printf_wp.o(i._is_digit)
    _sys_exit                                0x08004ea9   Thumb Code     2  usart.o(i._sys_exit)
    delay_init                               0x08004ead   Thumb Code    46  delay.o(i.delay_init)
    delay_ms                                 0x08004ee9   Thumb Code    46  delay.o(i.delay_ms)
    delay_us                                 0x08004f1d   Thumb Code    46  delay.o(i.delay_us)
    fputc                                    0x08004f51   Thumb Code    18  usart.o(i.fputc)
    main                                     0x08004f69   Thumb Code  1474  main.o(i.main)
    read_addr                                0x08005531   Thumb Code     4  usmart.o(i.read_addr)
    uart_init                                0x08005535   Thumb Code   152  usart.o(i.uart_init)
    usmart_cmd_rec                           0x080055d5   Thumb Code   144  usmart.o(i.usmart_cmd_rec)
    usmart_exe                               0x08005669   Thumb Code   510  usmart.o(i.usmart_exe)
    usmart_get_aparm                         0x080058c9   Thumb Code   156  usmart_str.o(i.usmart_get_aparm)
    usmart_get_cmdname                       0x08005965   Thumb Code    46  usmart_str.o(i.usmart_get_cmdname)
    usmart_get_fname                         0x08005995   Thumb Code   352  usmart_str.o(i.usmart_get_fname)
    usmart_get_fparam                        0x08005afd   Thumb Code   202  usmart_str.o(i.usmart_get_fparam)
    usmart_get_parmpos                       0x08005bcd   Thumb Code    30  usmart_str.o(i.usmart_get_parmpos)
    usmart_get_runtime                       0x08005bf1   Thumb Code    48  usmart.o(i.usmart_get_runtime)
    usmart_init                              0x08005c29   Thumb Code    36  usmart.o(i.usmart_init)
    usmart_pow                               0x08005c51   Thumb Code    16  usmart_str.o(i.usmart_pow)
    usmart_reset_runtime                     0x08005c61   Thumb Code    40  usmart.o(i.usmart_reset_runtime)
    usmart_scan                              0x08005c91   Thumb Code    94  usmart.o(i.usmart_scan)
    usmart_search_nextc                      0x08005d35   Thumb Code    16  usmart_str.o(i.usmart_search_nextc)
    usmart_str2num                           0x08005d45   Thumb Code   160  usmart_str.o(i.usmart_str2num)
    usmart_strcmp                            0x08005de5   Thumb Code    24  usmart_str.o(i.usmart_strcmp)
    usmart_strcopy                           0x08005dfd   Thumb Code    18  usmart_str.o(i.usmart_strcopy)
    usmart_strlen                            0x08005e0f   Thumb Code    18  usmart_str.o(i.usmart_strlen)
    usmart_sys_cmd_exe                       0x08005e21   Thumb Code  1442  usmart.o(i.usmart_sys_cmd_exe)
    write_addr                               0x08006491   Thumb Code     4  usmart.o(i.write_addr)
    __aeabi_d2uiz                            0x08006495   Thumb Code     0  dfixu.o(x$fpl$dfixu)
    _dfixu                                   0x08006495   Thumb Code    90  dfixu.o(x$fpl$dfixu)
    __aeabi_ui2d                             0x080064ef   Thumb Code     0  dflt_clz.o(x$fpl$dfltu)
    _dfltu                                   0x080064ef   Thumb Code    38  dflt_clz.o(x$fpl$dfltu)
    __aeabi_dmul                             0x08006515   Thumb Code     0  dmul.o(x$fpl$dmul)
    _dmul                                    0x08006515   Thumb Code   332  dmul.o(x$fpl$dmul)
    __fpl_dnaninf                            0x08006669   Thumb Code   156  dnaninf.o(x$fpl$dnaninf)
    __fpl_dretinf                            0x08006705   Thumb Code    12  dretinf.o(x$fpl$dretinf)
    __I$use$fp                               0x08006710   Number         0  usenofp.o(x$fpl$usenofp)
    asc2_1206                                0x08006710   Data        1140  lcd.o(.constdata)
    asc2_1608                                0x08006b84   Data        1520  lcd.o(.constdata)
    asc2_2412                                0x08007174   Data        3420  lcd.o(.constdata)
    ov7670_init_reg_tbl                      0x08007ed0   Data         336  ov7670.o(.constdata)
    ov7725_init_reg_tb1                      0x08008020   Data         130  ov7725.o(.constdata)
    TX_ADDRESS                               0x080080a2   Data           5  24l01.o(.constdata)
    RX_ADDRESS                               0x080080a7   Data           5  24l01.o(.constdata)
    Region$$Table$$Base                      0x08008294   Number         0  anon$$obj.o(Region$$Table)
    Region$$Table$$Limit                     0x080082b4   Number         0  anon$$obj.o(Region$$Table)
    sendcount                                0x20000000   Data           2  main.o(.data)
    LMODE_TBL                                0x20000004   Data          24  main.o(.data)
    EFFECTS_TBL                              0x2000001c   Data          28  main.o(.data)
    SystemCoreClock                          0x20000038   Data           4  system_stm32f10x.o(.data)
    AHBPrescTable                            0x2000003c   Data          16  system_stm32f10x.o(.data)
    POINT_COLOR                              0x2000004e   Data           2  lcd.o(.data)
    BACK_COLOR                               0x20000050   Data           2  lcd.o(.data)
    tpad_default_val                         0x20000054   Data           2  tpad.o(.data)
    ov_sta                                   0x20000056   Data           1  exti.o(.data)
    TIM5CH1_CAPTURE_STA                      0x20000058   Data           1  timer.o(.data)
    ov_frame                                 0x20000059   Data           1  timer.o(.data)
    TIM5CH1_CAPTURE_VAL                      0x2000005a   Data           2  timer.o(.data)
    USART_RX_STA                             0x20000060   Data           2  usart.o(.data)
    __stdout                                 0x20000064   Data           4  usart.o(.data)
    sys_cmd_tab                              0x2000007c   Data          28  usmart.o(.data)
    usmart_nametab                           0x20000098   Data          64  usmart_config.o(.data)
    usmart_dev                               0x200000d8   Data         244  usmart_config.o(.data)
    tmp_buf                                  0x200001cc   Data          33  main.o(.bss)
    lcddev                                   0x200001ee   Data          14  lcd.o(.bss)
    USART_RX_BUF                             0x200001fc   Data         200  usart.o(.bss)
    __libspace_start                         0x200002c4   Data          96  libspace.o(.bss)
    __temporary_stack_top$libspace           0x20000324   Data           0  libspace.o(.bss)



==============================================================================

Memory Map of the image

  Image Entry point : 0x08000131

  Load Region LR_IROM1 (Base: 0x08000000, Size: 0x00008480, Max: 0x00080000, ABSOLUTE, COMPRESSED[0x0000835c])

    Execution Region ER_IROM1 (Exec base: 0x08000000, Load base: 0x08000000, Size: 0x000082b4, Max: 0x00080000, ABSOLUTE)

    Exec Addr    Load Addr    Size         Type   Attr      Idx    E Section Name        Object

    0x08000000   0x08000000   0x00000130   Data   RO         1006    RESET               startup_stm32f10x_hd.o
    0x08000130   0x08000130   0x00000008   Code   RO         2621  * !!!main             c_w.l(__main.o)
    0x08000138   0x08000138   0x00000034   Code   RO         2812    !!!scatter          c_w.l(__scatter.o)
    0x0800016c   0x0800016c   0x0000005a   Code   RO         2810    !!dczerorl2         c_w.l(__dczerorl2.o)
    0x080001c6   0x080001c6   0x00000002   PAD
    0x080001c8   0x080001c8   0x0000001c   Code   RO         2814    !!handler_zi        c_w.l(__scatter_zi.o)
    0x080001e4   0x080001e4   0x00000000   Code   RO         2618    .ARM.Collect$$_printf_percent$$00000000  c_w.l(_printf_percent.o)
    0x080001e4   0x080001e4   0x00000006   Code   RO         2616    .ARM.Collect$$_printf_percent$$00000009  c_w.l(_printf_d.o)
    0x080001ea   0x080001ea   0x00000006   Code   RO         2617    .ARM.Collect$$_printf_percent$$0000000A  c_w.l(_printf_u.o)
    0x080001f0   0x080001f0   0x00000006   Code   RO         2615    .ARM.Collect$$_printf_percent$$0000000C  c_w.l(_printf_x.o)
    0x080001f6   0x080001f6   0x00000006   Code   RO         2613    .ARM.Collect$$_printf_percent$$00000013  c_w.l(_printf_c.o)
    0x080001fc   0x080001fc   0x00000006   Code   RO         2614    .ARM.Collect$$_printf_percent$$00000014  c_w.l(_printf_s.o)
    0x08000202   0x08000202   0x00000004   Code   RO         2648    .ARM.Collect$$_printf_percent$$00000017  c_w.l(_printf_percent_end.o)
    0x08000206   0x08000206   0x00000002   Code   RO         2684    .ARM.Collect$$libinit$$00000000  c_w.l(libinit.o)
    0x08000208   0x08000208   0x00000000   Code   RO         2691    .ARM.Collect$$libinit$$00000002  c_w.l(libinit2.o)
    0x08000208   0x08000208   0x00000000   Code   RO         2693    .ARM.Collect$$libinit$$00000004  c_w.l(libinit2.o)
    0x08000208   0x08000208   0x00000000   Code   RO         2696    .ARM.Collect$$libinit$$0000000A  c_w.l(libinit2.o)
    0x08000208   0x08000208   0x00000000   Code   RO         2698    .ARM.Collect$$libinit$$0000000C  c_w.l(libinit2.o)
    0x08000208   0x08000208   0x00000000   Code   RO         2700    .ARM.Collect$$libinit$$0000000E  c_w.l(libinit2.o)
    0x08000208   0x08000208   0x00000000   Code   RO         2703    .ARM.Collect$$libinit$$00000011  c_w.l(libinit2.o)
    0x08000208   0x08000208   0x00000000   Code   RO         2705    .ARM.Collect$$libinit$$00000013  c_w.l(libinit2.o)
    0x08000208   0x08000208   0x00000000   Code   RO         2707    .ARM.Collect$$libinit$$00000015  c_w.l(libinit2.o)
    0x08000208   0x08000208   0x00000000   Code   RO         2709    .ARM.Collect$$libinit$$00000017  c_w.l(libinit2.o)
    0x08000208   0x08000208   0x00000000   Code   RO         2711    .ARM.Collect$$libinit$$00000019  c_w.l(libinit2.o)
    0x08000208   0x08000208   0x00000000   Code   RO         2713    .ARM.Collect$$libinit$$0000001B  c_w.l(libinit2.o)
    0x08000208   0x08000208   0x00000000   Code   RO         2715    .ARM.Collect$$libinit$$0000001D  c_w.l(libinit2.o)
    0x08000208   0x08000208   0x00000000   Code   RO         2717    .ARM.Collect$$libinit$$0000001F  c_w.l(libinit2.o)
    0x08000208   0x08000208   0x00000000   Code   RO         2719    .ARM.Collect$$libinit$$00000021  c_w.l(libinit2.o)
    0x08000208   0x08000208   0x00000000   Code   RO         2721    .ARM.Collect$$libinit$$00000023  c_w.l(libinit2.o)
    0x08000208   0x08000208   0x00000000   Code   RO         2723    .ARM.Collect$$libinit$$00000025  c_w.l(libinit2.o)
    0x08000208   0x08000208   0x00000000   Code   RO         2727    .ARM.Collect$$libinit$$0000002C  c_w.l(libinit2.o)
    0x08000208   0x08000208   0x00000000   Code   RO         2729    .ARM.Collect$$libinit$$0000002E  c_w.l(libinit2.o)
    0x08000208   0x08000208   0x00000000   Code   RO         2731    .ARM.Collect$$libinit$$00000030  c_w.l(libinit2.o)
    0x08000208   0x08000208   0x00000000   Code   RO         2733    .ARM.Collect$$libinit$$00000032  c_w.l(libinit2.o)
    0x08000208   0x08000208   0x00000002   Code   RO         2734    .ARM.Collect$$libinit$$00000033  c_w.l(libinit2.o)
    0x0800020a   0x0800020a   0x00000002   Code   RO         2752    .ARM.Collect$$libshutdown$$00000000  c_w.l(libshutdown.o)
    0x0800020c   0x0800020c   0x00000000   Code   RO         2762    .ARM.Collect$$libshutdown$$00000002  c_w.l(libshutdown2.o)
    0x0800020c   0x0800020c   0x00000000   Code   RO         2764    .ARM.Collect$$libshutdown$$00000004  c_w.l(libshutdown2.o)
    0x0800020c   0x0800020c   0x00000000   Code   RO         2767    .ARM.Collect$$libshutdown$$00000007  c_w.l(libshutdown2.o)
    0x0800020c   0x0800020c   0x00000000   Code   RO         2770    .ARM.Collect$$libshutdown$$0000000A  c_w.l(libshutdown2.o)
    0x0800020c   0x0800020c   0x00000000   Code   RO         2772    .ARM.Collect$$libshutdown$$0000000C  c_w.l(libshutdown2.o)
    0x0800020c   0x0800020c   0x00000000   Code   RO         2775    .ARM.Collect$$libshutdown$$0000000F  c_w.l(libshutdown2.o)
    0x0800020c   0x0800020c   0x00000002   Code   RO         2776    .ARM.Collect$$libshutdown$$00000010  c_w.l(libshutdown2.o)
    0x0800020e   0x0800020e   0x00000000   Code   RO         2637    .ARM.Collect$$rtentry$$00000000  c_w.l(__rtentry.o)
    0x0800020e   0x0800020e   0x00000000   Code   RO         2655    .ARM.Collect$$rtentry$$00000002  c_w.l(__rtentry2.o)
    0x0800020e   0x0800020e   0x00000006   Code   RO         2667    .ARM.Collect$$rtentry$$00000004  c_w.l(__rtentry4.o)
    0x08000214   0x08000214   0x00000000   Code   RO         2657    .ARM.Collect$$rtentry$$00000009  c_w.l(__rtentry2.o)
    0x08000214   0x08000214   0x00000004   Code   RO         2658    .ARM.Collect$$rtentry$$0000000A  c_w.l(__rtentry2.o)
    0x08000218   0x08000218   0x00000000   Code   RO         2660    .ARM.Collect$$rtentry$$0000000C  c_w.l(__rtentry2.o)
    0x08000218   0x08000218   0x00000008   Code   RO         2661    .ARM.Collect$$rtentry$$0000000D  c_w.l(__rtentry2.o)
    0x08000220   0x08000220   0x00000002   Code   RO         2688    .ARM.Collect$$rtexit$$00000000  c_w.l(rtexit.o)
    0x08000222   0x08000222   0x00000000   Code   RO         2736    .ARM.Collect$$rtexit$$00000002  c_w.l(rtexit2.o)
    0x08000222   0x08000222   0x00000004   Code   RO         2737    .ARM.Collect$$rtexit$$00000003  c_w.l(rtexit2.o)
    0x08000226   0x08000226   0x00000006   Code   RO         2738    .ARM.Collect$$rtexit$$00000004  c_w.l(rtexit2.o)
    0x0800022c   0x0800022c   0x0000003c   Code   RO         1007    .text               startup_stm32f10x_hd.o
    0x08000268   0x08000268   0x00000002   Code   RO         2554    .text               c_w.l(use_no_semi_2.o)
    0x0800026a   0x0800026a   0x00000002   PAD
    0x0800026c   0x0800026c   0x00000018   Code   RO         2560    .text               c_w.l(noretval__2printf.o)
    0x08000284   0x08000284   0x00000028   Code   RO         2562    .text               c_w.l(noretval__2sprintf.o)
    0x080002ac   0x080002ac   0x0000004e   Code   RO         2566    .text               c_w.l(_printf_pad.o)
    0x080002fa   0x080002fa   0x00000052   Code   RO         2568    .text               c_w.l(_printf_str.o)
    0x0800034c   0x0800034c   0x00000078   Code   RO         2570    .text               c_w.l(_printf_dec.o)
    0x080003c4   0x080003c4   0x00000058   Code   RO         2575    .text               c_w.l(_printf_hex_int.o)
    0x0800041c   0x0800041c   0x00000188   Code   RO         2610    .text               c_w.l(__printf_flags_ss_wp.o)
    0x080005a4   0x080005a4   0x00000006   Code   RO         2619    .text               c_w.l(heapauxi.o)
    0x080005aa   0x080005aa   0x00000002   Code   RO         2635    .text               c_w.l(use_no_semi.o)
    0x080005ac   0x080005ac   0x000000b2   Code   RO         2638    .text               c_w.l(_printf_intcommon.o)
    0x0800065e   0x0800065e   0x00000002   PAD
    0x08000660   0x08000660   0x00000030   Code   RO         2640    .text               c_w.l(_printf_char_common.o)
    0x08000690   0x08000690   0x0000000a   Code   RO         2642    .text               c_w.l(_sputc.o)
    0x0800069a   0x0800069a   0x0000002c   Code   RO         2644    .text               c_w.l(_printf_char.o)
    0x080006c6   0x080006c6   0x00000002   PAD
    0x080006c8   0x080006c8   0x00000024   Code   RO         2646    .text               c_w.l(_printf_char_file.o)
    0x080006ec   0x080006ec   0x00000008   Code   RO         2671    .text               c_w.l(ferror.o)
    0x080006f4   0x080006f4   0x0000004a   Code   RO         2675    .text               c_w.l(sys_stackheap_outer.o)
    0x0800073e   0x0800073e   0x00000012   Code   RO         2677    .text               c_w.l(exit.o)
    0x08000750   0x08000750   0x00000008   Code   RO         2685    .text               c_w.l(libspace.o)
    0x08000758   0x08000758   0x00000002   Code   RO          137    i.BusFault_Handler  stm32f10x_it.o
    0x0800075a   0x0800075a   0x00000002   Code   RO          138    i.DebugMon_Handler  stm32f10x_it.o
    0x0800075c   0x0800075c   0x00000038   Code   RO          529    i.EXTI0_IRQHandler  exti.o
    0x08000794   0x08000794   0x00000038   Code   RO          530    i.EXTI2_IRQHandler  exti.o
    0x080007cc   0x080007cc   0x00000038   Code   RO          531    i.EXTI3_IRQHandler  exti.o
    0x08000804   0x08000804   0x00000038   Code   RO          532    i.EXTI4_IRQHandler  exti.o
    0x0800083c   0x0800083c   0x00000042   Code   RO          533    i.EXTI8_Init        exti.o
    0x0800087e   0x0800087e   0x00000002   PAD
    0x08000880   0x08000880   0x00000048   Code   RO          534    i.EXTI9_5_IRQHandler  exti.o
    0x080008c8   0x080008c8   0x0000000c   Code   RO         1662    i.EXTI_ClearITPendingBit  stm32f10x_exti.o
    0x080008d4   0x080008d4   0x00000020   Code   RO         1666    i.EXTI_GetITStatus  stm32f10x_exti.o
    0x080008f4   0x080008f4   0x00000070   Code   RO         1667    i.EXTI_Init         stm32f10x_exti.o
    0x08000964   0x08000964   0x00000020   Code   RO         1058    i.FSMC_NORSRAMCmd   stm32f10x_fsmc.o
    0x08000984   0x08000984   0x000000c8   Code   RO         1060    i.FSMC_NORSRAMInit  stm32f10x_fsmc.o
    0x08000a4c   0x08000a4c   0x00000028   Code   RO         1170    i.GPIO_EXTILineConfig  stm32f10x_gpio.o
    0x08000a74   0x08000a74   0x0000009c   Code   RO         1173    i.GPIO_Init         stm32f10x_gpio.o
    0x08000b10   0x08000b10   0x00000058   Code   RO         1175    i.GPIO_PinRemapConfig  stm32f10x_gpio.o
    0x08000b68   0x08000b68   0x0000000e   Code   RO         1177    i.GPIO_ReadInputDataBit  stm32f10x_gpio.o
    0x08000b76   0x08000b76   0x00000004   Code   RO         1180    i.GPIO_ResetBits    stm32f10x_gpio.o
    0x08000b7a   0x08000b7a   0x00000004   Code   RO         1181    i.GPIO_SetBits      stm32f10x_gpio.o
    0x08000b7e   0x08000b7e   0x00000002   Code   RO          139    i.HardFault_Handler  stm32f10x_it.o
    0x08000b80   0x08000b80   0x0000003c   Code   RO          261    i.KEY_Init          key.o
    0x08000bbc   0x08000bbc   0x000000cc   Code   RO          262    i.KEY_Scan          key.o
    0x08000c88   0x08000c88   0x00000030   Code   RO          281    i.LCD_Clear         lcd.o
    0x08000cb8   0x08000cb8   0x000000b8   Code   RO          285    i.LCD_Display_Dir   lcd.o
    0x08000d70   0x08000d70   0x000000ac   Code   RO          290    i.LCD_Fast_DrawPoint  lcd.o
    0x08000e1c   0x08000e1c   0x00000048   Code   RO          291    i.LCD_Fill          lcd.o
    0x08000e64   0x08000e64   0x00001e3c   Code   RO          292    i.LCD_Init          lcd.o
    0x08002ca0   0x08002ca0   0x00000014   Code   RO          294    i.LCD_RD_DATA       lcd.o
    0x08002cb4   0x08002cb4   0x0000003c   Code   RO          297    i.LCD_SSD_BackLightSet  lcd.o
    0x08002cf0   0x08002cf0   0x00000144   Code   RO          298    i.LCD_Scan_Dir      lcd.o
    0x08002e34   0x08002e34   0x000000b4   Code   RO          299    i.LCD_SetCursor     lcd.o
    0x08002ee8   0x08002ee8   0x00000130   Code   RO          300    i.LCD_Set_Window    lcd.o
    0x08003018   0x08003018   0x000000cc   Code   RO          301    i.LCD_ShowChar      lcd.o
    0x080030e4   0x080030e4   0x00000054   Code   RO          303    i.LCD_ShowString    lcd.o
    0x08003138   0x08003138   0x00000014   Code   RO          308    i.LCD_WriteRAM_Prepare  lcd.o
    0x0800314c   0x0800314c   0x00000010   Code   RO          309    i.LCD_WriteReg      lcd.o
    0x0800315c   0x0800315c   0x00000050   Code   RO          249    i.LED_Init          led.o
    0x080031ac   0x080031ac   0x00000002   Code   RO          140    i.MemManage_Handler  stm32f10x_it.o
    0x080031ae   0x080031ae   0x00000002   Code   RO          141    i.NMI_Handler       stm32f10x_it.o
    0x080031b0   0x080031b0   0x0000004c   Code   RO          805    i.NRF24L01_Check    24l01.o
    0x080031fc   0x080031fc   0x000000d4   Code   RO          806    i.NRF24L01_Init     24l01.o
    0x080032d0   0x080032d0   0x00000058   Code   RO          807    i.NRF24L01_RX_Mode  24l01.o
    0x08003328   0x08003328   0x0000003c   Code   RO          808    i.NRF24L01_Read_Buf  24l01.o
    0x08003364   0x08003364   0x00000024   Code   RO          809    i.NRF24L01_Read_Reg  24l01.o
    0x08003388   0x08003388   0x00000038   Code   RO          810    i.NRF24L01_RxPacket  24l01.o
    0x080033c0   0x080033c0   0x00000064   Code   RO          811    i.NRF24L01_TX_Mode  24l01.o
    0x08003424   0x08003424   0x0000005c   Code   RO          812    i.NRF24L01_TxPacket  24l01.o
    0x08003480   0x08003480   0x0000003c   Code   RO          813    i.NRF24L01_Write_Buf  24l01.o
    0x080034bc   0x080034bc   0x0000002c   Code   RO          814    i.NRF24L01_Write_Reg  24l01.o
    0x080034e8   0x080034e8   0x00000064   Code   RO         1011    i.NVIC_Init         misc.o
    0x0800354c   0x0800354c   0x00000014   Code   RO         1012    i.NVIC_PriorityGroupConfig  misc.o
    0x08003560   0x08003560   0x00000026   Code   RO          697    i.OV7670_Brightness  ov7670.o
    0x08003586   0x08003586   0x00000072   Code   RO          698    i.OV7670_Color_Saturation  ov7670.o
    0x080035f8   0x080035f8   0x00000026   Code   RO          699    i.OV7670_Contrast   ov7670.o
    0x0800361e   0x0800361e   0x00000002   PAD
    0x08003620   0x08003620   0x00000110   Code   RO          700    i.OV7670_Init       ov7670.o
    0x08003730   0x08003730   0x0000007e   Code   RO          701    i.OV7670_Light_Mode  ov7670.o
    0x080037ae   0x080037ae   0x00000080   Code   RO          702    i.OV7670_Special_Effects  ov7670.o
    0x0800382e   0x0800382e   0x0000006e   Code   RO          703    i.OV7670_Window_Set  ov7670.o
    0x0800389c   0x0800389c   0x0000011c   Code   RO            1    i.OV7670_camera_refresh  main.o
    0x080039b8   0x080039b8   0x0000004e   Code   RO          751    i.OV7725_Brightness  ov7725.o
    0x08003a06   0x08003a06   0x00000022   Code   RO          752    i.OV7725_Color_Saturation  ov7725.o
    0x08003a28   0x08003a28   0x00000016   Code   RO          753    i.OV7725_Contrast   ov7725.o
    0x08003a3e   0x08003a3e   0x00000002   PAD
    0x08003a40   0x08003a40   0x0000015c   Code   RO          754    i.OV7725_Init       ov7725.o
    0x08003b9c   0x08003b9c   0x00000098   Code   RO          755    i.OV7725_Light_Mode  ov7725.o
    0x08003c34   0x08003c34   0x0000008a   Code   RO          756    i.OV7725_Special_Effects  ov7725.o
    0x08003cbe   0x08003cbe   0x00000146   Code   RO          757    i.OV7725_Window_Set  ov7725.o
    0x08003e04   0x08003e04   0x00000164   Code   RO            2    i.OV7725_camera_refresh  main.o
    0x08003f68   0x08003f68   0x00000002   Code   RO          142    i.PendSV_Handler    stm32f10x_it.o
    0x08003f6a   0x08003f6a   0x00000002   PAD
    0x08003f6c   0x08003f6c   0x00000018   Code   RO         1282    i.RCC_AHBPeriphClockCmd  stm32f10x_rcc.o
    0x08003f84   0x08003f84   0x00000018   Code   RO         1283    i.RCC_APB1PeriphClockCmd  stm32f10x_rcc.o
    0x08003f9c   0x08003f9c   0x00000018   Code   RO         1285    i.RCC_APB2PeriphClockCmd  stm32f10x_rcc.o
    0x08003fb4   0x08003fb4   0x00000094   Code   RO         1293    i.RCC_GetClocksFreq  stm32f10x_rcc.o
    0x08004048   0x08004048   0x0000006c   Code   RO          641    i.SCCB_Init         sccb.o
    0x080040b4   0x080040b4   0x00000044   Code   RO          642    i.SCCB_No_Ack       sccb.o
    0x080040f8   0x080040f8   0x00000074   Code   RO          643    i.SCCB_RD_Byte      sccb.o
    0x0800416c   0x0800416c   0x0000004c   Code   RO          644    i.SCCB_RD_Reg       sccb.o
    0x080041b8   0x080041b8   0x00000034   Code   RO          645    i.SCCB_Start        sccb.o
    0x080041ec   0x080041ec   0x00000038   Code   RO          646    i.SCCB_Stop         sccb.o
    0x08004224   0x08004224   0x00000090   Code   RO          647    i.SCCB_WR_Byte      sccb.o
    0x080042b4   0x080042b4   0x0000003e   Code   RO          648    i.SCCB_WR_Reg       sccb.o
    0x080042f2   0x080042f2   0x00000002   PAD
    0x080042f4   0x080042f4   0x00000094   Code   RO          873    i.SPI2_Init         spi.o
    0x08004388   0x08004388   0x00000050   Code   RO          874    i.SPI2_ReadWriteByte  spi.o
    0x080043d8   0x080043d8   0x0000001c   Code   RO          875    i.SPI2_SetSpeed     spi.o
    0x080043f4   0x080043f4   0x00000014   Code   RO         2253    i.SPI_Cmd           stm32f10x_spi.o
    0x08004408   0x08004408   0x0000000e   Code   RO         2261    i.SPI_I2S_GetFlagStatus  stm32f10x_spi.o
    0x08004416   0x08004416   0x00000004   Code   RO         2264    i.SPI_I2S_ReceiveData  stm32f10x_spi.o
    0x0800441a   0x0800441a   0x00000004   Code   RO         2265    i.SPI_I2S_SendData  stm32f10x_spi.o
    0x0800441e   0x0800441e   0x00000038   Code   RO         2266    i.SPI_Init          stm32f10x_spi.o
    0x08004456   0x08004456   0x00000002   Code   RO          143    i.SVC_Handler       stm32f10x_it.o
    0x08004458   0x08004458   0x000000a8   Code   RO          220    i.SetSysClockTo72   system_stm32f10x.o
    0x08004500   0x08004500   0x00000018   Code   RO         1015    i.SysTick_CLKSourceConfig  misc.o
    0x08004518   0x08004518   0x00000002   Code   RO          144    i.SysTick_Handler   stm32f10x_it.o
    0x0800451a   0x0800451a   0x00000002   PAD
    0x0800451c   0x0800451c   0x00000050   Code   RO          222    i.SystemInit        system_stm32f10x.o
    0x0800456c   0x0800456c   0x0000006c   Code   RO         1715    i.TI1_Config        stm32f10x_tim.o
    0x080045d8   0x080045d8   0x0000007c   Code   RO         1716    i.TI2_Config        stm32f10x_tim.o
    0x08004654   0x08004654   0x00000034   Code   RO          584    i.TIM3_IRQHandler   timer.o
    0x08004688   0x08004688   0x0000003c   Code   RO         2392    i.TIM4_IRQHandler   usmart.o
    0x080046c4   0x080046c4   0x00000080   Code   RO          477    i.TIM5_CH2_Cap_Init  tpad.o
    0x08004744   0x08004744   0x00000088   Code   RO          588    i.TIM5_IRQHandler   timer.o
    0x080047cc   0x080047cc   0x00000040   Code   RO          589    i.TIM6_IRQHandler   timer.o
    0x0800480c   0x0800480c   0x00000060   Code   RO          590    i.TIM6_Int_Init     timer.o
    0x0800486c   0x0800486c   0x00000006   Code   RO         1723    i.TIM_ClearFlag     stm32f10x_tim.o
    0x08004872   0x08004872   0x00000006   Code   RO         1724    i.TIM_ClearITPendingBit  stm32f10x_tim.o
    0x08004878   0x08004878   0x00000014   Code   RO         1729    i.TIM_Cmd           stm32f10x_tim.o
    0x0800488c   0x0800488c   0x00000004   Code   RO         1744    i.TIM_GetCapture1   stm32f10x_tim.o
    0x08004890   0x08004890   0x00000004   Code   RO         1745    i.TIM_GetCapture2   stm32f10x_tim.o
    0x08004894   0x08004894   0x00000004   Code   RO         1748    i.TIM_GetCounter    stm32f10x_tim.o
    0x08004898   0x08004898   0x0000000e   Code   RO         1749    i.TIM_GetFlagStatus  stm32f10x_tim.o
    0x080048a6   0x080048a6   0x00000018   Code   RO         1750    i.TIM_GetITStatus   stm32f10x_tim.o
    0x080048be   0x080048be   0x00000002   PAD
    0x080048c0   0x080048c0   0x0000012c   Code   RO         1752    i.TIM_ICInit        stm32f10x_tim.o
    0x080049ec   0x080049ec   0x00000010   Code   RO         1754    i.TIM_ITConfig      stm32f10x_tim.o
    0x080049fc   0x080049fc   0x0000000c   Code   RO         1760    i.TIM_OC1PolarityConfig  stm32f10x_tim.o
    0x08004a08   0x08004a08   0x00000004   Code   RO         1788    i.TIM_SetAutoreload  stm32f10x_tim.o
    0x08004a0c   0x08004a0c   0x00000004   Code   RO         1794    i.TIM_SetCounter    stm32f10x_tim.o
    0x08004a10   0x08004a10   0x00000010   Code   RO         1795    i.TIM_SetIC1Prescaler  stm32f10x_tim.o
    0x08004a20   0x08004a20   0x00000018   Code   RO         1796    i.TIM_SetIC2Prescaler  stm32f10x_tim.o
    0x08004a38   0x08004a38   0x00000010   Code   RO         1797    i.TIM_SetIC3Prescaler  stm32f10x_tim.o
    0x08004a48   0x08004a48   0x00000018   Code   RO         1798    i.TIM_SetIC4Prescaler  stm32f10x_tim.o
    0x08004a60   0x08004a60   0x0000009c   Code   RO         1800    i.TIM_TimeBaseInit  stm32f10x_tim.o
    0x08004afc   0x08004afc   0x0000001c   Code   RO          478    i.TPAD_Get_MaxVal   tpad.o
    0x08004b18   0x08004b18   0x0000003c   Code   RO          479    i.TPAD_Get_Val      tpad.o
    0x08004b54   0x08004b54   0x000000a8   Code   RO          480    i.TPAD_Init         tpad.o
    0x08004bfc   0x08004bfc   0x00000060   Code   RO          481    i.TPAD_Reset        tpad.o
    0x08004c5c   0x08004c5c   0x00000040   Code   RO          482    i.TPAD_Scan         tpad.o
    0x08004c9c   0x08004c9c   0x00000060   Code   RO         2393    i.Timer4_Init       usmart.o
    0x08004cfc   0x08004cfc   0x00000064   Code   RO          952    i.USART1_IRQHandler  usart.o
    0x08004d60   0x08004d60   0x00000014   Code   RO         1485    i.USART_Cmd         stm32f10x_usart.o
    0x08004d74   0x08004d74   0x0000003e   Code   RO         1489    i.USART_GetITStatus  stm32f10x_usart.o
    0x08004db2   0x08004db2   0x00000030   Code   RO         1491    i.USART_ITConfig    stm32f10x_usart.o
    0x08004de2   0x08004de2   0x00000002   PAD
    0x08004de4   0x08004de4   0x000000ac   Code   RO         1492    i.USART_Init        stm32f10x_usart.o
    0x08004e90   0x08004e90   0x00000008   Code   RO         1499    i.USART_ReceiveData  stm32f10x_usart.o
    0x08004e98   0x08004e98   0x00000002   Code   RO          145    i.UsageFault_Handler  stm32f10x_it.o
    0x08004e9a   0x08004e9a   0x0000000e   Code   RO         2603    i._is_digit         c_w.l(__printf_wp.o)
    0x08004ea8   0x08004ea8   0x00000002   Code   RO          953    i._sys_exit         usart.o
    0x08004eaa   0x08004eaa   0x00000002   PAD
    0x08004eac   0x08004eac   0x0000003c   Code   RO          897    i.delay_init        delay.o
    0x08004ee8   0x08004ee8   0x00000034   Code   RO          898    i.delay_ms          delay.o
    0x08004f1c   0x08004f1c   0x00000034   Code   RO          899    i.delay_us          delay.o
    0x08004f50   0x08004f50   0x00000018   Code   RO          954    i.fputc             usart.o
    0x08004f68   0x08004f68   0x000005c8   Code   RO            3    i.main              main.o
    0x08005530   0x08005530   0x00000004   Code   RO         2394    i.read_addr         usmart.o
    0x08005534   0x08005534   0x000000a0   Code   RO          955    i.uart_init         usart.o
    0x080055d4   0x080055d4   0x00000094   Code   RO         2395    i.usmart_cmd_rec    usmart.o
    0x08005668   0x08005668   0x00000260   Code   RO         2396    i.usmart_exe        usmart.o
    0x080058c8   0x080058c8   0x0000009c   Code   RO         2485    i.usmart_get_aparm  usmart_str.o
    0x08005964   0x08005964   0x0000002e   Code   RO         2486    i.usmart_get_cmdname  usmart_str.o
    0x08005992   0x08005992   0x00000002   PAD
    0x08005994   0x08005994   0x00000168   Code   RO         2487    i.usmart_get_fname  usmart_str.o
    0x08005afc   0x08005afc   0x000000d0   Code   RO         2488    i.usmart_get_fparam  usmart_str.o
    0x08005bcc   0x08005bcc   0x00000024   Code   RO         2489    i.usmart_get_parmpos  usmart_str.o
    0x08005bf0   0x08005bf0   0x00000038   Code   RO         2397    i.usmart_get_runtime  usmart.o
    0x08005c28   0x08005c28   0x00000028   Code   RO         2398    i.usmart_init       usmart.o
    0x08005c50   0x08005c50   0x00000010   Code   RO         2490    i.usmart_pow        usmart_str.o
    0x08005c60   0x08005c60   0x00000030   Code   RO         2399    i.usmart_reset_runtime  usmart.o
    0x08005c90   0x08005c90   0x000000a4   Code   RO         2400    i.usmart_scan       usmart.o
    0x08005d34   0x08005d34   0x00000010   Code   RO         2491    i.usmart_search_nextc  usmart_str.o
    0x08005d44   0x08005d44   0x000000a0   Code   RO         2492    i.usmart_str2num    usmart_str.o
    0x08005de4   0x08005de4   0x00000018   Code   RO         2493    i.usmart_strcmp     usmart_str.o
    0x08005dfc   0x08005dfc   0x00000012   Code   RO         2494    i.usmart_strcopy    usmart_str.o
    0x08005e0e   0x08005e0e   0x00000012   Code   RO         2495    i.usmart_strlen     usmart_str.o
    0x08005e20   0x08005e20   0x00000670   Code   RO         2401    i.usmart_sys_cmd_exe  usmart.o
    0x08006490   0x08006490   0x00000004   Code   RO         2402    i.write_addr        usmart.o
    0x08006494   0x08006494   0x0000005a   Code   RO         2623    x$fpl$dfixu         fz_ws.l(dfixu.o)
    0x080064ee   0x080064ee   0x00000026   Code   RO         2627    x$fpl$dfltu         fz_ws.l(dflt_clz.o)
    0x08006514   0x08006514   0x00000154   Code   RO         2633    x$fpl$dmul          fz_ws.l(dmul.o)
    0x08006668   0x08006668   0x0000009c   Code   RO         2649    x$fpl$dnaninf       fz_ws.l(dnaninf.o)
    0x08006704   0x08006704   0x0000000c   Code   RO         2651    x$fpl$dretinf       fz_ws.l(dretinf.o)
    0x08006710   0x08006710   0x00000000   Code   RO         2653    x$fpl$usenofp       fz_ws.l(usenofp.o)
    0x08006710   0x08006710   0x000017c0   Data   RO          312    .constdata          lcd.o
    0x08007ed0   0x08007ed0   0x00000150   Data   RO          704    .constdata          ov7670.o
    0x08008020   0x08008020   0x00000082   Data   RO          758    .constdata          ov7725.o
    0x080080a2   0x080080a2   0x0000000a   Data   RO          815    .constdata          24l01.o
    0x080080ac   0x080080ac   0x00000028   Data   RO         2576    .constdata          c_w.l(_printf_hex_int.o)
    0x080080d4   0x080080d4   0x00000011   Data   RO         2611    .constdata          c_w.l(__printf_flags_ss_wp.o)
    0x080080e5   0x080080e5   0x00000003   PAD
    0x080080e8   0x080080e8   0x0000006a   Data   RO            5    .conststring        main.o
    0x08008152   0x08008152   0x00000002   PAD
    0x08008154   0x08008154   0x00000028   Data   RO         2403    .conststring        usmart.o
    0x0800817c   0x0800817c   0x00000117   Data   RO         2468    .conststring        usmart_config.o
    0x08008293   0x08008293   0x00000001   PAD
    0x08008294   0x08008294   0x00000020   Data   RO         2808    Region$$Table       anon$$obj.o


    Execution Region RW_IRAM1 (Exec base: 0x20000000, Load base: 0x080082b4, Size: 0x00000728, Max: 0x00010000, ABSOLUTE, COMPRESSED[0x000000a8])

    Exec Addr    Load Addr    Size         Type   Attr      Idx    E Section Name        Object

    0x20000000   COMPRESSED   0x00000038   Data   RW            6    .data               main.o
    0x20000038   COMPRESSED   0x00000014   Data   RW          223    .data               system_stm32f10x.o
    0x2000004c   COMPRESSED   0x00000001   Data   RW          263    .data               key.o
    0x2000004d   COMPRESSED   0x00000001   PAD
    0x2000004e   COMPRESSED   0x00000004   Data   RW          313    .data               lcd.o
    0x20000052   COMPRESSED   0x00000004   Data   RW          483    .data               tpad.o
    0x20000056   COMPRESSED   0x00000001   Data   RW          536    .data               exti.o
    0x20000057   COMPRESSED   0x00000001   PAD
    0x20000058   COMPRESSED   0x00000004   Data   RW          592    .data               timer.o
    0x2000005c   COMPRESSED   0x00000004   Data   RW          900    .data               delay.o
    0x20000060   COMPRESSED   0x00000002   Data   RW          957    .data               usart.o
    0x20000062   COMPRESSED   0x00000002   PAD
    0x20000064   COMPRESSED   0x00000004   Data   RW          958    .data               usart.o
    0x20000068   COMPRESSED   0x00000014   Data   RW         1313    .data               stm32f10x_rcc.o
    0x2000007c   COMPRESSED   0x0000001c   Data   RW         2404    .data               usmart.o
    0x20000098   COMPRESSED   0x00000040   Data   RW         2469    .data               usmart_config.o
    0x200000d8   COMPRESSED   0x000000f4   Data   RW         2470    .data               usmart_config.o
    0x200001cc        -       0x00000021   Zero   RW            4    .bss                main.o
    0x200001ed   COMPRESSED   0x00000001   PAD
    0x200001ee        -       0x0000000e   Zero   RW          311    .bss                lcd.o
    0x200001fc        -       0x000000c8   Zero   RW          956    .bss                usart.o
    0x200002c4        -       0x00000060   Zero   RW         2686    .bss                c_w.l(libspace.o)
    0x20000324   COMPRESSED   0x00000004   PAD
    0x20000328        -       0x00000000   Zero   RW         1005    HEAP                startup_stm32f10x_hd.o
    0x20000328        -       0x00000400   Zero   RW         1004    STACK               startup_stm32f10x_hd.o


==============================================================================

Image component sizes


      Code (inc. data)   RO Data    RW Data    ZI Data      Debug   Object Name

       824         74         10          0          0       6751   24l01.o
       164         26          0          4          0       1607   delay.o
       362         50          0          1          0       3167   exti.o
       264         22          0          1          0       1186   key.o
      9428        164       6080          4         14      49387   lcd.o
        80         10          0          0          0        479   led.o
      2120        464        106         56         33     274145   main.o
       144         16          0          0          0       1977   misc.o
       826         62        336          0          0       4905   ov7670.o
      1098         76        130          0          0       7193   ov7725.o
       682         66          0          0          0       4683   sccb.o
       256         18          0          0          0       1709   spi.o
        60         22        304          0       1024        776   startup_stm32f10x_hd.o
       156         14          0          0          0       2124   stm32f10x_exti.o
       232          6          0          0          0       1805   stm32f10x_fsmc.o
       306         12          0          0          0       5012   stm32f10x_gpio.o
        18          0          0          0          0       3442   stm32f10x_it.o
       220         34          0         20          0       4938   stm32f10x_rcc.o
        98          0          0          0          0       3694   stm32f10x_spi.o
       886        106          0          0          0      13412   stm32f10x_tim.o
       310          6          0          0          0       5030   stm32f10x_usart.o
         0          0          0          0          0         32   sys.o
       248         24          0         20          0       1617   system_stm32f10x.o
       348         46          0          4          0       2514   timer.o
       544         58          0          4          0       4489   tpad.o
       286         26          0          6        200       4012   usart.o
      2876       1332         40         28          0       7366   usmart.o
         0          0        279        308          0       1600   usmart_config.o
      1058         20          0          0          0       8707   usmart_str.o

    ----------------------------------------------------------------------
     23914       2754       7320        460       1272     427759   Object Totals
         0          0         32          0          0          0   (incl. Generated)
        20          0          3          4          1          0   (incl. Padding)

    ----------------------------------------------------------------------

      Code (inc. data)   RO Data    RW Data    ZI Data      Debug   Library Member Name

        90          0          0          0          0          0   __dczerorl2.o
         8          0          0          0          0         68   __main.o
       392          4         17          0          0         92   __printf_flags_ss_wp.o
        14          0          0          0          0         68   __printf_wp.o
         0          0          0          0          0          0   __rtentry.o
        12          0          0          0          0          0   __rtentry2.o
         6          0          0          0          0          0   __rtentry4.o
        52          8          0          0          0          0   __scatter.o
        28          0          0          0          0          0   __scatter_zi.o
         6          0          0          0          0          0   _printf_c.o
        44          0          0          0          0        108   _printf_char.o
        48          6          0          0          0         96   _printf_char_common.o
        36          4          0          0          0         80   _printf_char_file.o
         6          0          0          0          0          0   _printf_d.o
       120         16          0          0          0         92   _printf_dec.o
        88          4         40          0          0         88   _printf_hex_int.o
       178          0          0          0          0         88   _printf_intcommon.o
        78          0          0          0          0        108   _printf_pad.o
         0          0          0          0          0          0   _printf_percent.o
         4          0          0          0          0          0   _printf_percent_end.o
         6          0          0          0          0          0   _printf_s.o
        82          0          0          0          0         80   _printf_str.o
         6          0          0          0          0          0   _printf_u.o
         6          0          0          0          0          0   _printf_x.o
        10          0          0          0          0         68   _sputc.o
        18          0          0          0          0         80   exit.o
         8          0          0          0          0         68   ferror.o
         6          0          0          0          0        152   heapauxi.o
         2          0          0          0          0          0   libinit.o
         2          0          0          0          0          0   libinit2.o
         2          0          0          0          0          0   libshutdown.o
         2          0          0          0          0          0   libshutdown2.o
         8          4          0          0         96         68   libspace.o
        24          4          0          0          0         84   noretval__2printf.o
        40          6          0          0          0         84   noretval__2sprintf.o
         2          0          0          0          0          0   rtexit.o
        10          0          0          0          0          0   rtexit2.o
        74          0          0          0          0         80   sys_stackheap_outer.o
         2          0          0          0          0         68   use_no_semi.o
         2          0          0          0          0         68   use_no_semi_2.o
        90          4          0          0          0         92   dfixu.o
        38          0          0          0          0         68   dflt_clz.o
       340         12          0          0          0        104   dmul.o
       156          4          0          0          0         92   dnaninf.o
        12          0          0          0          0         68   dretinf.o
         0          0          0          0          0          0   usenofp.o

    ----------------------------------------------------------------------
      2166         76         60          0        100       2212   Library Totals
         8          0          3          0          4          0   (incl. Padding)

    ----------------------------------------------------------------------

      Code (inc. data)   RO Data    RW Data    ZI Data      Debug   Library Name

      1522         56         57          0         96       1788   c_w.l
       636         20          0          0          0        424   fz_ws.l

    ----------------------------------------------------------------------
      2166         76         60          0        100       2212   Library Totals

    ----------------------------------------------------------------------

==============================================================================


      Code (inc. data)   RO Data    RW Data    ZI Data      Debug   

     26080       2830       7380        460       1372     420867   Grand Totals
     26080       2830       7380        168       1372     420867   ELF Image Totals (compressed)
     26080       2830       7380        168          0          0   ROM Totals

==============================================================================

    Total RO  Size (Code + RO Data)                33460 (  32.68kB)
    Total RW  Size (RW Data + ZI Data)              1832 (   1.79kB)
    Total ROM Size (Code + RO Data + RW Data)      33628 (  32.84kB)

==============================================================================

