<html>
<body>
<pre>
<h1>礦ision Build Log</h1>
<h2>Tool Versions:</h2>
IDE-Version: μVision V5.31.0.0
Copyright (C) 2020 ARM Ltd and ARM Germany GmbH. All rights reserved.
License Information: yh yh, yhyh, LIC=KRMW3-AFCGM-Y8ZFK-ZJ1QF-0IQF7-HC5R1
 
Tool Versions:
Toolchain:       MDK-ARM Plus  Version: 5.31.0.0
Toolchain Path:  C:\Keil_v5\ARM\ARMCC\Bin
C Compiler:      Armcc.exe V5.06 update 6 (build 750)
Assembler:       Armasm.exe V5.06 update 6 (build 750)
Linker/Locator:  ArmLink.exe V5.06 update 6 (build 750)
Library Manager: ArmAr.exe V5.06 update 6 (build 750)
Hex Converter:   FromElf.exe V5.06 update 6 (build 750)
CPU DLL:         SARMCM3.DLL V5.31.0.0
Dialog DLL:      DARMSTM.DLL V1.68.0.0
Target DLL:      Segger\JL2CM3.dll V2.99.38.0
Dialog DLL:      TARMSTM.DLL V1.66.0.0
 
<h2>Project:</h2>
C:\Users\yh\Desktop\NRF24L01视频传输\接收\PROJECT\test.uvproj
Project File Date:  05/25/2024

<h2>Output:</h2>
*** Using Compiler 'V5.06 update 6 (build 750)', folder: 'C:\Keil_v5\ARM\ARMCC\Bin'
Build target 'Target 1'
compiling stm32f10x_it.c...
compiling led.c...
compiling main.c...
compiling 24cxx.c...
compiling buzzer.c...
compiling myiic.c...
compiling spi.c...
compiling R61509V.c...
compiling sram.c...
compiling flash.c...
compiling touch.c...
compiling ch375.c...
compiling VS10XX.c...
compiling 24l01.c...
compiling sdio_sd.c...
compiling diskio.c...
compiling mycc936.c...
compiling explorer.c...
compiling mp3player.c...
compiling display_hazi.c...
compiling fontupd.c...
compiling show_picture.c...
compiling bmp.c...
linking...
Program Size: Code=7332 RO-data=472 RW-data=76 ZI-data=206476  
FromELF: creating hex file...
".\obj\test.axf" - 0 Error(s), 0 Warning(s).
Build Time Elapsed:  00:00:05
</pre>
</body>
</html>
